Component: Arm Compiler for Embedded 6.21 Tool: armlink [5ec1fa00]

==============================================================================

Section Cross References

    startup_stm32l432xx.o(STACK) refers (Special) to heapauxi.o(.text) for __use_two_region_memory
    startup_stm32l432xx.o(HEAP) refers (Special) to heapauxi.o(.text) for __use_two_region_memory
    startup_stm32l432xx.o(RESET) refers (Special) to heapauxi.o(.text) for __use_two_region_memory
    startup_stm32l432xx.o(RESET) refers to startup_stm32l432xx.o(STACK) for __initial_sp
    startup_stm32l432xx.o(RESET) refers to startup_stm32l432xx.o(.text) for Reset_Handler
    startup_stm32l432xx.o(RESET) refers to stm32l4xx_it.o(.text.NMI_Handler) for NMI_Handler
    startup_stm32l432xx.o(RESET) refers to stm32l4xx_it.o(.text.HardFault_Handler) for HardFault_Handler
    startup_stm32l432xx.o(RESET) refers to stm32l4xx_it.o(.text.MemManage_Handler) for MemManage_Handler
    startup_stm32l432xx.o(RESET) refers to stm32l4xx_it.o(.text.BusFault_Handler) for BusFault_Handler
    startup_stm32l432xx.o(RESET) refers to stm32l4xx_it.o(.text.UsageFault_Handler) for UsageFault_Handler
    startup_stm32l432xx.o(RESET) refers to stm32l4xx_it.o(.text.DebugMon_Handler) for DebugMon_Handler
    startup_stm32l432xx.o(RESET) refers to tx_thread_schedule.o(.text) for PendSV_Handler
    startup_stm32l432xx.o(RESET) refers to tx_initialize_low_level.o(.text) for SysTick_Handler
    startup_stm32l432xx.o(RESET) refers to stm32l4xx_it.o(.text.EXTI1_IRQHandler) for EXTI1_IRQHandler
    startup_stm32l432xx.o(.text) refers (Special) to heapauxi.o(.text) for __use_two_region_memory
    startup_stm32l432xx.o(.text) refers to system_stm32l4xx.o(.text.SystemInit) for SystemInit
    startup_stm32l432xx.o(.text) refers to __main.o(!!!main) for __main
    startup_stm32l432xx.o(.text) refers to startup_stm32l432xx.o(HEAP) for Heap_Mem
    startup_stm32l432xx.o(.text) refers to startup_stm32l432xx.o(STACK) for Stack_Mem
    main.o(.text.main) refers to stm32l4xx_hal.o(.text.HAL_Init) for HAL_Init
    main.o(.text.main) refers to main.o(.text.SystemClock_Config) for SystemClock_Config
    main.o(.text.main) refers to gpio.o(.text.MX_GPIO_Init) for MX_GPIO_Init
    main.o(.text.main) refers to i2c.o(.text.MX_I2C1_Init) for MX_I2C1_Init
    main.o(.text.main) refers to app_threadx.o(.text.MX_ThreadX_Init) for MX_ThreadX_Init
    main.o(.ARM.exidx.text.main) refers to main.o(.text.main) for [Anonymous Symbol]
    main.o(.text.SystemClock_Config) refers to rt_memclr_w.o(.text) for __aeabi_memclr4
    main.o(.text.SystemClock_Config) refers to stm32l4xx_hal_pwr_ex.o(.text.HAL_PWREx_ControlVoltageScaling) for HAL_PWREx_ControlVoltageScaling
    main.o(.text.SystemClock_Config) refers to main.o(.text.Error_Handler) for Error_Handler
    main.o(.text.SystemClock_Config) refers to stm32l4xx_hal_rcc.o(.text.HAL_RCC_OscConfig) for HAL_RCC_OscConfig
    main.o(.text.SystemClock_Config) refers to stm32l4xx_hal_rcc.o(.text.HAL_RCC_ClockConfig) for HAL_RCC_ClockConfig
    main.o(.ARM.exidx.text.SystemClock_Config) refers to main.o(.text.SystemClock_Config) for [Anonymous Symbol]
    main.o(.ARM.exidx.text.Error_Handler) refers to main.o(.text.Error_Handler) for [Anonymous Symbol]
    tx_initialize_low_level.o(.text) refers (Special) to tx_initialize_high_level.o(.bss._tx_initialize_unused_memory) for _tx_initialize_unused_memory
    tx_initialize_low_level.o(.text) refers (Special) to __main.o(!!!main) for __main
    tx_initialize_low_level.o(.text) refers (Special) to tx_thread_schedule.o(.text) for __tx_PendSVHandler
    tx_initialize_low_level.o(.text) refers to startup_stm32l432xx.o(RESET) for __Vectors
    tx_initialize_low_level.o(.text) refers to tx_thread_initialize.o(.bss._tx_thread_system_stack_ptr) for _tx_thread_system_stack_ptr
    tx_initialize_low_level.o(.text) refers to tx_timer_interrupt.o(.text) for _tx_timer_interrupt
    gpio.o(.text.MX_GPIO_Init) refers to stm32l4xx_hal_gpio.o(.text.HAL_GPIO_WritePin) for HAL_GPIO_WritePin
    gpio.o(.text.MX_GPIO_Init) refers to stm32l4xx_hal_gpio.o(.text.HAL_GPIO_Init) for HAL_GPIO_Init
    gpio.o(.text.MX_GPIO_Init) refers to stm32l4xx_hal_cortex.o(.text.HAL_NVIC_SetPriority) for HAL_NVIC_SetPriority
    gpio.o(.text.MX_GPIO_Init) refers to stm32l4xx_hal_cortex.o(.text.HAL_NVIC_EnableIRQ) for HAL_NVIC_EnableIRQ
    gpio.o(.ARM.exidx.text.MX_GPIO_Init) refers to gpio.o(.text.MX_GPIO_Init) for [Anonymous Symbol]
    app_threadx.o(.text.App_ThreadX_Init) refers to appmain.o(.text.AppMain) for AppMain
    app_threadx.o(.ARM.exidx.text.App_ThreadX_Init) refers to app_threadx.o(.text.App_ThreadX_Init) for [Anonymous Symbol]
    app_threadx.o(.text.MX_ThreadX_Init) refers to tx_initialize_kernel_enter.o(.text._tx_initialize_kernel_enter) for _tx_initialize_kernel_enter
    app_threadx.o(.ARM.exidx.text.MX_ThreadX_Init) refers to app_threadx.o(.text.MX_ThreadX_Init) for [Anonymous Symbol]
[...]
    .text                                    0x0800068c   Section        8  libspace.o(.text)
    .text                                    0x08000694   Section        0  sys_exit.o(.text)
    .text                                    0x080006a0   Section        2  use_no_semi.o(.text)
    .text                                    0x080006a2   Section        0  indicate_semi.o(.text)
    [Anonymous Symbol]                       0x080006a4   Section        0  appmain.o(.text.AppMain)
    AppTask10ms                              0x08000719   Thumb Code   114  appmain.o(.text.AppTask10ms)
    [Anonymous Symbol]                       0x08000718   Section        0  appmain.o(.text.AppTask10ms)
    [Anonymous Symbol]                       0x0800078c   Section        0  applowpowermgr.o(.text.App_Sysclock_Restore)
    [Anonymous Symbol]                       0x080007fc   Section        0  app_threadx.o(.text.App_ThreadX_Init)
    [Anonymous Symbol]                       0x08000814   Section        0  app_threadx.o(.text.App_ThreadX_LowPower_Enter)
    [Anonymous Symbol]                       0x0800081c   Section        0  app_threadx.o(.text.App_ThreadX_LowPower_Exit)
    [Anonymous Symbol]                       0x08000834   Section        0  app_threadx.o(.text.App_ThreadX_LowPower_Timer_Adjust)
    [Anonymous Symbol]                       0x08000840   Section        0  app_threadx.o(.text.App_ThreadX_LowPower_Timer_Setup)
    [Anonymous Symbol]                       0x08000854   Section        0  stm32l4xx_it.o(.text.BusFault_Handler)
    [Anonymous Symbol]                       0x08000858   Section        0  stm32l4xx_it.o(.text.DebugMon_Handler)
    [Anonymous Symbol]                       0x0800085c   Section        0  stm32l4xx_it.o(.text.EXTI1_IRQHandler)
    [Anonymous Symbol]                       0x08000868   Section        0  main.o(.text.Error_Handler)
    [Anonymous Symbol]                       0x08000878   Section        0  stm32l4xx_hal.o(.text.HAL_DBGMCU_EnableDBGSleepMode)
    [Anonymous Symbol]                       0x0800088c   Section        0  stm32l4xx_hal_gpio.o(.text.HAL_GPIO_DeInit)
    [Anonymous Symbol]                       0x08000a10   Section        0  appirqcallout.o(.text.HAL_GPIO_EXTI_Callback)
    [Anonymous Symbol]                       0x08000a2c   Section        0  stm32l4xx_hal_gpio.o(.text.HAL_GPIO_EXTI_IRQHandler)
    [Anonymous Symbol]                       0x08000a64   Section        0  stm32l4xx_hal_gpio.o(.text.HAL_GPIO_Init)
    [Anonymous Symbol]                       0x08000d78   Section        0  stm32l4xx_hal_gpio.o(.text.HAL_GPIO_TogglePin)
    [Anonymous Symbol]                       0x08000da0   Section        0  stm32l4xx_hal_gpio.o(.text.HAL_GPIO_WritePin)
    [Anonymous Symbol]                       0x08000dcc   Section        0  appmain.o(.text.HAL_GetTick)
    [Anonymous Symbol]                       0x08000e44   Section        0  stm32l4xx_hal_i2c_ex.o(.text.HAL_I2CEx_ConfigAnalogFilter)
    [Anonymous Symbol]                       0x08000edc   Section        0  stm32l4xx_hal_i2c_ex.o(.text.HAL_I2CEx_ConfigDigitalFilter)
    [Anonymous Symbol]                       0x08000f80   Section        0  stm32l4xx_hal_i2c.o(.text.HAL_I2C_DeInit)
    [Anonymous Symbol]                       0x08000fe0   Section        0  stm32l4xx_hal_i2c.o(.text.HAL_I2C_Init)
    [Anonymous Symbol]                       0x080010f4   Section        0  stm32l4xx_hal_i2c.o(.text.HAL_I2C_Mem_Read)
    [Anonymous Symbol]                       0x08001380   Section        0  stm32l4xx_hal_i2c.o(.text.HAL_I2C_Mem_Write)
    [Anonymous Symbol]                       0x080015f4   Section        0  i2c.o(.text.HAL_I2C_MspDeInit)
    [Anonymous Symbol]                       0x0800163c   Section        0  i2c.o(.text.HAL_I2C_MspInit)
    [Anonymous Symbol]                       0x080016e4   Section        0  stm32l4xx_hal.o(.text.HAL_Init)
    [Anonymous Symbol]                       0x08001718   Section        0  appmain.o(.text.HAL_InitTick)
    [Anonymous Symbol]                       0x08001724   Section        0  stm32l4xx_hal_msp.o(.text.HAL_MspInit)
    [Anonymous Symbol]                       0x08001768   Section        0  stm32l4xx_hal_cortex.o(.text.HAL_NVIC_EnableIRQ)
    [Anonymous Symbol]                       0x0800177c   Section        0  stm32l4xx_hal_cortex.o(.text.HAL_NVIC_SetPriority)
    [Anonymous Symbol]                       0x080017b0   Section        0  stm32l4xx_hal_cortex.o(.text.HAL_NVIC_SetPriorityGrouping)
    [Anonymous Symbol]                       0x080017c0   Section        0  stm32l4xx_hal_pwr_ex.o(.text.HAL_PWREx_ControlVoltageScaling)
    [Anonymous Symbol]                       0x080018a4   Section        0  stm32l4xx_hal_pwr_ex.o(.text.HAL_PWREx_DisableLowPowerRunMode)
    [Anonymous Symbol]                       0x08001938   Section        0  stm32l4xx_hal_pwr_ex.o(.text.HAL_PWREx_EnableLowPowerRunMode)
    [Anonymous Symbol]                       0x0800194c   Section        0  stm32l4xx_hal_pwr_ex.o(.text.HAL_PWREx_GetVoltageRange)
    [Anonymous Symbol]                       0x0800195c   Section        0  stm32l4xx_hal_pwr.o(.text.HAL_PWR_EnterSLEEPMode)
    [Anonymous Symbol]                       0x080019d8   Section        0  stm32l4xx_hal_rcc_ex.o(.text.HAL_RCCEx_PeriphCLKConfig)
    [Anonymous Symbol]                       0x08001e3c   Section        0  stm32l4xx_hal_rcc.o(.text.HAL_RCC_ClockConfig)
    [Anonymous Symbol]                       0x080020e0   Section        0  stm32l4xx_hal_rcc.o(.text.HAL_RCC_DeInit)
    [Anonymous Symbol]                       0x0800225c   Section        0  stm32l4xx_hal_rcc.o(.text.HAL_RCC_GetSysClockFreq)
    [Anonymous Symbol]                       0x080023b8   Section        0  stm32l4xx_hal_rcc.o(.text.HAL_RCC_OscConfig)
    [Anonymous Symbol]                       0x08002e18   Section        0  stm32l4xx_it.o(.text.HardFault_Handler)
    I2C_Flush_TXDR                           0x08002e1d   Thumb Code    64  stm32l4xx_hal_i2c.o(.text.I2C_Flush_TXDR)
    [Anonymous Symbol]                       0x08002e1c   Section        0  stm32l4xx_hal_i2c.o(.text.I2C_Flush_TXDR)
    I2C_IsErrorOccurred                      0x08002e5d   Thumb Code   510  stm32l4xx_hal_i2c.o(.text.I2C_IsErrorOccurred)
    [Anonymous Symbol]                       0x08002e5c   Section        0  stm32l4xx_hal_i2c.o(.text.I2C_IsErrorOccurred)
    I2C_RequestMemoryRead                    0x0800305d   Thumb Code   190  stm32l4xx_hal_i2c.o(.text.I2C_RequestMemoryRead)
    [Anonymous Symbol]                       0x0800305c   Section        0  stm32l4xx_hal_i2c.o(.text.I2C_RequestMemoryRead)
    I2C_RequestMemoryWrite                   0x0800311d   Thumb Code   192  stm32l4xx_hal_i2c.o(.text.I2C_RequestMemoryWrite)
    [Anonymous Symbol]                       0x0800311c   Section        0  stm32l4xx_hal_i2c.o(.text.I2C_RequestMemoryWrite)
    I2C_TransferConfig                       0x080031dd   Thumb Code    84  stm32l4xx_hal_i2c.o(.text.I2C_TransferConfig)
    [Anonymous Symbol]                       0x080031dc   Section        0  stm32l4xx_hal_i2c.o(.text.I2C_TransferConfig)
    I2C_WaitOnFlagUntilTimeout               0x08003231   Thumb Code   174  stm32l4xx_hal_i2c.o(.text.I2C_WaitOnFlagUntilTimeout)
    [Anonymous Symbol]                       0x08003230   Section        0  stm32l4xx_hal_i2c.o(.text.I2C_WaitOnFlagUntilTimeout)
    I2C_WaitOnSTOPFlagUntilTimeout           0x080032e1   Thumb Code   162  stm32l4xx_hal_i2c.o(.text.I2C_WaitOnSTOPFlagUntilTimeout)
    [Anonymous Symbol]                       0x080032e0   Section        0  stm32l4xx_hal_i2c.o(.text.I2C_WaitOnSTOPFlagUntilTimeout)
    I2C_WaitOnTXISFlagUntilTimeout           0x08003385   Thumb Code   172  stm32l4xx_hal_i2c.o(.text.I2C_WaitOnTXISFlagUntilTimeout)
    [Anonymous Symbol]                       0x08003384   Section        0  stm32l4xx_hal_i2c.o(.text.I2C_WaitOnTXISFlagUntilTimeout)
    [Anonymous Symbol]                       0x08003430   Section        0  applowpowermgr.o(.text.LPower_Enter)
    LPower_SysTickTick_Set                   0x0800348d   Thumb Code    92  applowpowermgr.o(.text.LPower_SysTickTick_Set)
    [Anonymous Symbol]                       0x0800348c   Section        0  applowpowermgr.o(.text.LPower_SysTickTick_Set)
    LPower_Sysclock_Set                      0x080034e9   Thumb Code    72  applowpowermgr.o(.text.LPower_Sysclock_Set)
    [Anonymous Symbol]                       0x080034e8   Section        0  applowpowermgr.o(.text.LPower_Sysclock_Set)
    [Anonymous Symbol]                       0x08003530   Section        0  gpio.o(.text.MX_GPIO_Init)
    [Anonymous Symbol]                       0x080035dc   Section        0  i2c.o(.text.MX_I2C1_Init)
    [Anonymous Symbol]                       0x08003654   Section        0  app_threadx.o(.text.MX_ThreadX_Init)
    [Anonymous Symbol]                       0x0800365c   Section        0  stm32l4xx_it.o(.text.MemManage_Handler)
    [Anonymous Symbol]                       0x08003660   Section        0  stm32l4xx_it.o(.text.NMI_Handler)
    NVIC_EncodePriority                      0x08003665   Thumb Code   108  stm32l4xx_hal_cortex.o(.text.NVIC_EncodePriority)
    [Anonymous Symbol]                       0x08003664   Section        0  stm32l4xx_hal_cortex.o(.text.NVIC_EncodePriority)
    RCCEx_PLLSAI1_Config                     0x080036d1   Thumb Code   640  stm32l4xx_hal_rcc_ex.o(.text.RCCEx_PLLSAI1_Config)
    [Anonymous Symbol]                       0x080036d0   Section        0  stm32l4xx_hal_rcc_ex.o(.text.RCCEx_PLLSAI1_Config)
    RCC_SetFlashLatencyFromMSIRange          0x08003951   Thumb Code   238  stm32l4xx_hal_rcc.o(.text.RCC_SetFlashLatencyFromMSIRange)
    [Anonymous Symbol]                       0x08003950   Section        0  stm32l4xx_hal_rcc.o(.text.RCC_SetFlashLatencyFromMSIRange)
    [Anonymous Symbol]                       0x08003a40   Section        0  rx8900_callout.o(.text.RX8900_IIC_Transmit)
    [Anonymous Symbol]                       0x08003ae4   Section        0  rx8900.o(.text.RX8900_Init)
    [Anonymous Symbol]                       0x08003bc4   Section        0  rx8900.o(.text.RX8900_Main_Fun)
    [Anonymous Symbol]                       0x08003c24   Section        0  rx8900.o(.text.RX8900_Process_ISR)
    [Anonymous Symbol]                       0x08003d10   Section        0  rx8900.o(.text.RX8900_Set_Time)
    RX8900_UpErrFlag_Polling                 0x08003f25   Thumb Code   170  rx8900.o(.text.RX8900_UpErrFlag_Polling)
    [Anonymous Symbol]                       0x08003f24   Section        0  rx8900.o(.text.RX8900_UpErrFlag_Polling)
    [Anonymous Symbol]                       0x08003fd0   Section        0  rx8900.o(.text.RX8900_Updata_Time)
    [Anonymous Symbol]                       0x08004128   Section        0  main.o(.text.SystemClock_Config)
    [Anonymous Symbol]                       0x080041ac   Section        0  system_stm32l4xx.o(.text.SystemInit)
    [Anonymous Symbol]                       0x080041c0   Section        0  stm32l4xx_it.o(.text.UsageFault_Handler)
    __NVIC_EnableIRQ                         0x080041c5   Thumb Code    48  stm32l4xx_hal_cortex.o(.text.__NVIC_EnableIRQ)
    [Anonymous Symbol]                       0x080041c4   Section        0  stm32l4xx_hal_cortex.o(.text.__NVIC_EnableIRQ)
    __NVIC_GetPriorityGrouping               0x080041f5   Thumb Code    16  stm32l4xx_hal_cortex.o(.text.__NVIC_GetPriorityGrouping)
    [Anonymous Symbol]                       0x080041f4   Section        0  stm32l4xx_hal_cortex.o(.text.__NVIC_GetPriorityGrouping)
    __NVIC_SetPriority                       0x08004205   Thumb Code    66  stm32l4xx_hal_cortex.o(.text.__NVIC_SetPriority)
    [Anonymous Symbol]                       0x08004204   Section        0  stm32l4xx_hal_cortex.o(.text.__NVIC_SetPriority)
    __NVIC_SetPriorityGrouping               0x08004249   Thumb Code    60  stm32l4xx_hal_cortex.o(.text.__NVIC_SetPriorityGrouping)
    [Anonymous Symbol]                       0x08004248   Section        0  stm32l4xx_hal_cortex.o(.text.__NVIC_SetPriorityGrouping)
    [Anonymous Symbol]                       0x08004284   Section        0  tx_byte_pool_create.o(.text._tx_byte_pool_create)
    [Anonymous Symbol]                       0x080043a8   Section        0  tx_initialize_high_level.o(.text._tx_initialize_high_level)
    [Anonymous Symbol]                       0x08004430   Section        0  tx_initialize_kernel_enter.o(.text._tx_initialize_kernel_enter)
    [Anonymous Symbol]                       0x08004498   Section        0  tx_thread_create.o(.text._tx_thread_create)
    [Anonymous Symbol]                       0x08004694   Section        0  tx_thread_initialize.o(.text._tx_thread_initialize)
    [Anonymous Symbol]                       0x08004714   Section        0  tx_thread_shell_entry.o(.text._tx_thread_shell_entry)
    [Anonymous Symbol]                       0x0800479c   Section        0  tx_thread_sleep.o(.text._tx_thread_sleep)
    [Anonymous Symbol]                       0x08004880   Section        0  tx_thread_system_preempt_check.o(.text._tx_thread_system_preempt_check)
    [Anonymous Symbol]                       0x080048c4   Section        0  tx_thread_system_resume.o(.text._tx_thread_system_resume)
    [Anonymous Symbol]                       0x08004a9c   Section        0  tx_thread_system_suspend.o(.text._tx_thread_system_suspend)
    [Anonymous Symbol]                       0x08004d84   Section        0  tx_thread_time_slice.o(.text._tx_thread_time_slice)
    [Anonymous Symbol]                       0x08004e1c   Section        0  tx_thread_timeout.o(.text._tx_thread_timeout)
    [Anonymous Symbol]                       0x08004e7c   Section        0  tx_time_get.o(.text._tx_time_get)
    [Anonymous Symbol]                       0x08004ea0   Section        0  tx_timer_expiration_process.o(.text._tx_timer_expiration_process)
    [Anonymous Symbol]                       0x08004ed0   Section        0  tx_timer_initialize.o(.text._tx_timer_initialize)
    [Anonymous Symbol]                       0x08004ff0   Section        0  tx_timer_system_activate.o(.text._tx_timer_system_activate)
    [Anonymous Symbol]                       0x080050c4   Section        0  tx_timer_system_deactivate.o(.text._tx_timer_system_deactivate)
    [Anonymous Symbol]                       0x08005134   Section        0  tx_timer_thread_entry.o(.text._tx_timer_thread_entry)
    [Anonymous Symbol]                       0x08005310   Section        0  txe_byte_pool_create.o(.text._txe_byte_pool_create)
    [Anonymous Symbol]                       0x08005468   Section        0  txe_thread_create.o(.text._txe_thread_create)
    [Anonymous Symbol]                       0x080056b0   Section        0  main.o(.text.main)
    [Anonymous Symbol]                       0x080056d0   Section        0  app_azure_rtos.o(.text.tx_application_define)
    [Anonymous Symbol]                       0x08005728   Section        0  tx_low_power.o(.text.tx_low_power_enter)
    [Anonymous Symbol]                       0x08005764   Section        0  tx_low_power.o(.text.tx_low_power_exit)
    [Anonymous Symbol]                       0x080057a0   Section        0  tx_low_power.o(.text.tx_time_increment)
    [Anonymous Symbol]                       0x08005930   Section        0  tx_low_power.o(.text.tx_timer_get_next)
    $v0                                      0x08005a0a   Number         0  fpinit.o(x$fpl$fpinit)
    x$fpl$fpinit                             0x08005a0a   Section       26  fpinit.o(x$fpl$fpinit)
    .L.str                                   0x08005a68   Data          19  app_azure_rtos.o(.rodata.str1.1)
    [Anonymous Symbol]                       0x08005a68   Section        0  app_azure_rtos.o(.rodata.str1.1)
    .L.str                                   0x08005a7b   Data          14  appmain.o(.rodata.str1.1)
    [Anonymous Symbol]                       0x08005a7b   Section        0  appmain.o(.rodata.str1.1)
    .L.str                                   0x08005a89   Data          20  tx_timer_initialize.o(.rodata.str1.1)
    [Anonymous Symbol]                       0x08005a89   Section        0  tx_timer_initialize.o(.rodata.str1.1)
    .bss                                     0x20000010   Section       96  libspace.o(.bss)
    AppTask10msStk                           0x20000070   Data        1024  appmain.o(.bss.AppTask10msStk)
    [Anonymous Symbol]                       0x20000070   Section        0  appmain.o(.bss.AppTask10msStk)
    HAL_GetTick.ticks                        0x20000520   Data           4  appmain.o(.bss.HAL_GetTick.ticks)
    [Anonymous Symbol]                       0x20000520   Section        0  appmain.o(.bss.HAL_GetTick.ticks)
    tx_app_byte_pool                         0x200009d8   Data          52  app_azure_rtos.o(.bss.tx_app_byte_pool)
    [Anonymous Symbol]                       0x200009d8   Section        0  app_azure_rtos.o(.bss.tx_app_byte_pool)
    tx_byte_pool_buffer                      0x20000a0c   Data         512  app_azure_rtos.o(.bss.tx_byte_pool_buffer)
    [Anonymous Symbol]                       0x20000a0c   Section        0  app_azure_rtos.o(.bss.tx_byte_pool_buffer)
    Heap_Mem                                 0x20000c10   Data         512  startup_stm32l432xx.o(HEAP)
    HEAP                                     0x20000c10   Section      512  startup_stm32l432xx.o(HEAP)
    Stack_Mem                                0x20000e10   Data        1024  startup_stm32l432xx.o(STACK)
    STACK                                    0x20000e10   Section     1024  startup_stm32l432xx.o(STACK)
    __initial_sp                             0x20001210   Data           0  startup_stm32l432xx.o(STACK)

    Global Symbols

    Symbol Name                              Value     Ov Type        Size  Object(Section)

    BuildAttributes$$THM_ISAv4$E$P$D$K$B$S$7EM$VFPi3$EXTD16$VFPS$VFMA$PE$A:L22UL41UL21$X:L11$S22US41US21$IEEE1$IW$~IW$USESV6$~STKCKD$USESV7$~SHL$OSPACE$ROPI$EBA8$UX$STANDARDLIB$REQ8$EABIv2 0x00000000   Number         0  anon$$obj.o ABSOLUTE
    __ARM_exceptions_init                     - Undefined Weak Reference
    __alloca_initialize                       - Undefined Weak Reference
    __arm_preinit_                            - Undefined Weak Reference
    __arm_relocate_pie_                       - Undefined Weak Reference
    __cpp_initialize__aeabi_                  - Undefined Weak Reference
    __cxa_finalize                            - Undefined Weak Reference
    __rt_locale                               - Undefined Weak Reference
    __sigvec_lookup                           - Undefined Weak Reference
    _atexit_init                              - Undefined Weak Reference
    _call_atexit_fns                          - Undefined Weak Reference
    _clock_init                               - Undefined Weak Reference
    _fp_trap_init                             - Undefined Weak Reference
    _fp_trap_shutdown                         - Undefined Weak Reference
    _get_lc_collate                           - Undefined Weak Reference
    _get_lc_ctype                             - Undefined Weak Reference
    _get_lc_monetary                          - Undefined Weak Reference
    _get_lc_numeric                           - Undefined Weak Reference
    _get_lc_time                              - Undefined Weak Reference
    _getenv_init                              - Undefined Weak Reference
    _handle_redirection                       - Undefined Weak Reference
    _init_alloc                               - Undefined Weak Reference
    _init_user_alloc                          - Undefined Weak Reference
    _initio                                   - Undefined Weak Reference
    _rand_init                                - Undefined Weak Reference
    _signal_finish                            - Undefined Weak Reference
    _signal_init                              - Undefined Weak Reference
    _terminate_alloc                          - Undefined Weak Reference
    _terminate_user_alloc                     - Undefined Weak Reference
    _terminateio                              - Undefined Weak Reference
    __Vectors_Size                           0x0000018c   Number         0  startup_stm32l432xx.o ABSOLUTE
    __Vectors                                0x08000000   Data           4  startup_stm32l432xx.o(RESET)
    __Vectors_End                            0x0800018c   Data           0  startup_stm32l432xx.o(RESET)
    __main                                   0x0800018d   Thumb Code     8  __main.o(!!!main)
    __scatterload                            0x08000195   Thumb Code     0  __scatter.o(!!!scatter)
    __scatterload_rt2                        0x08000195   Thumb Code    84  __scatter.o(!!!scatter)
    __scatterload_rt2_thumb_only             0x08000195   Thumb Code     0  __scatter.o(!!!scatter)
    __scatterload_loop                       0x0800019f   Thumb Code     0  __scatter.o(!!!scatter)
    __scatterload_copy                       0x080001f1   Thumb Code    26  __scatter_copy.o(!!handler_copy)
    __scatterload_null                       0x0800020d   Thumb Code     2  __scatter.o(!!handler_null)
    __scatterload_zeroinit                   0x08000211   Thumb Code    28  __scatter_zi.o(!!handler_zi)
    __rt_lib_init                            0x0800022d   Thumb Code     0  libinit.o(.ARM.Collect$$libinit$$00000000)
    __rt_lib_init_fp_1                       0x0800022f   Thumb Code     0  libinit2.o(.ARM.Collect$$libinit$$00000001)
    __rt_lib_init_alloca_1                   0x08000233   Thumb Code     0  libinit2.o(.ARM.Collect$$libinit$$00000030)
    __rt_lib_init_argv_1                     0x08000233   Thumb Code     0  libinit2.o(.ARM.Collect$$libinit$$0000002E)
    __rt_lib_init_atexit_1                   0x08000233   Thumb Code     0  libinit2.o(.ARM.Collect$$libinit$$0000001D)
    __rt_lib_init_clock_1                    0x08000233   Thumb Code     0  libinit2.o(.ARM.Collect$$libinit$$00000023)
    __rt_lib_init_cpp_1                      0x08000233   Thumb Code     0  libinit2.o(.ARM.Collect$$libinit$$00000034)
    __rt_lib_init_exceptions_1               0x08000233   Thumb Code     0  libinit2.o(.ARM.Collect$$libinit$$00000032)
    __rt_lib_init_fp_trap_1                  0x08000233   Thumb Code     0  libinit2.o(.ARM.Collect$$libinit$$00000021)
    __rt_lib_init_getenv_1                   0x08000233   Thumb Code     0  libinit2.o(.ARM.Collect$$libinit$$00000025)
    __rt_lib_init_heap_1                     0x08000233   Thumb Code     0  libinit2.o(.ARM.Collect$$libinit$$0000000C)
    __rt_lib_init_lc_collate_1               0x08000233   Thumb Code     0  libinit2.o(.ARM.Collect$$libinit$$00000013)
    __rt_lib_init_lc_ctype_1                 0x08000233   Thumb Code     0  libinit2.o(.ARM.Collect$$libinit$$00000015)
    __rt_lib_init_lc_monetary_1              0x08000233   Thumb Code     0  libinit2.o(.ARM.Collect$$libinit$$00000017)
    __rt_lib_init_lc_numeric_1               0x08000233   Thumb Code     0  libinit2.o(.ARM.Collect$$libinit$$00000019)
    __rt_lib_init_lc_time_1                  0x08000233   Thumb Code     0  libinit2.o(.ARM.Collect$$libinit$$0000001B)
    __rt_lib_init_preinit_1                  0x08000233   Thumb Code     0  libinit2.o(.ARM.Collect$$libinit$$00000006)
    __rt_lib_init_rand_1                     0x08000233   Thumb Code     0  libinit2.o(.ARM.Collect$$libinit$$00000010)
    __rt_lib_init_relocate_pie_1             0x08000233   Thumb Code     0  libinit2.o(.ARM.Collect$$libinit$$00000004)
    __rt_lib_init_return                     0x08000233   Thumb Code     0  libinit2.o(.ARM.Collect$$libinit$$00000035)
    __rt_lib_init_signal_1                   0x08000233   Thumb Code     0  libinit2.o(.ARM.Collect$$libinit$$0000001F)
    __rt_lib_init_stdio_1                    0x08000233   Thumb Code     0  libinit2.o(.ARM.Collect$$libinit$$00000027)
    __rt_lib_init_user_alloc_1               0x08000233   Thumb Code     0  libinit2.o(.ARM.Collect$$libinit$$0000000E)
    __rt_lib_shutdown                        0x08000235   Thumb Code     0  libshutdown.o(.ARM.Collect$$libshutdown$$00000000)
    __rt_lib_shutdown_cpp_1                  0x08000237   Thumb Code     0  libshutdown2.o(.ARM.Collect$$libshutdown$$00000002)
    __rt_lib_shutdown_fp_trap_1              0x08000237   Thumb Code     0  libshutdown2.o(.ARM.Collect$$libshutdown$$00000007)
    __rt_lib_shutdown_heap_1                 0x08000237   Thumb Code     0  libshutdown2.o(.ARM.Collect$$libshutdown$$0000000F)
    __rt_lib_shutdown_return                 0x08000237   Thumb Code     0  libshutdown2.o(.ARM.Collect$$libshutdown$$00000010)
    __rt_lib_shutdown_signal_1               0x08000237   Thumb Code     0  libshutdown2.o(.ARM.Collect$$libshutdown$$0000000A)
    __rt_lib_shutdown_stdio_1                0x08000237   Thumb Code     0  libshutdown2.o(.ARM.Collect$$libshutdown$$00000004)
    __rt_lib_shutdown_user_alloc_1           0x08000237   Thumb Code     0  libshutdown2.o(.ARM.Collect$$libshutdown$$0000000C)
    __rt_entry                               0x08000239   Thumb Code     0  __rtentry.o(.ARM.Collect$$rtentry$$00000000)
    __rt_entry_presh_1                       0x08000239   Thumb Code     0  __rtentry2.o(.ARM.Collect$$rtentry$$00000002)
    __rt_entry_sh                            0x08000239   Thumb Code     0  __rtentry4.o(.ARM.Collect$$rtentry$$00000004)
    __rt_entry_li                            0x0800023f   Thumb Code     0  __rtentry2.o(.ARM.Collect$$rtentry$$0000000A)
    __rt_entry_postsh_1                      0x0800023f   Thumb Code     0  __rtentry2.o(.ARM.Collect$$rtentry$$00000009)
    __rt_entry_main                          0x08000243   Thumb Code     0  __rtentry2.o(.ARM.Collect$$rtentry$$0000000D)
    __rt_entry_postli_1                      0x08000243   Thumb Code     0  __rtentry2.o(.ARM.Collect$$rtentry$$0000000C)
    __rt_exit                                0x0800024b   Thumb Code     0  rtexit.o(.ARM.Collect$$rtexit$$00000000)
    __rt_exit_ls                             0x0800024d   Thumb Code     0  rtexit2.o(.ARM.Collect$$rtexit$$00000003)
    __rt_exit_prels_1                        0x0800024d   Thumb Code     0  rtexit2.o(.ARM.Collect$$rtexit$$00000002)
    __rt_exit_exit                           0x08000251   Thumb Code     0  rtexit2.o(.ARM.Collect$$rtexit$$00000004)
    Reset_Handler                            0x08000259   Thumb Code     8  startup_stm32l432xx.o(.text)
    SVC_Handler                              0x0800026b   Thumb Code     2  startup_stm32l432xx.o(.text)
    ADC1_IRQHandler                          0x08000273   Thumb Code     0  startup_stm32l432xx.o(.text)
    CAN1_RX0_IRQHandler                      0x08000273   Thumb Code     0  startup_stm32l432xx.o(.text)
    CAN1_RX1_IRQHandler                      0x08000273   Thumb Code     0  startup_stm32l432xx.o(.text)
    CAN1_SCE_IRQHandler                      0x08000273   Thumb Code     0  startup_stm32l432xx.o(.text)
    CAN1_TX_IRQHandler                       0x08000273   Thumb Code     0  startup_stm32l432xx.o(.text)
    COMP_IRQHandler                          0x08000273   Thumb Code     0  startup_stm32l432xx.o(.text)
    CRS_IRQHandler                           0x08000273   Thumb Code     0  startup_stm32l432xx.o(.text)
    DMA1_Channel1_IRQHandler                 0x08000273   Thumb Code     0  startup_stm32l432xx.o(.text)
    DMA1_Channel2_IRQHandler                 0x08000273   Thumb Code     0  startup_stm32l432xx.o(.text)
    DMA1_Channel3_IRQHandler                 0x08000273   Thumb Code     0  startup_stm32l432xx.o(.text)
    DMA1_Channel4_IRQHandler                 0x08000273   Thumb Code     0  startup_stm32l432xx.o(.text)
    DMA1_Channel5_IRQHandler                 0x08000273   Thumb Code     0  startup_stm32l432xx.o(.text)
    DMA1_Channel6_IRQHandler                 0x08000273   Thumb Code     0  startup_stm32l432xx.o(.text)
    DMA1_Channel7_IRQHandler                 0x08000273   Thumb Code     0  startup_stm32l432xx.o(.text)
    DMA2_Channel1_IRQHandler                 0x08000273   Thumb Code     0  startup_stm32l432xx.o(.text)
    DMA2_Channel2_IRQHandler                 0x08000273   Thumb Code     0  startup_stm32l432xx.o(.text)
    DMA2_Channel3_IRQHandler                 0x08000273   Thumb Code     0  startup_stm32l432xx.o(.text)
    DMA2_Channel4_IRQHandler                 0x08000273   Thumb Code     0  startup_stm32l432xx.o(.text)
    DMA2_Channel5_IRQHandler                 0x08000273   Thumb Code     0  startup_stm32l432xx.o(.text)
    DMA2_Channel6_IRQHandler                 0x08000273   Thumb Code     0  startup_stm32l432xx.o(.text)
    DMA2_Channel7_IRQHandler                 0x08000273   Thumb Code     0  startup_stm32l432xx.o(.text)
    EXTI0_IRQHandler                         0x08000273   Thumb Code     0  startup_stm32l432xx.o(.text)
    EXTI15_10_IRQHandler                     0x08000273   Thumb Code     0  startup_stm32l432xx.o(.text)
    EXTI2_IRQHandler                         0x08000273   Thumb Code     0  startup_stm32l432xx.o(.text)
    EXTI3_IRQHandler                         0x08000273   Thumb Code     0  startup_stm32l432xx.o(.text)
    EXTI4_IRQHandler                         0x08000273   Thumb Code     0  startup_stm32l432xx.o(.text)
    EXTI9_5_IRQHandler                       0x08000273   Thumb Code     0  startup_stm32l432xx.o(.text)
    FLASH_IRQHandler                         0x08000273   Thumb Code     0  startup_stm32l432xx.o(.text)
    FPU_IRQHandler                           0x08000273   Thumb Code     0  startup_stm32l432xx.o(.text)
    I2C1_ER_IRQHandler                       0x08000273   Thumb Code     0  startup_stm32l432xx.o(.text)
    I2C1_EV_IRQHandler                       0x08000273   Thumb Code     0  startup_stm32l432xx.o(.text)
    I2C3_ER_IRQHandler                       0x08000273   Thumb Code     0  startup_stm32l432xx.o(.text)
    I2C3_EV_IRQHandler                       0x08000273   Thumb Code     0  startup_stm32l432xx.o(.text)
    LPTIM1_IRQHandler                        0x08000273   Thumb Code     0  startup_stm32l432xx.o(.text)
    LPTIM2_IRQHandler                        0x08000273   Thumb Code     0  startup_stm32l432xx.o(.text)
    LPUART1_IRQHandler                       0x08000273   Thumb Code     0  startup_stm32l432xx.o(.text)
    PVD_PVM_IRQHandler                       0x08000273   Thumb Code     0  startup_stm32l432xx.o(.text)
    QUADSPI_IRQHandler                       0x08000273   Thumb Code     0  startup_stm32l432xx.o(.text)
    RCC_IRQHandler                           0x08000273   Thumb Code     0  startup_stm32l432xx.o(.text)
    RNG_IRQHandler                           0x08000273   Thumb Code     0  startup_stm32l432xx.o(.text)
    RTC_Alarm_IRQHandler                     0x08000273   Thumb Code     0  startup_stm32l432xx.o(.text)
    RTC_WKUP_IRQHandler                      0x08000273   Thumb Code     0  startup_stm32l432xx.o(.text)
    SAI1_IRQHandler                          0x08000273   Thumb Code     0  startup_stm32l432xx.o(.text)
    SPI1_IRQHandler                          0x08000273   Thumb Code     0  startup_stm32l432xx.o(.text)
    SPI3_IRQHandler                          0x08000273   Thumb Code     0  startup_stm32l432xx.o(.text)
    SWPMI1_IRQHandler                        0x08000273   Thumb Code     0  startup_stm32l432xx.o(.text)
    TAMP_STAMP_IRQHandler                    0x08000273   Thumb Code     0  startup_stm32l432xx.o(.text)
    TIM1_BRK_TIM15_IRQHandler                0x08000273   Thumb Code     0  startup_stm32l432xx.o(.text)
    TIM1_CC_IRQHandler                       0x08000273   Thumb Code     0  startup_stm32l432xx.o(.text)
    TIM1_TRG_COM_IRQHandler                  0x08000273   Thumb Code     0  startup_stm32l432xx.o(.text)
    TIM1_UP_TIM16_IRQHandler                 0x08000273   Thumb Code     0  startup_stm32l432xx.o(.text)
    TIM2_IRQHandler                          0x08000273   Thumb Code     0  startup_stm32l432xx.o(.text)
    TIM6_DAC_IRQHandler                      0x08000273   Thumb Code     0  startup_stm32l432xx.o(.text)
    TIM7_IRQHandler                          0x08000273   Thumb Code     0  startup_stm32l432xx.o(.text)
    TSC_IRQHandler                           0x08000273   Thumb Code     0  startup_stm32l432xx.o(.text)
    USART1_IRQHandler                        0x08000273   Thumb Code     0  startup_stm32l432xx.o(.text)
    USART2_IRQHandler                        0x08000273   Thumb Code     0  startup_stm32l432xx.o(.text)
    USB_IRQHandler                           0x08000273   Thumb Code     0  startup_stm32l432xx.o(.text)
    WWDG_IRQHandler                          0x08000273   Thumb Code     0  startup_stm32l432xx.o(.text)
    __user_initial_stackheap                 0x08000275   Thumb Code     0  startup_stm32l432xx.o(.text)
    _tx_initialize_low_level                 0x080002c1   Thumb Code     0  tx_initialize_low_level.o(.text)
    __tx_BadHandler                          0x08000311   Thumb Code     0  tx_initialize_low_level.o(.text)
    __tx_HardfaultHandler                    0x08000315   Thumb Code     0  tx_initialize_low_level.o(.text)
    __tx_SVCallHandler                       0x08000319   Thumb Code     0  tx_initialize_low_level.o(.text)
    __tx_IntHandler                          0x0800031d   Thumb Code     0  tx_initialize_low_level.o(.text)
    SysTick_Handler                          0x08000325   Thumb Code     0  tx_initialize_low_level.o(.text)
    __tx_SysTickHandler                      0x08000325   Thumb Code     0  tx_initialize_low_level.o(.text)
    __tx_NMIHandler                          0x08000331   Thumb Code     0  tx_initialize_low_level.o(.text)
    __tx_DBGHandler                          0x08000335   Thumb Code     0  tx_initialize_low_level.o(.text)
    _tx_thread_interrupt_disable             0x08000341   Thumb Code     0  tx_thread_interrupt_disable.o(.text)
    _tx_thread_interrupt_restore             0x08000351   Thumb Code     0  tx_thread_interrupt_restore.o(.text)
    _tx_thread_schedule                      0x08000361   Thumb Code     0  tx_thread_schedule.o(.text)
    PendSV_Handler                           0x0800038d   Thumb Code     0  tx_thread_schedule.o(.text)
    __tx_PendSVHandler                       0x0800038d   Thumb Code     0  tx_thread_schedule.o(.text)
    tx_thread_fpu_disable                    0x0800043d   Thumb Code     0  tx_thread_schedule.o(.text)
    tx_thread_fpu_enable                     0x0800043d   Thumb Code     0  tx_thread_schedule.o(.text)
    _tx_thread_stack_build                   0x08000461   Thumb Code     0  tx_thread_stack_build.o(.text)
    _tx_thread_system_return                 0x080004a1   Thumb Code     0  tx_thread_system_return.o(.text)
    _tx_timer_interrupt                      0x080004d1   Thumb Code     0  tx_timer_interrupt.o(.text)
    __aeabi_memset                           0x08000589   Thumb Code    16  aeabi_memset.o(.text)
    __aeabi_memclr4                          0x08000599   Thumb Code     0  rt_memclr_w.o(.text)
    __aeabi_memclr8                          0x08000599   Thumb Code     0  rt_memclr_w.o(.text)
    __rt_memclr_w                            0x08000599   Thumb Code     0  rt_memclr_w.o(.text)
    _memset_w                                0x0800059d   Thumb Code    74  rt_memclr_w.o(.text)
    __use_two_region_memory                  0x080005e7   Thumb Code     2  heapauxi.o(.text)
    __rt_heap_escrow$2region                 0x080005e9   Thumb Code     2  heapauxi.o(.text)
    __rt_heap_expand$2region                 0x080005eb   Thumb Code     2  heapauxi.o(.text)
    __aeabi_memclr                           0x080005ed   Thumb Code     0  rt_memclr.o(.text)
    __rt_memclr                              0x080005ed   Thumb Code     0  rt_memclr.o(.text)
    _memset                                  0x080005f1   Thumb Code    64  rt_memclr.o(.text)
    __user_setup_stackheap                   0x08000631   Thumb Code    74  sys_stackheap_outer.o(.text)
    exit                                     0x0800067b   Thumb Code    18  exit.o(.text)
    __user_libspace                          0x0800068d   Thumb Code     8  libspace.o(.text)
    __user_perproc_libspace                  0x0800068d   Thumb Code     0  libspace.o(.text)
    __user_perthread_libspace                0x0800068d   Thumb Code     0  libspace.o(.text)
    _sys_exit                                0x08000695   Thumb Code     8  sys_exit.o(.text)
    __I$use$semihosting                      0x080006a1   Thumb Code     0  use_no_semi.o(.text)
    __use_no_semihosting_swi                 0x080006a1   Thumb Code     2  use_no_semi.o(.text)
    __semihosting_library_function           0x080006a3   Thumb Code     0  indicate_semi.o(.text)
    AppMain                                  0x080006a5   Thumb Code   116  appmain.o(.text.AppMain)
    App_Sysclock_Restore                     0x0800078d   Thumb Code   110  applowpowermgr.o(.text.App_Sysclock_Restore)
    App_ThreadX_Init                         0x080007fd   Thumb Code    22  app_threadx.o(.text.App_ThreadX_Init)
    App_ThreadX_LowPower_Enter               0x08000815   Thumb Code     8  app_threadx.o(.text.App_ThreadX_LowPower_Enter)
    App_ThreadX_LowPower_Exit                0x0800081d   Thumb Code    24  app_threadx.o(.text.App_ThreadX_LowPower_Exit)
    App_ThreadX_LowPower_Timer_Adjust        0x08000835   Thumb Code    12  app_threadx.o(.text.App_ThreadX_LowPower_Timer_Adjust)
    App_ThreadX_LowPower_Timer_Setup         0x08000841   Thumb Code    20  app_threadx.o(.text.App_ThreadX_LowPower_Timer_Setup)
    BusFault_Handler                         0x08000855   Thumb Code     4  stm32l4xx_it.o(.text.BusFault_Handler)
    DebugMon_Handler                         0x08000859   Thumb Code     2  stm32l4xx_it.o(.text.DebugMon_Handler)
    EXTI1_IRQHandler                         0x0800085d   Thumb Code    10  stm32l4xx_it.o(.text.EXTI1_IRQHandler)
    Error_Handler                            0x08000869   Thumb Code    14  main.o(.text.Error_Handler)
    HAL_DBGMCU_EnableDBGSleepMode            0x08000879   Thumb Code    18  stm32l4xx_hal.o(.text.HAL_DBGMCU_EnableDBGSleepMode)
    HAL_GPIO_DeInit                          0x0800088d   Thumb Code   388  stm32l4xx_hal_gpio.o(.text.HAL_GPIO_DeInit)
    HAL_GPIO_EXTI_Callback                   0x08000a11   Thumb Code    28  appirqcallout.o(.text.HAL_GPIO_EXTI_Callback)
    HAL_GPIO_EXTI_IRQHandler                 0x08000a2d   Thumb Code    56  stm32l4xx_hal_gpio.o(.text.HAL_GPIO_EXTI_IRQHandler)
    HAL_GPIO_Init                            0x08000a65   Thumb Code   788  stm32l4xx_hal_gpio.o(.text.HAL_GPIO_Init)
    HAL_GPIO_TogglePin                       0x08000d79   Thumb Code    38  stm32l4xx_hal_gpio.o(.text.HAL_GPIO_TogglePin)
    HAL_GPIO_WritePin                        0x08000da1   Thumb Code    44  stm32l4xx_hal_gpio.o(.text.HAL_GPIO_WritePin)
    HAL_GetTick                              0x08000dcd   Thumb Code   120  appmain.o(.text.HAL_GetTick)
    HAL_I2CEx_ConfigAnalogFilter             0x08000e45   Thumb Code   152  stm32l4xx_hal_i2c_ex.o(.text.HAL_I2CEx_ConfigAnalogFilter)
    HAL_I2CEx_ConfigDigitalFilter            0x08000edd   Thumb Code   162  stm32l4xx_hal_i2c_ex.o(.text.HAL_I2CEx_ConfigDigitalFilter)
    HAL_I2C_DeInit                           0x08000f81   Thumb Code    96  stm32l4xx_hal_i2c.o(.text.HAL_I2C_DeInit)
    HAL_I2C_Init                             0x08000fe1   Thumb Code   276  stm32l4xx_hal_i2c.o(.text.HAL_I2C_Init)
    HAL_I2C_Mem_Read                         0x080010f5   Thumb Code   650  stm32l4xx_hal_i2c.o(.text.HAL_I2C_Mem_Read)
    HAL_I2C_Mem_Write                        0x08001381   Thumb Code   628  stm32l4xx_hal_i2c.o(.text.HAL_I2C_Mem_Write)
    HAL_I2C_MspDeInit                        0x080015f5   Thumb Code    70  i2c.o(.text.HAL_I2C_MspDeInit)
    HAL_I2C_MspInit                          0x0800163d   Thumb Code   166  i2c.o(.text.HAL_I2C_MspInit)
    HAL_Init                                 0x080016e5   Thumb Code    50  stm32l4xx_hal.o(.text.HAL_Init)
    HAL_InitTick                             0x08001719   Thumb Code    10  appmain.o(.text.HAL_InitTick)
    HAL_MspInit                              0x08001725   Thumb Code    66  stm32l4xx_hal_msp.o(.text.HAL_MspInit)
    HAL_NVIC_EnableIRQ                       0x08001769   Thumb Code    20  stm32l4xx_hal_cortex.o(.text.HAL_NVIC_EnableIRQ)
    HAL_NVIC_SetPriority                     0x0800177d   Thumb Code    50  stm32l4xx_hal_cortex.o(.text.HAL_NVIC_SetPriority)
    HAL_NVIC_SetPriorityGrouping             0x080017b1   Thumb Code    16  stm32l4xx_hal_cortex.o(.text.HAL_NVIC_SetPriorityGrouping)
    HAL_PWREx_ControlVoltageScaling          0x080017c1   Thumb Code   228  stm32l4xx_hal_pwr_ex.o(.text.HAL_PWREx_ControlVoltageScaling)
    HAL_PWREx_DisableLowPowerRunMode         0x080018a5   Thumb Code   146  stm32l4xx_hal_pwr_ex.o(.text.HAL_PWREx_DisableLowPowerRunMode)
    HAL_PWREx_EnableLowPowerRunMode          0x08001939   Thumb Code    18  stm32l4xx_hal_pwr_ex.o(.text.HAL_PWREx_EnableLowPowerRunMode)
    HAL_PWREx_GetVoltageRange                0x0800194d   Thumb Code    16  stm32l4xx_hal_pwr_ex.o(.text.HAL_PWREx_GetVoltageRange)
    HAL_PWR_EnterSLEEPMode                   0x0800195d   Thumb Code   122  stm32l4xx_hal_pwr.o(.text.HAL_PWR_EnterSLEEPMode)
    HAL_RCCEx_PeriphCLKConfig                0x080019d9   Thumb Code  1124  stm32l4xx_hal_rcc_ex.o(.text.HAL_RCCEx_PeriphCLKConfig)
    HAL_RCC_ClockConfig                      0x08001e3d   Thumb Code   674  stm32l4xx_hal_rcc.o(.text.HAL_RCC_ClockConfig)
    HAL_RCC_DeInit                           0x080020e1   Thumb Code   378  stm32l4xx_hal_rcc.o(.text.HAL_RCC_DeInit)
    HAL_RCC_GetSysClockFreq                  0x0800225d   Thumb Code   346  stm32l4xx_hal_rcc.o(.text.HAL_RCC_GetSysClockFreq)
    HAL_RCC_OscConfig                        0x080023b9   Thumb Code  2656  stm32l4xx_hal_rcc.o(.text.HAL_RCC_OscConfig)
    HardFault_Handler                        0x08002e19   Thumb Code     4  stm32l4xx_it.o(.text.HardFault_Handler)
    LPower_Enter                             0x08003431   Thumb Code    92  applowpowermgr.o(.text.LPower_Enter)
    MX_GPIO_Init                             0x08003531   Thumb Code   170  gpio.o(.text.MX_GPIO_Init)
    MX_I2C1_Init                             0x080035dd   Thumb Code   118  i2c.o(.text.MX_I2C1_Init)
    MX_ThreadX_Init                          0x08003655   Thumb Code     8  app_threadx.o(.text.MX_ThreadX_Init)
    MemManage_Handler                        0x0800365d   Thumb Code     4  stm32l4xx_it.o(.text.MemManage_Handler)
    NMI_Handler                              0x08003661   Thumb Code     4  stm32l4xx_it.o(.text.NMI_Handler)
    RX8900_IIC_Transmit                      0x08003a41   Thumb Code   164  rx8900_callout.o(.text.RX8900_IIC_Transmit)
    RX8900_Init                              0x08003ae5   Thumb Code   222  rx8900.o(.text.RX8900_Init)
    RX8900_Main_Fun                          0x08003bc5   Thumb Code    96  rx8900.o(.text.RX8900_Main_Fun)
    RX8900_Process_ISR                       0x08003c25   Thumb Code   236  rx8900.o(.text.RX8900_Process_ISR)
    RX8900_Set_Time                          0x08003d11   Thumb Code   530  rx8900.o(.text.RX8900_Set_Time)
    RX8900_Updata_Time                       0x08003fd1   Thumb Code   344  rx8900.o(.text.RX8900_Updata_Time)
    SystemClock_Config                       0x08004129   Thumb Code   130  main.o(.text.SystemClock_Config)
    SystemInit                               0x080041ad   Thumb Code    18  system_stm32l4xx.o(.text.SystemInit)
    UsageFault_Handler                       0x080041c1   Thumb Code     4  stm32l4xx_it.o(.text.UsageFault_Handler)
    _tx_byte_pool_create                     0x08004285   Thumb Code   290  tx_byte_pool_create.o(.text._tx_byte_pool_create)
    _tx_initialize_high_level                0x080043a9   Thumb Code   134  tx_initialize_high_level.o(.text._tx_initialize_high_level)
    _tx_initialize_kernel_enter              0x08004431   Thumb Code   104  tx_initialize_kernel_enter.o(.text._tx_initialize_kernel_enter)
    _tx_thread_create                        0x08004499   Thumb Code   506  tx_thread_create.o(.text._tx_thread_create)
    _tx_thread_initialize                    0x08004695   Thumb Code   126  tx_thread_initialize.o(.text._tx_thread_initialize)
    _tx_thread_shell_entry                   0x08004715   Thumb Code   134  tx_thread_shell_entry.o(.text._tx_thread_shell_entry)
    _tx_thread_sleep                         0x0800479d   Thumb Code   226  tx_thread_sleep.o(.text._tx_thread_sleep)
    _tx_thread_system_preempt_check          0x08004881   Thumb Code    68  tx_thread_system_preempt_check.o(.text._tx_thread_system_preempt_check)
    _tx_thread_system_resume                 0x080048c5   Thumb Code   472  tx_thread_system_resume.o(.text._tx_thread_system_resume)
    _tx_thread_system_suspend                0x08004a9d   Thumb Code   744  tx_thread_system_suspend.o(.text._tx_thread_system_suspend)
    _tx_thread_time_slice                    0x08004d85   Thumb Code   150  tx_thread_time_slice.o(.text._tx_thread_time_slice)
    _tx_thread_timeout                       0x08004e1d   Thumb Code    96  tx_thread_timeout.o(.text._tx_thread_timeout)
    _tx_time_get                             0x08004e7d   Thumb Code    34  tx_time_get.o(.text._tx_time_get)
    _tx_timer_expiration_process             0x08004ea1   Thumb Code    46  tx_timer_expiration_process.o(.text._tx_timer_expiration_process)
    _tx_timer_initialize                     0x08004ed1   Thumb Code   286  tx_timer_initialize.o(.text._tx_timer_initialize)
    _tx_timer_system_activate                0x08004ff1   Thumb Code   212  tx_timer_system_activate.o(.text._tx_timer_system_activate)
    _tx_timer_system_deactivate              0x080050c5   Thumb Code   112  tx_timer_system_deactivate.o(.text._tx_timer_system_deactivate)
    _tx_timer_thread_entry                   0x08005135   Thumb Code   474  tx_timer_thread_entry.o(.text._tx_timer_thread_entry)
    _txe_byte_pool_create                    0x08005311   Thumb Code   344  txe_byte_pool_create.o(.text._txe_byte_pool_create)
    _txe_thread_create                       0x08005469   Thumb Code   584  txe_thread_create.o(.text._txe_thread_create)
    main                                     0x080056b1   Thumb Code    32  main.o(.text.main)
    tx_application_define                    0x080056d1   Thumb Code    88  app_azure_rtos.o(.text.tx_application_define)
    tx_low_power_enter                       0x08005729   Thumb Code    60  tx_low_power.o(.text.tx_low_power_enter)
    tx_low_power_exit                        0x08005765   Thumb Code    60  tx_low_power.o(.text.tx_low_power_exit)
    tx_time_increment                        0x080057a1   Thumb Code   398  tx_low_power.o(.text.tx_time_increment)
    tx_timer_get_next                        0x08005931   Thumb Code   218  tx_low_power.o(.text.tx_timer_get_next)
    _fp_init                                 0x08005a0b   Thumb Code    26  fpinit.o(x$fpl$fpinit)
    __fplib_config_fpu_vfp                   0x08005a23   Thumb Code     0  fpinit.o(x$fpl$fpinit)
    __fplib_config_pureend_doubles           0x08005a23   Thumb Code     0  fpinit.o(x$fpl$fpinit)
    AHBPrescTable                            0x08005a24   Data          16  system_stm32l4xx.o(.rodata.AHBPrescTable)
    MSIRangeTable                            0x08005a34   Data          48  system_stm32l4xx.o(.rodata.MSIRangeTable)
    gRX8900Cfg                               0x08005a64   Data           4  rx8900_lcfg.o(.rodata.gRX8900Cfg)
    Region$$Table$$Base                      0x08005aa0   Number         0  anon$$obj.o(Region$$Table)
    Region$$Table$$Limit                     0x08005ac0   Number         0  anon$$obj.o(Region$$Table)
    SystemCoreClock                          0x20000000   Data           4  system_stm32l4xx.o(.data.SystemCoreClock)
    _tx_thread_system_state                  0x20000004   Data           4  tx_thread_initialize.o(.data._tx_thread_system_state)
    uwTickPrio                               0x20000008   Data           4  stm32l4xx_hal.o(.data.uwTickPrio)
    __libspace_start                         0x20000010   Data          96  libspace.o(.bss)
    __temporary_stack_top$libspace           0x20000070   Data           0  libspace.o(.bss)
    AppTask10msTCB                           0x20000470   Data         176  appmain.o(.bss.AppTask10msTCB)
    Task10msCount                            0x20000524   Data           4  appmain.o(.bss.Task10msCount)
    Time                                     0x20000528   Data           7  appmain.o(.bss.Time)
    _tx_block_pool_created_count             0x20000530   Data           4  tx_initialize_high_level.o(.bss._tx_block_pool_created_count)
    _tx_block_pool_created_ptr               0x20000534   Data           4  tx_initialize_high_level.o(.bss._tx_block_pool_created_ptr)
    _tx_build_options                        0x20000538   Data           4  tx_thread_initialize.o(.bss._tx_build_options)
    _tx_byte_pool_created_count              0x2000053c   Data           4  tx_initialize_high_level.o(.bss._tx_byte_pool_created_count)
    _tx_byte_pool_created_ptr                0x20000540   Data           4  tx_initialize_high_level.o(.bss._tx_byte_pool_created_ptr)
    _tx_event_flags_created_count            0x20000544   Data           4  tx_initialize_high_level.o(.bss._tx_event_flags_created_count)
    _tx_event_flags_created_ptr              0x20000548   Data           4  tx_initialize_high_level.o(.bss._tx_event_flags_created_ptr)
    _tx_initialize_unused_memory             0x2000054c   Data           4  tx_initialize_high_level.o(.bss._tx_initialize_unused_memory)
    _tx_mutex_created_count                  0x20000550   Data           4  tx_initialize_high_level.o(.bss._tx_mutex_created_count)
    _tx_mutex_created_ptr                    0x20000554   Data           4  tx_initialize_high_level.o(.bss._tx_mutex_created_ptr)
    _tx_queue_created_count                  0x20000558   Data           4  tx_initialize_high_level.o(.bss._tx_queue_created_count)
    _tx_queue_created_ptr                    0x2000055c   Data           4  tx_initialize_high_level.o(.bss._tx_queue_created_ptr)
    _tx_semaphore_created_count              0x20000560   Data           4  tx_initialize_high_level.o(.bss._tx_semaphore_created_count)
    _tx_semaphore_created_ptr                0x20000564   Data           4  tx_initialize_high_level.o(.bss._tx_semaphore_created_ptr)
    _tx_thread_created_count                 0x20000568   Data           4  tx_thread_initialize.o(.bss._tx_thread_created_count)
    _tx_thread_created_ptr                   0x2000056c   Data           4  tx_thread_initialize.o(.bss._tx_thread_created_ptr)
    _tx_thread_current_ptr                   0x20000570   Data           4  tx_thread_initialize.o(.bss._tx_thread_current_ptr)
    _tx_thread_execute_ptr                   0x20000574   Data           4  tx_thread_initialize.o(.bss._tx_thread_execute_ptr)
    _tx_thread_highest_priority              0x20000578   Data           4  tx_thread_initialize.o(.bss._tx_thread_highest_priority)
    _tx_thread_mutex_release                 0x2000057c   Data           4  tx_thread_initialize.o(.bss._tx_thread_mutex_release)
    _tx_thread_preempt_disable               0x20000580   Data           4  tx_thread_initialize.o(.bss._tx_thread_preempt_disable)
    _tx_thread_priority_list                 0x20000584   Data         128  tx_thread_initialize.o(.bss._tx_thread_priority_list)
    _tx_thread_priority_maps                 0x20000604   Data           4  tx_thread_initialize.o(.bss._tx_thread_priority_maps)
    _tx_thread_system_stack_ptr              0x20000608   Data           4  tx_thread_initialize.o(.bss._tx_thread_system_stack_ptr)
    _tx_timer_created_count                  0x2000060c   Data           4  tx_timer_initialize.o(.bss._tx_timer_created_count)
    _tx_timer_created_ptr                    0x20000610   Data           4  tx_timer_initialize.o(.bss._tx_timer_created_ptr)
    _tx_timer_current_ptr                    0x20000614   Data           4  tx_timer_initialize.o(.bss._tx_timer_current_ptr)
    _tx_timer_expired                        0x20000618   Data           4  tx_timer_initialize.o(.bss._tx_timer_expired)
    _tx_timer_expired_time_slice             0x2000061c   Data           4  tx_timer_initialize.o(.bss._tx_timer_expired_time_slice)
    _tx_timer_expired_timer_ptr              0x20000620   Data           4  tx_timer_initialize.o(.bss._tx_timer_expired_timer_ptr)
    _tx_timer_list                           0x20000624   Data         128  tx_timer_initialize.o(.bss._tx_timer_list)
    _tx_timer_list_end                       0x200006a4   Data           4  tx_timer_initialize.o(.bss._tx_timer_list_end)
    _tx_timer_list_start                     0x200006a8   Data           4  tx_timer_initialize.o(.bss._tx_timer_list_start)
    _tx_timer_priority                       0x200006ac   Data           4  tx_timer_initialize.o(.bss._tx_timer_priority)
    _tx_timer_stack_size                     0x200006b0   Data           4  tx_timer_initialize.o(.bss._tx_timer_stack_size)
    _tx_timer_stack_start                    0x200006b4   Data           4  tx_timer_initialize.o(.bss._tx_timer_stack_start)
    _tx_timer_system_clock                   0x200006b8   Data           4  tx_timer_initialize.o(.bss._tx_timer_system_clock)
    _tx_timer_thread                         0x200006bc   Data         176  tx_timer_initialize.o(.bss._tx_timer_thread)
    _tx_timer_thread_stack_area              0x2000076c   Data         512  tx_timer_initialize.o(.bss._tx_timer_thread_stack_area)
    _tx_timer_time_slice                     0x2000096c   Data           4  tx_timer_initialize.o(.bss._tx_timer_time_slice)
    gLPtick                                  0x20000970   Data           4  applowpowermgr.o(.bss.gLPtick)
    gRX8900RuntimeNotify                     0x20000974   Data           1  rx8900.o(.bss.gRX8900RuntimeNotify)
    gRX8900TimeInfo                          0x20000975   Data           7  rx8900.o(.bss.gRX8900TimeInfo)
    hi2c1                                    0x2000097c   Data          84  i2c.o(.bss.hi2c1)
    sysclock0                                0x200009d0   Data           4  applowpowermgr.o(.bss.sysclock0)
    sysclock1                                0x200009d4   Data           4  applowpowermgr.o(.bss.sysclock1)
    tx_low_power_entered                     0x20000c0c   Data           4  tx_low_power.o(.bss.tx_low_power_entered)



==============================================================================

Memory Map of the image

  Image Entry point : 0x0800018d

  Load Region LR_IROM1 (Base: 0x08000000, Size: 0x00005ad0, Max: 0x00040000, ABSOLUTE)

    Execution Region ER_IROM1 (Exec base: 0x08000000, Load base: 0x08000000, Size: 0x00005ac0, Max: 0x00040000, ABSOLUTE)

    Exec Addr    Load Addr    Size         Type   Attr      Idx    E Section Name        Object

    0x08000000   0x08000000   0x0000018c   Data   RO            3    RESET               startup_stm32l432xx.o
    0x0800018c   0x0800018c   0x00000008   Code   RO         2235  * !!!main             c_w.l(__main.o)
    0x08000194   0x08000194   0x0000005c   Code   RO         2402    !!!scatter          c_w.l(__scatter.o)
    0x080001f0   0x080001f0   0x0000001a   Code   RO         2406    !!handler_copy      c_w.l(__scatter_copy.o)
    0x0800020a   0x0800020a   0x00000002   PAD
    0x0800020c   0x0800020c   0x00000002   Code   RO         2403    !!handler_null      c_w.l(__scatter.o)
    0x0800020e   0x0800020e   0x00000002   PAD
    0x08000210   0x08000210   0x0000001c   Code   RO         2408    !!handler_zi        c_w.l(__scatter_zi.o)
    0x0800022c   0x0800022c   0x00000002   Code   RO         2264    .ARM.Collect$$libinit$$00000000  c_w.l(libinit.o)
    0x0800022e   0x0800022e   0x00000004   Code   RO         2270    .ARM.Collect$$libinit$$00000001  c_w.l(libinit2.o)
    0x08000232   0x08000232   0x00000000   Code   RO         2273    .ARM.Collect$$libinit$$00000004  c_w.l(libinit2.o)
    0x08000232   0x08000232   0x00000000   Code   RO         2275    .ARM.Collect$$libinit$$00000006  c_w.l(libinit2.o)
    0x08000232   0x08000232   0x00000000   Code   RO         2278    .ARM.Collect$$libinit$$0000000C  c_w.l(libinit2.o)
    0x08000232   0x08000232   0x00000000   Code   RO         2280    .ARM.Collect$$libinit$$0000000E  c_w.l(libinit2.o)
    0x08000232   0x08000232   0x00000000   Code   RO         2282    .ARM.Collect$$libinit$$00000010  c_w.l(libinit2.o)
    0x08000232   0x08000232   0x00000000   Code   RO         2285    .ARM.Collect$$libinit$$00000013  c_w.l(libinit2.o)
    0x08000232   0x08000232   0x00000000   Code   RO         2287    .ARM.Collect$$libinit$$00000015  c_w.l(libinit2.o)
    0x08000232   0x08000232   0x00000000   Code   RO         2289    .ARM.Collect$$libinit$$00000017  c_w.l(libinit2.o)
    0x08000232   0x08000232   0x00000000   Code   RO         2291    .ARM.Collect$$libinit$$00000019  c_w.l(libinit2.o)
    0x08000232   0x08000232   0x00000000   Code   RO         2293    .ARM.Collect$$libinit$$0000001B  c_w.l(libinit2.o)
    0x08000232   0x08000232   0x00000000   Code   RO         2295    .ARM.Collect$$libinit$$0000001D  c_w.l(libinit2.o)
    0x08000232   0x08000232   0x00000000   Code   RO         2297    .ARM.Collect$$libinit$$0000001F  c_w.l(libinit2.o)
    0x08000232   0x08000232   0x00000000   Code   RO         2299    .ARM.Collect$$libinit$$00000021  c_w.l(libinit2.o)
    0x08000232   0x08000232   0x00000000   Code   RO         2301    .ARM.Collect$$libinit$$00000023  c_w.l(libinit2.o)
    0x08000232   0x08000232   0x00000000   Code   RO         2303    .ARM.Collect$$libinit$$00000025  c_w.l(libinit2.o)
    0x08000232   0x08000232   0x00000000   Code   RO         2305    .ARM.Collect$$libinit$$00000027  c_w.l(libinit2.o)
    0x08000232   0x08000232   0x00000000   Code   RO         2309    .ARM.Collect$$libinit$$0000002E  c_w.l(libinit2.o)
    0x08000232   0x08000232   0x00000000   Code   RO         2311    .ARM.Collect$$libinit$$00000030  c_w.l(libinit2.o)
    0x08000232   0x08000232   0x00000000   Code   RO         2313    .ARM.Collect$$libinit$$00000032  c_w.l(libinit2.o)
    0x08000232   0x08000232   0x00000000   Code   RO         2315    .ARM.Collect$$libinit$$00000034  c_w.l(libinit2.o)
    0x08000232   0x08000232   0x00000002   Code   RO         2316    .ARM.Collect$$libinit$$00000035  c_w.l(libinit2.o)
    0x08000234   0x08000234   0x00000002   Code   RO         2338    .ARM.Collect$$libshutdown$$00000000  c_w.l(libshutdown.o)
    0x08000236   0x08000236   0x00000000   Code   RO         2353    .ARM.Collect$$libshutdown$$00000002  c_w.l(libshutdown2.o)
    0x08000236   0x08000236   0x00000000   Code   RO         2355    .ARM.Collect$$libshutdown$$00000004  c_w.l(libshutdown2.o)
    0x08000236   0x08000236   0x00000000   Code   RO         2358    .ARM.Collect$$libshutdown$$00000007  c_w.l(libshutdown2.o)
    0x08000236   0x08000236   0x00000000   Code   RO         2361    .ARM.Collect$$libshutdown$$0000000A  c_w.l(libshutdown2.o)
    0x08000236   0x08000236   0x00000000   Code   RO         2363    .ARM.Collect$$libshutdown$$0000000C  c_w.l(libshutdown2.o)
    0x08000236   0x08000236   0x00000000   Code   RO         2366    .ARM.Collect$$libshutdown$$0000000F  c_w.l(libshutdown2.o)
    0x08000236   0x08000236   0x00000002   Code   RO         2367    .ARM.Collect$$libshutdown$$00000010  c_w.l(libshutdown2.o)
    0x08000238   0x08000238   0x00000000   Code   RO         2237    .ARM.Collect$$rtentry$$00000000  c_w.l(__rtentry.o)
    0x08000238   0x08000238   0x00000000   Code   RO         2241    .ARM.Collect$$rtentry$$00000002  c_w.l(__rtentry2.o)
    0x08000238   0x08000238   0x00000006   Code   RO         2253    .ARM.Collect$$rtentry$$00000004  c_w.l(__rtentry4.o)
    0x0800023e   0x0800023e   0x00000000   Code   RO         2243    .ARM.Collect$$rtentry$$00000009  c_w.l(__rtentry2.o)
    0x0800023e   0x0800023e   0x00000004   Code   RO         2244    .ARM.Collect$$rtentry$$0000000A  c_w.l(__rtentry2.o)
    0x08000242   0x08000242   0x00000000   Code   RO         2246    .ARM.Collect$$rtentry$$0000000C  c_w.l(__rtentry2.o)
    0x08000242   0x08000242   0x00000008   Code   RO         2247    .ARM.Collect$$rtentry$$0000000D  c_w.l(__rtentry2.o)
    0x0800024a   0x0800024a   0x00000002   Code   RO         2268    .ARM.Collect$$rtexit$$00000000  c_w.l(rtexit.o)
    0x0800024c   0x0800024c   0x00000000   Code   RO         2318    .ARM.Collect$$rtexit$$00000002  c_w.l(rtexit2.o)
    0x0800024c   0x0800024c   0x00000004   Code   RO         2319    .ARM.Collect$$rtexit$$00000003  c_w.l(rtexit2.o)
    0x08000250   0x08000250   0x00000006   Code   RO         2320    .ARM.Collect$$rtexit$$00000004  c_w.l(rtexit2.o)
    0x08000256   0x08000256   0x00000002   PAD
    0x08000258   0x08000258   0x00000040   Code   RO            4    .text               startup_stm32l432xx.o
    0x08000298   0x08000298   0x00000008   PAD
    0x080002a0   0x080002a0   0x00000098   Code   RO           24    .text               tx_initialize_low_level.o
    0x08000338   0x08000338   0x00000008   PAD
    0x08000340   0x08000340   0x0000000e   Code   RO          935    .text               tx_thread_interrupt_disable.o
    0x0800034e   0x0800034e   0x00000002   PAD
    0x08000350   0x08000350   0x00000006   Code   RO          940    .text               tx_thread_interrupt_restore.o
    0x08000356   0x08000356   0x0000000a   PAD
    0x08000360   0x08000360   0x000000fc   Code   RO          945    .text               tx_thread_schedule.o
    0x0800045c   0x0800045c   0x00000004   PAD
    0x08000460   0x08000460   0x00000040   Code   RO          950    .text               tx_thread_stack_build.o
    0x080004a0   0x080004a0   0x00000026   Code   RO          955    .text               tx_thread_system_return.o
    0x080004c6   0x080004c6   0x0000000a   PAD
    0x080004d0   0x080004d0   0x000000b8   Code   RO          960    .text               tx_timer_interrupt.o
    0x08000588   0x08000588   0x00000010   Code   RO         2229    .text               c_w.l(aeabi_memset.o)
    0x08000598   0x08000598   0x0000004e   Code   RO         2231    .text               c_w.l(rt_memclr_w.o)
    0x080005e6   0x080005e6   0x00000006   Code   RO         2233    .text               c_w.l(heapauxi.o)
    0x080005ec   0x080005ec   0x00000044   Code   RO         2238    .text               c_w.l(rt_memclr.o)
    0x08000630   0x08000630   0x0000004a   Code   RO         2255    .text               c_w.l(sys_stackheap_outer.o)
    0x0800067a   0x0800067a   0x00000012   Code   RO         2257    .text               c_w.l(exit.o)
    0x0800068c   0x0800068c   0x00000008   Code   RO         2265    .text               c_w.l(libspace.o)
    0x08000694   0x08000694   0x0000000c   Code   RO         2328    .text               c_w.l(sys_exit.o)
    0x080006a0   0x080006a0   0x00000002   Code   RO         2343    .text               c_w.l(use_no_semi.o)
    0x080006a2   0x080006a2   0x00000000   Code   RO         2345    .text               c_w.l(indicate_semi.o)
    0x080006a2   0x080006a2   0x00000002   PAD
    0x080006a4   0x080006a4   0x00000074   Code   RO          835    .text.AppMain       appmain.o
    0x08000718   0x08000718   0x00000072   Code   RO          837    .text.AppTask10ms   appmain.o
    0x0800078a   0x0800078a   0x00000002   PAD
    0x0800078c   0x0800078c   0x0000006e   Code   RO          864    .text.App_Sysclock_Restore  applowpowermgr.o
    0x080007fa   0x080007fa   0x00000002   PAD
    0x080007fc   0x080007fc   0x00000016   Code   RO           38    .text.App_ThreadX_Init  app_threadx.o
    0x08000812   0x08000812   0x00000002   PAD
    0x08000814   0x08000814   0x00000008   Code   RO           44    .text.App_ThreadX_LowPower_Enter  app_threadx.o
    0x0800081c   0x0800081c   0x00000018   Code   RO           46    .text.App_ThreadX_LowPower_Exit  app_threadx.o
    0x08000834   0x08000834   0x0000000c   Code   RO           48    .text.App_ThreadX_LowPower_Timer_Adjust  app_threadx.o
    0x08000840   0x08000840   0x00000014   Code   RO           42    .text.App_ThreadX_LowPower_Timer_Setup  app_threadx.o
    0x08000854   0x08000854   0x00000004   Code   RO           77    .text.BusFault_Handler  stm32l4xx_it.o
    0x08000858   0x08000858   0x00000002   Code   RO           81    .text.DebugMon_Handler  stm32l4xx_it.o
    0x0800085a   0x0800085a   0x00000002   PAD
    0x0800085c   0x0800085c   0x0000000a   Code   RO           83    .text.EXTI1_IRQHandler  stm32l4xx_it.o
    0x08000866   0x08000866   0x00000002   PAD
    0x08000868   0x08000868   0x0000000e   Code   RO           15    .text.Error_Handler  main.o
    0x08000876   0x08000876   0x00000002   PAD
    0x08000878   0x08000878   0x00000012   Code   RO          326    .text.HAL_DBGMCU_EnableDBGSleepMode  stm32l4xx_hal.o
    0x0800088a   0x0800088a   0x00000002   PAD
    0x0800088c   0x0800088c   0x00000184   Code   RO          542    .text.HAL_GPIO_DeInit  stm32l4xx_hal_gpio.o
    0x08000a10   0x08000a10   0x0000001c   Code   RO          856    .text.HAL_GPIO_EXTI_Callback  appirqcallout.o
    0x08000a2c   0x08000a2c   0x00000038   Code   RO          552    .text.HAL_GPIO_EXTI_IRQHandler  stm32l4xx_hal_gpio.o
    0x08000a64   0x08000a64   0x00000314   Code   RO          540    .text.HAL_GPIO_Init  stm32l4xx_hal_gpio.o
    0x08000d78   0x08000d78   0x00000026   Code   RO          548    .text.HAL_GPIO_TogglePin  stm32l4xx_hal_gpio.o
    0x08000d9e   0x08000d9e   0x00000002   PAD
    0x08000da0   0x08000da0   0x0000002c   Code   RO          546    .text.HAL_GPIO_WritePin  stm32l4xx_hal_gpio.o
    0x08000dcc   0x08000dcc   0x00000078   Code   RO          841    .text.HAL_GetTick   appmain.o
    0x08000e44   0x08000e44   0x00000098   Code   RO          269    .text.HAL_I2CEx_ConfigAnalogFilter  stm32l4xx_hal_i2c_ex.o
    0x08000edc   0x08000edc   0x000000a2   Code   RO          271    .text.HAL_I2CEx_ConfigDigitalFilter  stm32l4xx_hal_i2c_ex.o
    0x08000f7e   0x08000f7e   0x00000002   PAD
    0x08000f80   0x08000f80   0x00000060   Code   RO          104    .text.HAL_I2C_DeInit  stm32l4xx_hal_i2c.o
    0x08000fe0   0x08000fe0   0x00000114   Code   RO          100    .text.HAL_I2C_Init  stm32l4xx_hal_i2c.o
    0x080010f4   0x080010f4   0x0000028a   Code   RO          168    .text.HAL_I2C_Mem_Read  stm32l4xx_hal_i2c.o
    0x0800137e   0x0800137e   0x00000002   PAD
    0x08001380   0x08001380   0x00000274   Code   RO          164    .text.HAL_I2C_Mem_Write  stm32l4xx_hal_i2c.o
    0x080015f4   0x080015f4   0x00000046   Code   RO           61    .text.HAL_I2C_MspDeInit  i2c.o
    0x0800163a   0x0800163a   0x00000002   PAD
    0x0800163c   0x0800163c   0x000000a6   Code   RO           59    .text.HAL_I2C_MspInit  i2c.o
    0x080016e2   0x080016e2   0x00000002   PAD
    0x080016e4   0x080016e4   0x00000032   Code   RO          288    .text.HAL_Init      stm32l4xx_hal.o
    0x08001716   0x08001716   0x00000002   PAD
    0x08001718   0x08001718   0x0000000a   Code   RO          839    .text.HAL_InitTick  appmain.o
    0x08001722   0x08001722   0x00000002   PAD
    0x08001724   0x08001724   0x00000042   Code   RO           92    .text.HAL_MspInit   stm32l4xx_hal_msp.o
    0x08001766   0x08001766   0x00000002   PAD
    0x08001768   0x08001768   0x00000014   Code   RO          723    .text.HAL_NVIC_EnableIRQ  stm32l4xx_hal_cortex.o
    0x0800177c   0x0800177c   0x00000032   Code   RO          715    .text.HAL_NVIC_SetPriority  stm32l4xx_hal_cortex.o
    0x080017ae   0x080017ae   0x00000002   PAD
    0x080017b0   0x080017b0   0x00000010   Code   RO          711    .text.HAL_NVIC_SetPriorityGrouping  stm32l4xx_hal_cortex.o
    0x080017c0   0x080017c0   0x000000e4   Code   RO          638    .text.HAL_PWREx_ControlVoltageScaling  stm32l4xx_hal_pwr_ex.o
    0x080018a4   0x080018a4   0x00000092   Code   RO          686    .text.HAL_PWREx_DisableLowPowerRunMode  stm32l4xx_hal_pwr_ex.o
    0x08001936   0x08001936   0x00000002   PAD
    0x08001938   0x08001938   0x00000012   Code   RO          684    .text.HAL_PWREx_EnableLowPowerRunMode  stm32l4xx_hal_pwr_ex.o
    0x0800194a   0x0800194a   0x00000002   PAD
    0x0800194c   0x0800194c   0x00000010   Code   RO          636    .text.HAL_PWREx_GetVoltageRange  stm32l4xx_hal_pwr_ex.o
    0x0800195c   0x0800195c   0x0000007a   Code   RO          613    .text.HAL_PWR_EnterSLEEPMode  stm32l4xx_hal_pwr.o
    0x080019d6   0x080019d6   0x00000002   PAD
    0x080019d8   0x080019d8   0x00000464   Code   RO          395    .text.HAL_RCCEx_PeriphCLKConfig  stm32l4xx_hal_rcc_ex.o
    0x08001e3c   0x08001e3c   0x000002a2   Code   RO          366    .text.HAL_RCC_ClockConfig  stm32l4xx_hal_rcc.o
    0x080020de   0x080020de   0x00000002   PAD
    0x080020e0   0x080020e0   0x0000017a   Code   RO          358    .text.HAL_RCC_DeInit  stm32l4xx_hal_rcc.o
    0x0800225a   0x0800225a   0x00000002   PAD
    0x0800225c   0x0800225c   0x0000015a   Code   RO          364    .text.HAL_RCC_GetSysClockFreq  stm32l4xx_hal_rcc.o
    0x080023b6   0x080023b6   0x00000002   PAD
    0x080023b8   0x080023b8   0x00000a60   Code   RO          360    .text.HAL_RCC_OscConfig  stm32l4xx_hal_rcc.o
    0x08002e18   0x08002e18   0x00000004   Code   RO           73    .text.HardFault_Handler  stm32l4xx_it.o
    0x08002e1c   0x08002e1c   0x00000040   Code   RO          124    .text.I2C_Flush_TXDR  stm32l4xx_hal_i2c.o
    0x08002e5c   0x08002e5c   0x000001fe   Code   RO          260    .text.I2C_IsErrorOccurred  stm32l4xx_hal_i2c.o
    0x0800305a   0x0800305a   0x00000002   PAD
    0x0800305c   0x0800305c   0x000000be   Code   RO          170    .text.I2C_RequestMemoryRead  stm32l4xx_hal_i2c.o
    0x0800311a   0x0800311a   0x00000002   PAD
    0x0800311c   0x0800311c   0x000000c0   Code   RO          166    .text.I2C_RequestMemoryWrite  stm32l4xx_hal_i2c.o
    0x080031dc   0x080031dc   0x00000054   Code   RO          112    .text.I2C_TransferConfig  stm32l4xx_hal_i2c.o
    0x08003230   0x08003230   0x000000ae   Code   RO          110    .text.I2C_WaitOnFlagUntilTimeout  stm32l4xx_hal_i2c.o
    0x080032de   0x080032de   0x00000002   PAD
    0x080032e0   0x080032e0   0x000000a2   Code   RO          116    .text.I2C_WaitOnSTOPFlagUntilTimeout  stm32l4xx_hal_i2c.o
    0x08003382   0x08003382   0x00000002   PAD
    0x08003384   0x08003384   0x000000ac   Code   RO          114    .text.I2C_WaitOnTXISFlagUntilTimeout  stm32l4xx_hal_i2c.o
    0x08003430   0x08003430   0x0000005c   Code   RO          866    .text.LPower_Enter  applowpowermgr.o
    0x0800348c   0x0800348c   0x0000005c   Code   RO          870    .text.LPower_SysTickTick_Set  applowpowermgr.o
    0x080034e8   0x080034e8   0x00000048   Code   RO          868    .text.LPower_Sysclock_Set  applowpowermgr.o
    0x08003530   0x08003530   0x000000aa   Code   RO           30    .text.MX_GPIO_Init  gpio.o
    0x080035da   0x080035da   0x00000002   PAD
    0x080035dc   0x080035dc   0x00000076   Code   RO           57    .text.MX_I2C1_Init  i2c.o
    0x08003652   0x08003652   0x00000002   PAD
    0x08003654   0x08003654   0x00000008   Code   RO           40    .text.MX_ThreadX_Init  app_threadx.o
    0x0800365c   0x0800365c   0x00000004   Code   RO           75    .text.MemManage_Handler  stm32l4xx_it.o
    0x08003660   0x08003660   0x00000004   Code   RO           71    .text.NMI_Handler   stm32l4xx_it.o
    0x08003664   0x08003664   0x0000006c   Code   RO          721    .text.NVIC_EncodePriority  stm32l4xx_hal_cortex.o
    0x080036d0   0x080036d0   0x00000280   Code   RO          397    .text.RCCEx_PLLSAI1_Config  stm32l4xx_hal_rcc_ex.o
    0x08003950   0x08003950   0x000000ee   Code   RO          362    .text.RCC_SetFlashLatencyFromMSIRange  stm32l4xx_hal_rcc.o
    0x08003a3e   0x08003a3e   0x00000002   PAD
    0x08003a40   0x08003a40   0x000000a4   Code   RO          907    .text.RX8900_IIC_Transmit  rx8900_callout.o
    0x08003ae4   0x08003ae4   0x000000de   Code   RO          890    .text.RX8900_Init   rx8900.o
    0x08003bc2   0x08003bc2   0x00000002   PAD
    0x08003bc4   0x08003bc4   0x00000060   Code   RO          892    .text.RX8900_Main_Fun  rx8900.o
    0x08003c24   0x08003c24   0x000000ec   Code   RO          896    .text.RX8900_Process_ISR  rx8900.o
    0x08003d10   0x08003d10   0x00000212   Code   RO          882    .text.RX8900_Set_Time  rx8900.o
    0x08003f22   0x08003f22   0x00000002   PAD
    0x08003f24   0x08003f24   0x000000aa   Code   RO          894    .text.RX8900_UpErrFlag_Polling  rx8900.o
    0x08003fce   0x08003fce   0x00000002   PAD
    0x08003fd0   0x08003fd0   0x00000158   Code   RO          884    .text.RX8900_Updata_Time  rx8900.o
    0x08004128   0x08004128   0x00000082   Code   RO           13    .text.SystemClock_Config  main.o
    0x080041aa   0x080041aa   0x00000002   PAD
    0x080041ac   0x080041ac   0x00000012   Code   RO          809    .text.SystemInit    system_stm32l4xx.o
    0x080041be   0x080041be   0x00000002   PAD
    0x080041c0   0x080041c0   0x00000004   Code   RO           79    .text.UsageFault_Handler  stm32l4xx_it.o
    0x080041c4   0x080041c4   0x00000030   Code   RO          725    .text.__NVIC_EnableIRQ  stm32l4xx_hal_cortex.o
    0x080041f4   0x080041f4   0x00000010   Code   RO          717    .text.__NVIC_GetPriorityGrouping  stm32l4xx_hal_cortex.o
    0x08004204   0x08004204   0x00000042   Code   RO          719    .text.__NVIC_SetPriority  stm32l4xx_hal_cortex.o
    0x08004246   0x08004246   0x00000002   PAD
    0x08004248   0x08004248   0x0000003c   Code   RO          713    .text.__NVIC_SetPriorityGrouping  stm32l4xx_hal_cortex.o
    0x08004284   0x08004284   0x00000122   Code   RO         1076    .text._tx_byte_pool_create  tx_byte_pool_create.o
    0x080043a6   0x080043a6   0x00000002   PAD
    0x080043a8   0x080043a8   0x00000086   Code   RO          966    .text._tx_initialize_high_level  tx_initialize_high_level.o
    0x0800442e   0x0800442e   0x00000002   PAD
    0x08004430   0x08004430   0x00000068   Code   RO          987    .text._tx_initialize_kernel_enter  tx_initialize_kernel_enter.o
    0x08004498   0x08004498   0x000001fa   Code   RO         1404    .text._tx_thread_create  tx_thread_create.o
    0x08004692   0x08004692   0x00000002   PAD
    0x08004694   0x08004694   0x0000007e   Code   RO         1444    .text._tx_thread_initialize  tx_thread_initialize.o
    0x08004712   0x08004712   0x00000002   PAD
    0x08004714   0x08004714   0x00000086   Code   RO         1506    .text._tx_thread_shell_entry  tx_thread_shell_entry.o
    0x0800479a   0x0800479a   0x00000002   PAD
    0x0800479c   0x0800479c   0x000000e2   Code   RO         1514    .text._tx_thread_sleep  tx_thread_sleep.o
    0x0800487e   0x0800487e   0x00000002   PAD
    0x08004880   0x08004880   0x00000044   Code   RO         1547    .text._tx_thread_system_preempt_check  tx_thread_system_preempt_check.o
    0x080048c4   0x080048c4   0x000001d8   Code   RO         1555    .text._tx_thread_system_resume  tx_thread_system_resume.o
    0x08004a9c   0x08004a9c   0x000002e8   Code   RO         1563    .text._tx_thread_system_suspend  tx_thread_system_suspend.o
    0x08004d84   0x08004d84   0x00000096   Code   RO         1579    .text._tx_thread_time_slice  tx_thread_time_slice.o
    0x08004e1a   0x08004e1a   0x00000002   PAD
    0x08004e1c   0x08004e1c   0x00000060   Code   RO         1595    .text._tx_thread_timeout  tx_thread_timeout.o
    0x08004e7c   0x08004e7c   0x00000022   Code   RO         1611    .text._tx_time_get  tx_time_get.o
    0x08004e9e   0x08004e9e   0x00000002   PAD
    0x08004ea0   0x08004ea0   0x0000002e   Code   RO         2099    .text._tx_timer_expiration_process  tx_timer_expiration_process.o
    0x08004ece   0x08004ece   0x00000002   PAD
    0x08004ed0   0x08004ed0   0x0000011e   Code   RO         2115    .text._tx_timer_initialize  tx_timer_initialize.o
    0x08004fee   0x08004fee   0x00000002   PAD
    0x08004ff0   0x08004ff0   0x000000d4   Code   RO         2140    .text._tx_timer_system_activate  tx_timer_system_activate.o
    0x080050c4   0x080050c4   0x00000070   Code   RO         2148    .text._tx_timer_system_deactivate  tx_timer_system_deactivate.o
    0x08005134   0x08005134   0x000001da   Code   RO         2156    .text._tx_timer_thread_entry  tx_timer_thread_entry.o
    0x0800530e   0x0800530e   0x00000002   PAD
    0x08005310   0x08005310   0x00000158   Code   RO         1683    .text._txe_byte_pool_create  txe_byte_pool_create.o
    0x08005468   0x08005468   0x00000248   Code   RO         1955    .text._txe_thread_create  txe_thread_create.o
    0x080056b0   0x080056b0   0x00000020   Code   RO           11    .text.main          main.o
    0x080056d0   0x080056d0   0x00000058   Code   RO          824    .text.tx_application_define  app_azure_rtos.o
    0x08005728   0x08005728   0x0000003c   Code   RO         2212    .text.tx_low_power_enter  tx_low_power.o
    0x08005764   0x08005764   0x0000003c   Code   RO         2216    .text.tx_low_power_exit  tx_low_power.o
    0x080057a0   0x080057a0   0x0000018e   Code   RO         2218    .text.tx_time_increment  tx_low_power.o
    0x0800592e   0x0800592e   0x00000002   PAD
    0x08005930   0x08005930   0x000000da   Code   RO         2214    .text.tx_timer_get_next  tx_low_power.o
    0x08005a0a   0x08005a0a   0x0000001a   Code   RO         2326    x$fpl$fpinit        fz_wm.l(fpinit.o)
    0x08005a24   0x08005a24   0x00000010   Data   RO          814    .rodata.AHBPrescTable  system_stm32l4xx.o
    0x08005a34   0x08005a34   0x00000030   Data   RO          816    .rodata.MSIRangeTable  system_stm32l4xx.o
    0x08005a64   0x08005a64   0x00000004   Data   RO          915    .rodata.gRX8900Cfg  rx8900_lcfg.o
    0x08005a68   0x08005a68   0x00000013   Data   RO          827    .rodata.str1.1      app_azure_rtos.o
    0x08005a7b   0x08005a7b   0x0000000e   Data   RO          844    .rodata.str1.1      appmain.o
    0x08005a89   0x08005a89   0x00000014   Data   RO         2131    .rodata.str1.1      tx_timer_initialize.o
    0x08005a9d   0x08005a9d   0x00000003   PAD
    0x08005aa0   0x08005aa0   0x00000020   Data   RO         2401    Region$$Table       anon$$obj.o


    Execution Region RW_IRAM2 (Exec base: 0x10000000, Load base: 0x08005ad0, Size: 0x00000000, Max: 0x00004000, ABSOLUTE)

    **** No section assigned to this execution region ****


    Execution Region RW_IRAM1 (Exec base: 0x20000000, Load base: 0x08005ac0, Size: 0x00001210, Max: 0x0000c000, ABSOLUTE)

    Exec Addr    Load Addr    Size         Type   Attr      Idx    E Section Name        Object

    0x20000000   0x08005ac0   0x00000004   Data   RW          813    .data.SystemCoreClock  system_stm32l4xx.o
    0x20000004   0x08005ac4   0x00000004   Data   RW         1447    .data._tx_thread_system_state  tx_thread_initialize.o
    0x20000008   0x08005ac8   0x00000004   Data   RW          348    .data.uwTickPrio    stm32l4xx_hal.o
    0x2000000c   0x08005acc   0x00000004   PAD
    0x20000010        -       0x00000060   Zero   RW         2266    .bss                c_w.l(libspace.o)
    0x20000070        -       0x00000400   Zero   RW          845    .bss.AppTask10msStk  appmain.o
    0x20000470        -       0x000000b0   Zero   RW          843    .bss.AppTask10msTCB  appmain.o
    0x20000520        -       0x00000004   Zero   RW          847    .bss.HAL_GetTick.ticks  appmain.o
    0x20000524        -       0x00000004   Zero   RW          846    .bss.Task10msCount  appmain.o
    0x20000528        -       0x00000007   Zero   RW          848    .bss.Time           appmain.o
    0x2000052f   0x08005acc   0x00000001   PAD
    0x20000530        -       0x00000004   Zero   RW          975    .bss._tx_block_pool_created_count  tx_initialize_high_level.o
    0x20000534        -       0x00000004   Zero   RW          974    .bss._tx_block_pool_created_ptr  tx_initialize_high_level.o
    0x20000538        -       0x00000004   Zero   RW         1458    .bss._tx_build_options  tx_thread_initialize.o
    0x2000053c        -       0x00000004   Zero   RW          977    .bss._tx_byte_pool_created_count  tx_initialize_high_level.o
    0x20000540        -       0x00000004   Zero   RW          976    .bss._tx_byte_pool_created_ptr  tx_initialize_high_level.o
    0x20000544        -       0x00000004   Zero   RW          973    .bss._tx_event_flags_created_count  tx_initialize_high_level.o
    0x20000548        -       0x00000004   Zero   RW          972    .bss._tx_event_flags_created_ptr  tx_initialize_high_level.o
    0x2000054c        -       0x00000004   Zero   RW          980    .bss._tx_initialize_unused_memory  tx_initialize_high_level.o
    0x20000550        -       0x00000004   Zero   RW          979    .bss._tx_mutex_created_count  tx_initialize_high_level.o
    0x20000554        -       0x00000004   Zero   RW          978    .bss._tx_mutex_created_ptr  tx_initialize_high_level.o
    0x20000558        -       0x00000004   Zero   RW          971    .bss._tx_queue_created_count  tx_initialize_high_level.o
    0x2000055c        -       0x00000004   Zero   RW          970    .bss._tx_queue_created_ptr  tx_initialize_high_level.o
    0x20000560        -       0x00000004   Zero   RW          969    .bss._tx_semaphore_created_count  tx_initialize_high_level.o
    0x20000564        -       0x00000004   Zero   RW          968    .bss._tx_semaphore_created_ptr  tx_initialize_high_level.o
    0x20000568        -       0x00000004   Zero   RW         1455    .bss._tx_thread_created_count  tx_thread_initialize.o
    0x2000056c        -       0x00000004   Zero   RW         1454    .bss._tx_thread_created_ptr  tx_thread_initialize.o
    0x20000570        -       0x00000004   Zero   RW         1449    .bss._tx_thread_current_ptr  tx_thread_initialize.o
    0x20000574        -       0x00000004   Zero   RW         1450    .bss._tx_thread_execute_ptr  tx_thread_initialize.o
    0x20000578        -       0x00000004   Zero   RW         1452    .bss._tx_thread_highest_priority  tx_thread_initialize.o
    0x2000057c        -       0x00000004   Zero   RW         1457    .bss._tx_thread_mutex_release  tx_thread_initialize.o
    0x20000580        -       0x00000004   Zero   RW         1456    .bss._tx_thread_preempt_disable  tx_thread_initialize.o
    0x20000584        -       0x00000080   Zero   RW         1453    .bss._tx_thread_priority_list  tx_thread_initialize.o
    0x20000604        -       0x00000004   Zero   RW         1451    .bss._tx_thread_priority_maps  tx_thread_initialize.o
    0x20000608        -       0x00000004   Zero   RW         1459    .bss._tx_thread_system_stack_ptr  tx_thread_initialize.o
    0x2000060c        -       0x00000004   Zero   RW         2133    .bss._tx_timer_created_count  tx_timer_initialize.o
    0x20000610        -       0x00000004   Zero   RW         2132    .bss._tx_timer_created_ptr  tx_timer_initialize.o
    0x20000614        -       0x00000004   Zero   RW         2124    .bss._tx_timer_current_ptr  tx_timer_initialize.o
    0x20000618        -       0x00000004   Zero   RW         2120    .bss._tx_timer_expired  tx_timer_initialize.o
    0x2000061c        -       0x00000004   Zero   RW         2119    .bss._tx_timer_expired_time_slice  tx_timer_initialize.o
    0x20000620        -       0x00000004   Zero   RW         2121    .bss._tx_timer_expired_timer_ptr  tx_timer_initialize.o
    0x20000624        -       0x00000080   Zero   RW         2122    .bss._tx_timer_list  tx_timer_initialize.o
    0x200006a4        -       0x00000004   Zero   RW         2125    .bss._tx_timer_list_end  tx_timer_initialize.o
    0x200006a8        -       0x00000004   Zero   RW         2123    .bss._tx_timer_list_start  tx_timer_initialize.o
    0x200006ac        -       0x00000004   Zero   RW         2129    .bss._tx_timer_priority  tx_timer_initialize.o
    0x200006b0        -       0x00000004   Zero   RW         2128    .bss._tx_timer_stack_size  tx_timer_initialize.o
    0x200006b4        -       0x00000004   Zero   RW         2127    .bss._tx_timer_stack_start  tx_timer_initialize.o
    0x200006b8        -       0x00000004   Zero   RW         2117    .bss._tx_timer_system_clock  tx_timer_initialize.o
    0x200006bc        -       0x000000b0   Zero   RW         2130    .bss._tx_timer_thread  tx_timer_initialize.o
    0x2000076c        -       0x00000200   Zero   RW         2126    .bss._tx_timer_thread_stack_area  tx_timer_initialize.o
    0x2000096c        -       0x00000004   Zero   RW         2118    .bss._tx_timer_time_slice  tx_timer_initialize.o
    0x20000970        -       0x00000004   Zero   RW          873    .bss.gLPtick        applowpowermgr.o
    0x20000974        -       0x00000001   Zero   RW          898    .bss.gRX8900RuntimeNotify  rx8900.o
    0x20000975        -       0x00000007   Zero   RW          899    .bss.gRX8900TimeInfo  rx8900.o
    0x2000097c        -       0x00000054   Zero   RW           63    .bss.hi2c1          i2c.o
    0x200009d0        -       0x00000004   Zero   RW          874    .bss.sysclock0      applowpowermgr.o
    0x200009d4        -       0x00000004   Zero   RW          872    .bss.sysclock1      applowpowermgr.o
    0x200009d8        -       0x00000034   Zero   RW          826    .bss.tx_app_byte_pool  app_azure_rtos.o
    0x20000a0c        -       0x00000200   Zero   RW          828    .bss.tx_byte_pool_buffer  app_azure_rtos.o
    0x20000c0c        -       0x00000004   Zero   RW         2220    .bss.tx_low_power_entered  tx_low_power.o
    0x20000c10        -       0x00000200   Zero   RW            2    HEAP                startup_stm32l432xx.o
    0x20000e10        -       0x00000400   Zero   RW            1    STACK               startup_stm32l432xx.o


==============================================================================

Image component sizes


      Code (inc. data)   RO Data    RW Data    ZI Data      Debug   Object Name

        88          0         19          0        564       4016   app_azure_rtos.o
        94          0          0          0          0       1256   app_threadx.o
        28          0          0          0          0        560   appirqcallout.o
       366          0          0          0         12       2276   applowpowermgr.o
       360          0         14          0       1215       4822   appmain.o
       170          0          0          0          0       3708   gpio.o
       354          0          0          0         84       6033   i2c.o
       176          0          0          0          0       1754   main.o
      1598          0          0          0          8       5136   rx8900.o
       164          0          0          0          0        931   rx8900_callout.o
         0          0          4          0          0       1292   rx8900_lcfg.o
        64         26        396          0       1536        836   startup_stm32l432xx.o
        68          0          0          4          0       7301   stm32l4xx_hal.o
       384          0          0          0          0       9040   stm32l4xx_hal_cortex.o
      1314          0          0          0          0       5226   stm32l4xx_hal_gpio.o
      3198          0          0          0          0      35916   stm32l4xx_hal_i2c.o
       314          0          0          0          0       5798   stm32l4xx_hal_i2c_ex.o
        66          0          0          0          0       1599   stm32l4xx_hal_msp.o
       122          0          0          0          0       5109   stm32l4xx_hal_pwr.o
       408          0          0          0          0       7290   stm32l4xx_hal_pwr_ex.o
      4292          0          0          0          0      10003   stm32l4xx_hal_rcc.o
      1764          0          0          0          0      12817   stm32l4xx_hal_rcc_ex.o
        32          0          0          0          0        998   stm32l4xx_it.o
        18          0         64          4          0       2846   system_stm32l4xx.o
       290          0          0          0          0       4369   tx_byte_pool_create.o
       134          0          0          0         52       6272   tx_initialize_high_level.o
       104          0          0          0          0        634   tx_initialize_kernel_enter.o
       152         32          0          0          0        656   tx_initialize_low_level.o
       736          0          0          0          4       2757   tx_low_power.o
       506          0          0          0          0       4244   tx_thread_create.o
       126          0          0          4        168       3933   tx_thread_initialize.o
        14          0          0          0          0        466   tx_thread_interrupt_disable.o
         6          0          0          0          0        464   tx_thread_interrupt_restore.o
       252         16          0          0          0        852   tx_thread_schedule.o
       134          0          0          0          0       3616   tx_thread_shell_entry.o
       226          0          0          0          0       3566   tx_thread_sleep.o
        64          0          0          0          0        461   tx_thread_stack_build.o
        68          0          0          0          0       3299   tx_thread_system_preempt_check.o
       472          0          0          0          0       3869   tx_thread_system_resume.o
        38          0          0          0          0        486   tx_thread_system_return.o
       744          0          0          0          0       3893   tx_thread_system_suspend.o
       150          0          0          0          0       3324   tx_thread_time_slice.o
        96          0          0          0          0       3397   tx_thread_timeout.o
        34          0          0          0          0        684   tx_time_get.o
        46          0          0          0          0        659   tx_timer_expiration_process.o
       286          0         20          0        868       4250   tx_timer_initialize.o
       184         44          0          0          0        814   tx_timer_interrupt.o
       212          0          0          0          0       1565   tx_timer_system_activate.o
       112          0          0          0          0       1416   tx_timer_system_deactivate.o
       474          0          0          0          0       3930   tx_timer_thread_entry.o
       344          0          0          0          0       4463   txe_byte_pool_create.o
       584          0          0          0          0       4443   txe_thread_create.o

    ----------------------------------------------------------------------
     22166        126        552         12       4516     209345   Object Totals
         0          0         32          0          0          0   (incl. Generated)
       136          8          3          0          5          0   (incl. Padding)

    ----------------------------------------------------------------------

      Code (inc. data)   RO Data    RW Data    ZI Data      Debug   Library Member Name

         8          0          0          0          0         68   __main.o
         0          0          0          0          0          0   __rtentry.o
        12          0          0          0          0          0   __rtentry2.o
         6          0          0          0          0          0   __rtentry4.o
        94          8          0          0          0          0   __scatter.o
        26          0          0          0          0          0   __scatter_copy.o
        28          0          0          0          0          0   __scatter_zi.o
        16          0          0          0          0         68   aeabi_memset.o
        18          0          0          0          0         80   exit.o
         6          0          0          0          0        152   heapauxi.o
         0          0          0          0          0          0   indicate_semi.o
         2          0          0          0          0          0   libinit.o
         6          0          0          0          0          0   libinit2.o
         2          0          0          0          0          0   libshutdown.o
         2          0          0          0          0          0   libshutdown2.o
         8          4          0          0         96         68   libspace.o
        68          0          0          0          0         68   rt_memclr.o
        78          0          0          0          0         80   rt_memclr_w.o
         2          0          0          0          0          0   rtexit.o
        10          0          0          0          0          0   rtexit2.o
        12          4          0          0          0         68   sys_exit.o
        74          0          0          0          0         80   sys_stackheap_outer.o
         2          0          0          0          0         68   use_no_semi.o
        26          0          0          0          0        116   fpinit.o

    ----------------------------------------------------------------------
       514         16          0          0         96        916   Library Totals
         8          0          0          0          0          0   (incl. Padding)

    ----------------------------------------------------------------------

      Code (inc. data)   RO Data    RW Data    ZI Data      Debug   Library Name

       480         16          0          0         96        800   c_w.l
        26          0          0          0          0        116   fz_wm.l

    ----------------------------------------------------------------------
       514         16          0          0         96        916   Library Totals

    ----------------------------------------------------------------------

==============================================================================


      Code (inc. data)   RO Data    RW Data    ZI Data      Debug   

     22680        142        552         12       4612     209177   Grand Totals
     22680        142        552         12       4612     209177   ELF Image Totals
     22680        142        552         12          0          0   ROM Totals

==============================================================================

    Total RO  Size (Code + RO Data)                23232 (  22.69kB)
    Total RW  Size (RW Data + ZI Data)              4624 (   4.52kB)
    Total ROM Size (Code + RO Data + RW Data)      23244 (  22.70kB)

==============================================================================

