<html>
<body>
<pre>
<h1>µVision Build Log</h1>
<h2>Tool Versions:</h2>
IDE-Version: ¦ÌVision V5.39.0.0
Copyright (C) 2023 ARM Ltd and ARM Germany GmbH. All rights reserved.
License Information: a'q q, q, LIC=GMZI6-DAQZF-Y84FK-Z0I2K-WLZ24-DSCSS
 
Tool Versions:
Toolchain:       MDK-ARM Plus  Version: 5.39.0.0
Toolchain Path:  D:\app\keil\Keil_v5\ARM\ARMCLANG\Bin
C Compiler:      ArmClang.exe V6.21
Assembler:       Armasm.exe V6.21
Linker/Locator:  ArmLink.exe V6.21
Library Manager: ArmAr.exe V6.21
Hex Converter:   FromElf.exe V6.21
CPU DLL:         SARMCM3.DLL V5.39.0.0
Dialog DLL:      DCM.DLL V1.17.5.0
Target DLL:      STLink\ST-LINKIII-KEIL_SWO.dll V3.2.0.0
Dialog DLL:      TCM.DLL V1.56.4.0
 
<h2>Project:</h2>
C:\Users\CXJ\Desktop\Clock\Software\MDK-ARM\Software.uvprojx
Project File Date:  06/22/2024

<h2>Output:</h2>
*** Using Compiler 'V6.21', folder: 'D:\app\keil\Keil_v5\ARM\ARMCLANG\Bin'
Build target 'Software'
assembling startup_stm32l432xx.s...
compiling stm32l4xx_hal_msp.c...
compiling stm32l4xx_it.c...
compiling stm32l4xx_hal_i2c_ex.c...
compiling gpio.c...
compiling i2c.c...
compiling app_threadx.c...
compiling main.c...
assembling tx_initialize_low_level.S...
compiling stm32l4xx_hal.c...
compiling stm32l4xx_hal_rcc.c...
compiling stm32l4xx_hal_flash_ramfunc.c...
compiling stm32l4xx_hal_flash_ex.c...
compiling stm32l4xx_hal_dma_ex.c...
compiling stm32l4xx_hal_flash.c...
compiling stm32l4xx_hal_rcc_ex.c...
compiling stm32l4xx_hal_gpio.c...
compiling stm32l4xx_hal_dma.c...
compiling stm32l4xx_hal_pwr.c...
compiling stm32l4xx_hal_cortex.c...
compiling stm32l4xx_hal_pwr_ex.c...
compiling stm32l4xx_hal_exti.c...
compiling stm32l4xx_hal_tim.c...
compiling stm32l4xx_hal_tim_ex.c...
compiling system_stm32l4xx.c...
compiling app_azure_rtos.c...
compiling AppMain.c...
assembling tx_thread_context_restore.S...
assembling tx_thread_context_save.S...
assembling tx_thread_interrupt_control.S...
assembling tx_thread_interrupt_disable.S...
compiling tx_initialize_high_level.c...
compiling tx_initialize_kernel_enter.c...
compiling stm32l4xx_hal_i2c.c...
assembling tx_thread_interrupt_restore.S...
assembling tx_thread_schedule.S...
assembling tx_thread_system_return.S...
compiling tx_initialize_kernel_setup.c...
compiling tx_block_allocate.c...
compiling tx_block_pool_cleanup.c...
assembling tx_timer_interrupt.S...
compiling tx_block_pool_delete.c...
assembling tx_thread_stack_build.S...
compiling tx_block_pool_create.c...
compiling tx_block_pool_info_get.c...
compiling tx_block_pool_initialize.c...
compiling tx_block_pool_prioritize.c...
compiling tx_byte_pool_create.c...
compiling tx_block_release.c...
compiling tx_byte_pool_delete.c...
compiling tx_byte_pool_initialize.c...
compiling tx_byte_pool_info_get.c...
compiling tx_byte_pool_cleanup.c...
compiling tx_byte_pool_prioritize.c...
compiling tx_byte_allocate.c...
compiling tx_byte_pool_search.c...
compiling tx_event_flags_create.c...
compiling tx_event_flags_cleanup.c...
compiling tx_byte_release.c...
compiling tx_event_flags_delete.c...
compiling tx_event_flags_get.c...
compiling tx_event_flags_set_notify.c...
compiling tx_event_flags_info_get.c...
compiling tx_event_flags_initialize.c...
compiling tx_event_flags_set.c...
compiling tx_mutex_delete.c...
compiling tx_mutex_info_get.c...
compiling tx_mutex_cleanup.c...
compiling tx_mutex_initialize.c...
compiling tx_mutex_prioritize.c...
compiling tx_mutex_create.c...
compiling tx_mutex_get.c...
compiling tx_mutex_priority_change.c...
compiling tx_queue_create.c...
compiling tx_queue_cleanup.c...
compiling tx_queue_delete.c...
compiling tx_queue_front_send.c...
compiling tx_mutex_put.c...
compiling tx_queue_info_get.c...
compiling tx_queue_flush.c...
compiling tx_queue_initialize.c...
compiling tx_queue_send_notify.c...
compiling tx_queue_prioritize.c...
compiling tx_queue_send.c...
compiling tx_queue_receive.c...
compiling tx_semaphore_create.c...
compiling tx_semaphore_cleanup.c...
compiling tx_semaphore_info_get.c...
compiling tx_semaphore_get.c...
compiling tx_semaphore_ceiling_put.c...
compiling tx_semaphore_initialize.c...
compiling tx_semaphore_delete.c...
compiling tx_semaphore_put_notify.c...
compiling tx_semaphore_prioritize.c...
compiling tx_semaphore_put.c...
compiling tx_thread_create.c...
compiling tx_thread_delete.c...
compiling tx_thread_entry_exit_notify.c...
compiling tx_thread_info_get.c...
compiling tx_thread_initialize.c...
compiling tx_thread_preemption_change.c...
compiling tx_thread_identify.c...
compiling tx_thread_priority_change.c...
compiling tx_thread_relinquish.c...
compiling tx_thread_reset.c...
compiling tx_thread_resume.c...
compiling tx_thread_shell_entry.c...
compiling tx_thread_sleep.c...
compiling tx_thread_stack_analyze.c...
compiling tx_thread_stack_error_handler.c...
compiling tx_thread_stack_error_notify.c...
compiling tx_thread_suspend.c...
compiling tx_thread_system_preempt_check.c...
compiling tx_thread_system_suspend.c...
compiling tx_thread_system_resume.c...
compiling tx_thread_terminate.c...
compiling tx_thread_time_slice_change.c...
compiling tx_thread_time_slice.c...
compiling tx_thread_timeout.c...
compiling tx_thread_wait_abort.c...
compiling txe_block_allocate.c...
compiling txe_block_pool_create.c...
compiling tx_time_get.c...
compiling tx_time_set.c...
compiling txe_block_pool_delete.c...
compiling txe_block_pool_info_get.c...
compiling txe_block_pool_prioritize.c...
compiling txe_block_release.c...
compiling txe_byte_pool_create.c...
compiling txe_byte_allocate.c...
compiling txe_byte_pool_delete.c...
compiling txe_byte_pool_info_get.c...
compiling txe_byte_release.c...
compiling txe_byte_pool_prioritize.c...
compiling txe_event_flags_create.c...
compiling txe_event_flags_delete.c...
compiling txe_event_flags_get.c...
compiling txe_event_flags_set_notify.c...
compiling txe_event_flags_info_get.c...
compiling txe_event_flags_set.c...
compiling txe_mutex_delete.c...
compiling txe_mutex_info_get.c...
compiling txe_mutex_get.c...
compiling txe_mutex_create.c...
compiling txe_mutex_prioritize.c...
compiling txe_queue_delete.c...
compiling txe_mutex_put.c...
compiling txe_queue_create.c...
compiling txe_queue_flush.c...
compiling txe_queue_front_send.c...
compiling txe_queue_info_get.c...
compiling txe_queue_prioritize.c...
compiling txe_semaphore_ceiling_put.c...
compiling txe_queue_receive.c...
compiling txe_queue_send_notify.c...
compiling txe_semaphore_delete.c...
compiling txe_semaphore_create.c...
compiling txe_semaphore_info_get.c...
compiling txe_queue_send.c...
compiling txe_semaphore_prioritize.c...
compiling txe_semaphore_put.c...
compiling txe_semaphore_put_notify.c...
compiling txe_semaphore_get.c...
compiling txe_thread_create.c...
compiling txe_thread_entry_exit_notify.c...
compiling txe_thread_info_get.c...
compiling txe_thread_priority_change.c...
compiling txe_thread_preemption_change.c...
compiling txe_thread_delete.c...
compiling txe_thread_relinquish.c...
compiling txe_thread_reset.c...
compiling txe_thread_suspend.c...
compiling txe_thread_resume.c...
compiling txe_thread_terminate.c...
compiling txe_thread_time_slice_change.c...
compiling tx_timer_activate.c...
compiling tx_timer_create.c...
compiling txe_thread_wait_abort.c...
compiling tx_timer_change.c...
compiling tx_timer_delete.c...
compiling tx_timer_deactivate.c...
compiling tx_timer_expiration_process.c...
compiling tx_timer_initialize.c...
compiling tx_timer_info_get.c...
compiling tx_timer_thread_entry.c...
compiling tx_timer_system_activate.c...
compiling tx_timer_system_deactivate.c...
compiling txe_timer_change.c...
compiling txe_timer_activate.c...
compiling txe_timer_create.c...
compiling txe_timer_deactivate.c...
compiling txe_timer_info_get.c...
compiling txe_timer_delete.c...
compiling RX8900.c...
compiling tx_low_power.c...
compiling RX8900_Callout.c...
linking...
Program Size: Code=13254 RO-data=494 RW-data=16 ZI-data=4576  
FromELF: creating hex file...
After Build - User command #1: .\..\keil5_disp_size_bar.exe
ram:
  RW_IRAM1 :0x20000000
   48.00 KB :|¡ö___________________|    9.34 % (    4.48 KB /    48.00 KB) [44560 B]
flash:
  ER_IROM1 :0x8000000
  256.00 KB :|¡ö___________________|    5.24 % (   13.43 KB /   256.00 KB) [248396 B]
  RW_IRAM2 :0x10000000
   16.00 KB :|____________________|    0.00 % (    0.00 KB /    16.00 KB) [16384 B]
"Software\Software.axf" - 0 Error(s), 0 Warning(s).

<h2>Software Packages used:</h2>

Package Vendor: ARM
                http://www.keil.com/pack/ARM.CMSIS.5.9.0.pack
                ARM::CMSIS@5.9.0
                CMSIS (Common Microcontroller Software Interface Standard)
   * Component: CORE Version: 5.6.0

Package Vendor: Keil
                https://www.keil.com/pack/Keil.STM32L4xx_DFP.2.7.0.pack
                Keil::STM32L4xx_DFP@2.7.0
                STMicroelectronics STM32L4 Series Device Support, Drivers and Examples

<h2>Collection of Component include folders:</h2>
  ./RTE/_Software
  D:/app/keil/pack/ARM/CMSIS/5.9.0/CMSIS/Core/Include
  D:/app/keil/pack/Keil/STM32L4xx_DFP/2.7.0_2/Drivers/CMSIS/Device/ST/STM32L4xx/Include

<h2>Collection of Component Files used:</h2>

   * Component: ARM::CMSIS:CORE@5.6.0
      Include file:  CMSIS/Core/Include/tz_context.h
Build Time Elapsed:  00:00:21
</pre>
</body>
</html>
