<!doctype html public "-//w3c//dtd html 4.0 transitional//en">
<html><head>
<title>Static Call Graph - [Software\Software.axf]</title></head>
<body><HR>
<H1>Static Call Graph for image Software\Software.axf</H1><HR>
<BR><P>#&#060CALLGRAPH&#062# ARM Linker, 6210000: Last Updated: Fri Jul 12 21:12:26 2024
<BR><P>
<H3>Maximum Stack Usage =        376 bytes + Unknown(Functions without stacksize, Cycles, Untraceable Function Pointers)</H3><H3>
Call chain for Maximum Stack Depth:</H3>
__rt_entry_main &rArr; main &rArr; MX_ThreadX_Init &rArr; _tx_initialize_kernel_enter &rArr; tx_application_define &rArr; App_ThreadX_Init &rArr; AppMain &rArr; RX8900_Init &rArr; RX8900_IIC_Transmit &rArr; HAL_I2C_Mem_Read &rArr; I2C_RequestMemoryRead &rArr; I2C_WaitOnTXISFlagUntilTimeout &rArr; I2C_IsErrorOccurred &rArr; HAL_GetTick &rArr; _tx_time_get
<P>
<H3>
Functions with no stack information
</H3><UL>
 <LI><a href="#[6b]">__user_initial_stackheap</a>
 <LI><a href="#[bb]">_tx_initialize_low_level</a>
 <LI><a href="#[5d]">__tx_BadHandler</a>
 <LI><a href="#[5e]">__tx_HardfaultHandler</a>
 <LI><a href="#[5f]">__tx_SVCallHandler</a>
 <LI><a href="#[ef]">__tx_IntHandler</a>
 <LI><a href="#[9]">SysTick_Handler</a>
 <LI><a href="#[f0]">__tx_SysTickHandler</a>
 <LI><a href="#[61]">__tx_NMIHandler</a>
 <LI><a href="#[62]">__tx_DBGHandler</a>
 <LI><a href="#[b6]">_tx_thread_interrupt_disable</a>
 <LI><a href="#[b7]">_tx_thread_interrupt_restore</a>
 <LI><a href="#[bd]">_tx_thread_schedule</a>
 <LI><a href="#[8]">PendSV_Handler</a>
 <LI><a href="#[f1]">__tx_PendSVHandler</a>
 <LI><a href="#[f2]">tx_thread_fpu_disable</a>
 <LI><a href="#[f3]">tx_thread_fpu_enable</a>
 <LI><a href="#[bf]">_tx_thread_stack_build</a>
 <LI><a href="#[c3]">_tx_thread_system_return</a>
 <LI><a href="#[60]">_tx_timer_interrupt</a>
</UL>
</UL>
<P>
<H3>
Mutually Recursive functions
</H3> <LI><a href="#[6]">SVC_Handler</a>&nbsp;&nbsp;&nbsp;&rArr;&nbsp;&nbsp;&nbsp;<a href="#[6]">SVC_Handler</a><BR>
 <LI><a href="#[1c]">ADC1_IRQHandler</a>&nbsp;&nbsp;&nbsp;&rArr;&nbsp;&nbsp;&nbsp;<a href="#[1c]">ADC1_IRQHandler</a><BR>
</UL>
<P>
<H3>
Function Pointers
</H3><UL>
 <LI><a href="#[1c]">ADC1_IRQHandler</a> from startup_stm32l432xx.o(.text) referenced from startup_stm32l432xx.o(RESET)
 <LI><a href="#[48]">AppTask10ms</a> from appmain.o(.text.AppTask10ms) referenced 2 times from appmain.o(.text.AppMain)
 <LI><a href="#[4]">BusFault_Handler</a> from stm32l4xx_it.o(.text.BusFault_Handler) referenced from startup_stm32l432xx.o(RESET)
 <LI><a href="#[1e]">CAN1_RX0_IRQHandler</a> from startup_stm32l432xx.o(.text) referenced from startup_stm32l432xx.o(RESET)
 <LI><a href="#[1f]">CAN1_RX1_IRQHandler</a> from startup_stm32l432xx.o(.text) referenced from startup_stm32l432xx.o(RESET)
 <LI><a href="#[20]">CAN1_SCE_IRQHandler</a> from startup_stm32l432xx.o(.text) referenced from startup_stm32l432xx.o(RESET)
 <LI><a href="#[1d]">CAN1_TX_IRQHandler</a> from startup_stm32l432xx.o(.text) referenced from startup_stm32l432xx.o(RESET)
 <LI><a href="#[36]">COMP_IRQHandler</a> from startup_stm32l432xx.o(.text) referenced from startup_stm32l432xx.o(RESET)
 <LI><a href="#[45]">CRS_IRQHandler</a> from startup_stm32l432xx.o(.text) referenced from startup_stm32l432xx.o(RESET)
 <LI><a href="#[15]">DMA1_Channel1_IRQHandler</a> from startup_stm32l432xx.o(.text) referenced from startup_stm32l432xx.o(RESET)
 <LI><a href="#[16]">DMA1_Channel2_IRQHandler</a> from startup_stm32l432xx.o(.text) referenced from startup_stm32l432xx.o(RESET)
 <LI><a href="#[17]">DMA1_Channel3_IRQHandler</a> from startup_stm32l432xx.o(.text) referenced from startup_stm32l432xx.o(RESET)
 <LI><a href="#[18]">DMA1_Channel4_IRQHandler</a> from startup_stm32l432xx.o(.text) referenced from startup_stm32l432xx.o(RESET)
 <LI><a href="#[19]">DMA1_Channel5_IRQHandler</a> from startup_stm32l432xx.o(.text) referenced from startup_stm32l432xx.o(RESET)
 <LI><a href="#[1a]">DMA1_Channel6_IRQHandler</a> from startup_stm32l432xx.o(.text) referenced from startup_stm32l432xx.o(RESET)
 <LI><a href="#[1b]">DMA1_Channel7_IRQHandler</a> from startup_stm32l432xx.o(.text) referenced from startup_stm32l432xx.o(RESET)
 <LI><a href="#[31]">DMA2_Channel1_IRQHandler</a> from startup_stm32l432xx.o(.text) referenced from startup_stm32l432xx.o(RESET)
 <LI><a href="#[32]">DMA2_Channel2_IRQHandler</a> from startup_stm32l432xx.o(.text) referenced from startup_stm32l432xx.o(RESET)
 <LI><a href="#[33]">DMA2_Channel3_IRQHandler</a> from startup_stm32l432xx.o(.text) referenced from startup_stm32l432xx.o(RESET)
 <LI><a href="#[34]">DMA2_Channel4_IRQHandler</a> from startup_stm32l432xx.o(.text) referenced from startup_stm32l432xx.o(RESET)
 <LI><a href="#[35]">DMA2_Channel5_IRQHandler</a> from startup_stm32l432xx.o(.text) referenced from startup_stm32l432xx.o(RESET)
 <LI><a href="#[3a]">DMA2_Channel6_IRQHandler</a> from startup_stm32l432xx.o(.text) referenced from startup_stm32l432xx.o(RESET)
 <LI><a href="#[3b]">DMA2_Channel7_IRQHandler</a> from startup_stm32l432xx.o(.text) referenced from startup_stm32l432xx.o(RESET)
 <LI><a href="#[7]">DebugMon_Handler</a> from stm32l4xx_it.o(.text.DebugMon_Handler) referenced from startup_stm32l432xx.o(RESET)
 <LI><a href="#[10]">EXTI0_IRQHandler</a> from startup_stm32l432xx.o(.text) referenced from startup_stm32l432xx.o(RESET)
 <LI><a href="#[2c]">EXTI15_10_IRQHandler</a> from startup_stm32l432xx.o(.text) referenced from startup_stm32l432xx.o(RESET)
 <LI><a href="#[11]">EXTI1_IRQHandler</a> from stm32l4xx_it.o(.text.EXTI1_IRQHandler) referenced from startup_stm32l432xx.o(RESET)
 <LI><a href="#[12]">EXTI2_IRQHandler</a> from startup_stm32l432xx.o(.text) referenced from startup_stm32l432xx.o(RESET)
 <LI><a href="#[13]">EXTI3_IRQHandler</a> from startup_stm32l432xx.o(.text) referenced from startup_stm32l432xx.o(RESET)
 <LI><a href="#[14]">EXTI4_IRQHandler</a> from startup_stm32l432xx.o(.text) referenced from startup_stm32l432xx.o(RESET)
 <LI><a href="#[21]">EXTI9_5_IRQHandler</a> from startup_stm32l432xx.o(.text) referenced from startup_stm32l432xx.o(RESET)
 <LI><a href="#[e]">FLASH_IRQHandler</a> from startup_stm32l432xx.o(.text) referenced from startup_stm32l432xx.o(RESET)
 <LI><a href="#[44]">FPU_IRQHandler</a> from startup_stm32l432xx.o(.text) referenced from startup_stm32l432xx.o(RESET)
 <LI><a href="#[2]">HardFault_Handler</a> from stm32l4xx_it.o(.text.HardFault_Handler) referenced from startup_stm32l432xx.o(RESET)
 <LI><a href="#[28]">I2C1_ER_IRQHandler</a> from startup_stm32l432xx.o(.text) referenced from startup_stm32l432xx.o(RESET)
 <LI><a href="#[27]">I2C1_EV_IRQHandler</a> from startup_stm32l432xx.o(.text) referenced from startup_stm32l432xx.o(RESET)
 <LI><a href="#[3f]">I2C3_ER_IRQHandler</a> from startup_stm32l432xx.o(.text) referenced from startup_stm32l432xx.o(RESET)
 <LI><a href="#[3e]">I2C3_EV_IRQHandler</a> from startup_stm32l432xx.o(.text) referenced from startup_stm32l432xx.o(RESET)
 <LI><a href="#[37]">LPTIM1_IRQHandler</a> from startup_stm32l432xx.o(.text) referenced from startup_stm32l432xx.o(RESET)
 <LI><a href="#[38]">LPTIM2_IRQHandler</a> from startup_stm32l432xx.o(.text) referenced from startup_stm32l432xx.o(RESET)
 <LI><a href="#[3c]">LPUART1_IRQHandler</a> from startup_stm32l432xx.o(.text) referenced from startup_stm32l432xx.o(RESET)
 <LI><a href="#[3]">MemManage_Handler</a> from stm32l4xx_it.o(.text.MemManage_Handler) referenced from startup_stm32l432xx.o(RESET)
 <LI><a href="#[1]">NMI_Handler</a> from stm32l4xx_it.o(.text.NMI_Handler) referenced from startup_stm32l432xx.o(RESET)
 <LI><a href="#[b]">PVD_PVM_IRQHandler</a> from startup_stm32l432xx.o(.text) referenced from startup_stm32l432xx.o(RESET)
 <LI><a href="#[8]">PendSV_Handler</a> from tx_thread_schedule.o(.text) referenced from startup_stm32l432xx.o(RESET)
 <LI><a href="#[3d]">QUADSPI_IRQHandler</a> from startup_stm32l432xx.o(.text) referenced from startup_stm32l432xx.o(RESET)
 <LI><a href="#[f]">RCC_IRQHandler</a> from startup_stm32l432xx.o(.text) referenced from startup_stm32l432xx.o(RESET)
 <LI><a href="#[43]">RNG_IRQHandler</a> from startup_stm32l432xx.o(.text) referenced from startup_stm32l432xx.o(RESET)
 <LI><a href="#[2d]">RTC_Alarm_IRQHandler</a> from startup_stm32l432xx.o(.text) referenced from startup_stm32l432xx.o(RESET)
 <LI><a href="#[d]">RTC_WKUP_IRQHandler</a> from startup_stm32l432xx.o(.text) referenced from startup_stm32l432xx.o(RESET)
 <LI><a href="#[0]">Reset_Handler</a> from startup_stm32l432xx.o(.text) referenced from startup_stm32l432xx.o(RESET)
 <LI><a href="#[40]">SAI1_IRQHandler</a> from startup_stm32l432xx.o(.text) referenced from startup_stm32l432xx.o(RESET)
 <LI><a href="#[29]">SPI1_IRQHandler</a> from startup_stm32l432xx.o(.text) referenced from startup_stm32l432xx.o(RESET)
 <LI><a href="#[2e]">SPI3_IRQHandler</a> from startup_stm32l432xx.o(.text) referenced from startup_stm32l432xx.o(RESET)
 <LI><a href="#[6]">SVC_Handler</a> from startup_stm32l432xx.o(.text) referenced from startup_stm32l432xx.o(RESET)
 <LI><a href="#[41]">SWPMI1_IRQHandler</a> from startup_stm32l432xx.o(.text) referenced from startup_stm32l432xx.o(RESET)
 <LI><a href="#[9]">SysTick_Handler</a> from tx_initialize_low_level.o(.text) referenced from startup_stm32l432xx.o(RESET)
 <LI><a href="#[46]">SystemInit</a> from system_stm32l4xx.o(.text.SystemInit) referenced from startup_stm32l432xx.o(.text)
 <LI><a href="#[c]">TAMP_STAMP_IRQHandler</a> from startup_stm32l432xx.o(.text) referenced from startup_stm32l432xx.o(RESET)
 <LI><a href="#[22]">TIM1_BRK_TIM15_IRQHandler</a> from startup_stm32l432xx.o(.text) referenced from startup_stm32l432xx.o(RESET)
 <LI><a href="#[25]">TIM1_CC_IRQHandler</a> from startup_stm32l432xx.o(.text) referenced from startup_stm32l432xx.o(RESET)
 <LI><a href="#[24]">TIM1_TRG_COM_IRQHandler</a> from startup_stm32l432xx.o(.text) referenced from startup_stm32l432xx.o(RESET)
 <LI><a href="#[23]">TIM1_UP_TIM16_IRQHandler</a> from startup_stm32l432xx.o(.text) referenced from startup_stm32l432xx.o(RESET)
 <LI><a href="#[26]">TIM2_IRQHandler</a> from startup_stm32l432xx.o(.text) referenced from startup_stm32l432xx.o(RESET)
 <LI><a href="#[2f]">TIM6_DAC_IRQHandler</a> from startup_stm32l432xx.o(.text) referenced from startup_stm32l432xx.o(RESET)
 <LI><a href="#[30]">TIM7_IRQHandler</a> from startup_stm32l432xx.o(.text) referenced from startup_stm32l432xx.o(RESET)
 <LI><a href="#[42]">TSC_IRQHandler</a> from startup_stm32l432xx.o(.text) referenced from startup_stm32l432xx.o(RESET)
 <LI><a href="#[2a]">USART1_IRQHandler</a> from startup_stm32l432xx.o(.text) referenced from startup_stm32l432xx.o(RESET)
 <LI><a href="#[2b]">USART2_IRQHandler</a> from startup_stm32l432xx.o(.text) referenced from startup_stm32l432xx.o(RESET)
 <LI><a href="#[39]">USB_IRQHandler</a> from startup_stm32l432xx.o(.text) referenced from startup_stm32l432xx.o(RESET)
 <LI><a href="#[5]">UsageFault_Handler</a> from stm32l4xx_it.o(.text.UsageFault_Handler) referenced from startup_stm32l432xx.o(RESET)
 <LI><a href="#[a]">WWDG_IRQHandler</a> from startup_stm32l432xx.o(.text) referenced from startup_stm32l432xx.o(RESET)
 <LI><a href="#[47]">__main</a> from __main.o(!!!main) referenced from startup_stm32l432xx.o(.text)
 <LI><a href="#[4a]">_tx_thread_shell_entry</a> from tx_thread_shell_entry.o(.text._tx_thread_shell_entry) referenced 2 times from tx_thread_create.o(.text._tx_thread_create)
 <LI><a href="#[49]">_tx_thread_timeout</a> from tx_thread_timeout.o(.text._tx_thread_timeout) referenced 2 times from tx_thread_create.o(.text._tx_thread_create)
 <LI><a href="#[4b]">_tx_timer_thread_entry</a> from tx_timer_thread_entry.o(.text._tx_timer_thread_entry) referenced 2 times from tx_timer_initialize.o(.text._tx_timer_initialize)
</UL>
<P>
<H3>
Global Symbols
</H3>
<P><STRONG><a name="[47]"></a>__main</STRONG> (Thumb, 8 bytes, Stack size 0 bytes, __main.o(!!!main))
<BR><BR>[Calls]<UL><LI><a href="#[4c]">&gt;&gt;</a>&nbsp;&nbsp;&nbsp;__scatterload
<LI><a href="#[4d]">&gt;&gt;</a>&nbsp;&nbsp;&nbsp;__rt_entry
</UL>
<BR>[Address Reference Count : 1]<UL><LI> startup_stm32l432xx.o(.text)
</UL>
<P><STRONG><a name="[4c]"></a>__scatterload</STRONG> (Thumb, 0 bytes, Stack size unknown bytes, __scatter.o(!!!scatter))
<BR><BR>[Called By]<UL><LI><a href="#[47]">&gt;&gt;</a>&nbsp;&nbsp;&nbsp;__main
</UL>

<P><STRONG><a name="[4e]"></a>__scatterload_rt2</STRONG> (Thumb, 84 bytes, Stack size unknown bytes, __scatter.o(!!!scatter), UNUSED)
<BR><BR>[Calls]<UL><LI><a href="#[4d]">&gt;&gt;</a>&nbsp;&nbsp;&nbsp;__rt_entry
</UL>

<P><STRONG><a name="[cb]"></a>__scatterload_rt2_thumb_only</STRONG> (Thumb, 0 bytes, Stack size unknown bytes, __scatter.o(!!!scatter), UNUSED)

<P><STRONG><a name="[cc]"></a>__scatterload_loop</STRONG> (Thumb, 0 bytes, Stack size unknown bytes, __scatter.o(!!!scatter), UNUSED)

<P><STRONG><a name="[4f]"></a>__scatterload_copy</STRONG> (Thumb, 26 bytes, Stack size unknown bytes, __scatter_copy.o(!!handler_copy), UNUSED)
<BR><BR>[Calls]<UL><LI><a href="#[4f]">&gt;&gt;</a>&nbsp;&nbsp;&nbsp;__scatterload_copy
</UL>
<BR>[Called By]<UL><LI><a href="#[4f]">&gt;&gt;</a>&nbsp;&nbsp;&nbsp;__scatterload_copy
</UL>

<P><STRONG><a name="[cd]"></a>__scatterload_null</STRONG> (Thumb, 2 bytes, Stack size unknown bytes, __scatter.o(!!handler_null), UNUSED)

<P><STRONG><a name="[ce]"></a>__scatterload_zeroinit</STRONG> (Thumb, 28 bytes, Stack size unknown bytes, __scatter_zi.o(!!handler_zi), UNUSED)

<P><STRONG><a name="[55]"></a>__rt_lib_init</STRONG> (Thumb, 0 bytes, Stack size unknown bytes, libinit.o(.ARM.Collect$$libinit$$00000000))
<BR><BR>[Called By]<UL><LI><a href="#[54]">&gt;&gt;</a>&nbsp;&nbsp;&nbsp;__rt_entry_li
</UL>

<P><STRONG><a name="[50]"></a>__rt_lib_init_fp_1</STRONG> (Thumb, 0 bytes, Stack size unknown bytes, libinit2.o(.ARM.Collect$$libinit$$00000001))
<BR><BR>[Calls]<UL><LI><a href="#[51]">&gt;&gt;</a>&nbsp;&nbsp;&nbsp;_fp_init
</UL>

<P><STRONG><a name="[cf]"></a>__rt_lib_init_alloca_1</STRONG> (Thumb, 0 bytes, Stack size unknown bytes, libinit2.o(.ARM.Collect$$libinit$$00000030))

<P><STRONG><a name="[d0]"></a>__rt_lib_init_argv_1</STRONG> (Thumb, 0 bytes, Stack size unknown bytes, libinit2.o(.ARM.Collect$$libinit$$0000002E))

<P><STRONG><a name="[d1]"></a>__rt_lib_init_atexit_1</STRONG> (Thumb, 0 bytes, Stack size unknown bytes, libinit2.o(.ARM.Collect$$libinit$$0000001D))

<P><STRONG><a name="[d2]"></a>__rt_lib_init_clock_1</STRONG> (Thumb, 0 bytes, Stack size unknown bytes, libinit2.o(.ARM.Collect$$libinit$$00000023))

<P><STRONG><a name="[d3]"></a>__rt_lib_init_cpp_1</STRONG> (Thumb, 0 bytes, Stack size unknown bytes, libinit2.o(.ARM.Collect$$libinit$$00000034))

<P><STRONG><a name="[d4]"></a>__rt_lib_init_exceptions_1</STRONG> (Thumb, 0 bytes, Stack size unknown bytes, libinit2.o(.ARM.Collect$$libinit$$00000032))

<P><STRONG><a name="[d5]"></a>__rt_lib_init_fp_trap_1</STRONG> (Thumb, 0 bytes, Stack size unknown bytes, libinit2.o(.ARM.Collect$$libinit$$00000021))

<P><STRONG><a name="[d6]"></a>__rt_lib_init_getenv_1</STRONG> (Thumb, 0 bytes, Stack size unknown bytes, libinit2.o(.ARM.Collect$$libinit$$00000025))

<P><STRONG><a name="[d7]"></a>__rt_lib_init_heap_1</STRONG> (Thumb, 0 bytes, Stack size unknown bytes, libinit2.o(.ARM.Collect$$libinit$$0000000C))

<P><STRONG><a name="[d8]"></a>__rt_lib_init_lc_collate_1</STRONG> (Thumb, 0 bytes, Stack size unknown bytes, libinit2.o(.ARM.Collect$$libinit$$00000013))

<P><STRONG><a name="[d9]"></a>__rt_lib_init_lc_ctype_1</STRONG> (Thumb, 0 bytes, Stack size unknown bytes, libinit2.o(.ARM.Collect$$libinit$$00000015))

<P><STRONG><a name="[da]"></a>__rt_lib_init_lc_monetary_1</STRONG> (Thumb, 0 bytes, Stack size unknown bytes, libinit2.o(.ARM.Collect$$libinit$$00000017))

<P><STRONG><a name="[db]"></a>__rt_lib_init_lc_numeric_1</STRONG> (Thumb, 0 bytes, Stack size unknown bytes, libinit2.o(.ARM.Collect$$libinit$$00000019))

<P><STRONG><a name="[dc]"></a>__rt_lib_init_lc_time_1</STRONG> (Thumb, 0 bytes, Stack size unknown bytes, libinit2.o(.ARM.Collect$$libinit$$0000001B))

<P><STRONG><a name="[dd]"></a>__rt_lib_init_preinit_1</STRONG> (Thumb, 0 bytes, Stack size unknown bytes, libinit2.o(.ARM.Collect$$libinit$$00000006))

<P><STRONG><a name="[de]"></a>__rt_lib_init_rand_1</STRONG> (Thumb, 0 bytes, Stack size unknown bytes, libinit2.o(.ARM.Collect$$libinit$$00000010))

<P><STRONG><a name="[df]"></a>__rt_lib_init_relocate_pie_1</STRONG> (Thumb, 0 bytes, Stack size unknown bytes, libinit2.o(.ARM.Collect$$libinit$$00000004))

<P><STRONG><a name="[e0]"></a>__rt_lib_init_return</STRONG> (Thumb, 0 bytes, Stack size unknown bytes, libinit2.o(.ARM.Collect$$libinit$$00000035))

<P><STRONG><a name="[e1]"></a>__rt_lib_init_signal_1</STRONG> (Thumb, 0 bytes, Stack size unknown bytes, libinit2.o(.ARM.Collect$$libinit$$0000001F))

<P><STRONG><a name="[e2]"></a>__rt_lib_init_stdio_1</STRONG> (Thumb, 0 bytes, Stack size unknown bytes, libinit2.o(.ARM.Collect$$libinit$$00000027))

<P><STRONG><a name="[e3]"></a>__rt_lib_init_user_alloc_1</STRONG> (Thumb, 0 bytes, Stack size unknown bytes, libinit2.o(.ARM.Collect$$libinit$$0000000E))

<P><STRONG><a name="[5a]"></a>__rt_lib_shutdown</STRONG> (Thumb, 0 bytes, Stack size unknown bytes, libshutdown.o(.ARM.Collect$$libshutdown$$00000000))
<BR><BR>[Called By]<UL><LI><a href="#[59]">&gt;&gt;</a>&nbsp;&nbsp;&nbsp;__rt_exit_ls
</UL>

<P><STRONG><a name="[e4]"></a>__rt_lib_shutdown_cpp_1</STRONG> (Thumb, 0 bytes, Stack size unknown bytes, libshutdown2.o(.ARM.Collect$$libshutdown$$00000002))

<P><STRONG><a name="[e5]"></a>__rt_lib_shutdown_fp_trap_1</STRONG> (Thumb, 0 bytes, Stack size unknown bytes, libshutdown2.o(.ARM.Collect$$libshutdown$$00000007))

<P><STRONG><a name="[e6]"></a>__rt_lib_shutdown_heap_1</STRONG> (Thumb, 0 bytes, Stack size unknown bytes, libshutdown2.o(.ARM.Collect$$libshutdown$$0000000F))

<P><STRONG><a name="[e7]"></a>__rt_lib_shutdown_return</STRONG> (Thumb, 0 bytes, Stack size unknown bytes, libshutdown2.o(.ARM.Collect$$libshutdown$$00000010))

<P><STRONG><a name="[e8]"></a>__rt_lib_shutdown_signal_1</STRONG> (Thumb, 0 bytes, Stack size unknown bytes, libshutdown2.o(.ARM.Collect$$libshutdown$$0000000A))

<P><STRONG><a name="[e9]"></a>__rt_lib_shutdown_stdio_1</STRONG> (Thumb, 0 bytes, Stack size unknown bytes, libshutdown2.o(.ARM.Collect$$libshutdown$$00000004))

<P><STRONG><a name="[ea]"></a>__rt_lib_shutdown_user_alloc_1</STRONG> (Thumb, 0 bytes, Stack size unknown bytes, libshutdown2.o(.ARM.Collect$$libshutdown$$0000000C))

<P><STRONG><a name="[4d]"></a>__rt_entry</STRONG> (Thumb, 0 bytes, Stack size unknown bytes, __rtentry.o(.ARM.Collect$$rtentry$$00000000))
<BR><BR>[Called By]<UL><LI><a href="#[4e]">&gt;&gt;</a>&nbsp;&nbsp;&nbsp;__scatterload_rt2
<LI><a href="#[47]">&gt;&gt;</a>&nbsp;&nbsp;&nbsp;__main
</UL>

<P><STRONG><a name="[eb]"></a>__rt_entry_presh_1</STRONG> (Thumb, 0 bytes, Stack size unknown bytes, __rtentry2.o(.ARM.Collect$$rtentry$$00000002))

<P><STRONG><a name="[52]"></a>__rt_entry_sh</STRONG> (Thumb, 0 bytes, Stack size unknown bytes, __rtentry4.o(.ARM.Collect$$rtentry$$00000004))
<BR><BR>[Stack]<UL><LI>Max Depth = 8 + Unknown Stack Size
<LI>Call Chain = __rt_entry_sh &rArr; __user_setup_stackheap
</UL>
<BR>[Calls]<UL><LI><a href="#[53]">&gt;&gt;</a>&nbsp;&nbsp;&nbsp;__user_setup_stackheap
</UL>

<P><STRONG><a name="[54]"></a>__rt_entry_li</STRONG> (Thumb, 0 bytes, Stack size unknown bytes, __rtentry2.o(.ARM.Collect$$rtentry$$0000000A))
<BR><BR>[Calls]<UL><LI><a href="#[55]">&gt;&gt;</a>&nbsp;&nbsp;&nbsp;__rt_lib_init
</UL>

<P><STRONG><a name="[ec]"></a>__rt_entry_postsh_1</STRONG> (Thumb, 0 bytes, Stack size unknown bytes, __rtentry2.o(.ARM.Collect$$rtentry$$00000009))

<P><STRONG><a name="[56]"></a>__rt_entry_main</STRONG> (Thumb, 0 bytes, Stack size unknown bytes, __rtentry2.o(.ARM.Collect$$rtentry$$0000000D))
<BR><BR>[Stack]<UL><LI>Max Depth = 376 + Unknown Stack Size
<LI>Call Chain = __rt_entry_main &rArr; main &rArr; MX_ThreadX_Init &rArr; _tx_initialize_kernel_enter &rArr; tx_application_define &rArr; App_ThreadX_Init &rArr; AppMain &rArr; RX8900_Init &rArr; RX8900_IIC_Transmit &rArr; HAL_I2C_Mem_Read &rArr; I2C_RequestMemoryRead &rArr; I2C_WaitOnTXISFlagUntilTimeout &rArr; I2C_IsErrorOccurred &rArr; HAL_GetTick &rArr; _tx_time_get
</UL>
<BR>[Calls]<UL><LI><a href="#[57]">&gt;&gt;</a>&nbsp;&nbsp;&nbsp;main
<LI><a href="#[58]">&gt;&gt;</a>&nbsp;&nbsp;&nbsp;exit
</UL>

<P><STRONG><a name="[ed]"></a>__rt_entry_postli_1</STRONG> (Thumb, 0 bytes, Stack size unknown bytes, __rtentry2.o(.ARM.Collect$$rtentry$$0000000C))

<P><STRONG><a name="[6c]"></a>__rt_exit</STRONG> (Thumb, 0 bytes, Stack size unknown bytes, rtexit.o(.ARM.Collect$$rtexit$$00000000))
<BR><BR>[Called By]<UL><LI><a href="#[58]">&gt;&gt;</a>&nbsp;&nbsp;&nbsp;exit
</UL>

<P><STRONG><a name="[59]"></a>__rt_exit_ls</STRONG> (Thumb, 0 bytes, Stack size unknown bytes, rtexit2.o(.ARM.Collect$$rtexit$$00000003))
<BR><BR>[Calls]<UL><LI><a href="#[5a]">&gt;&gt;</a>&nbsp;&nbsp;&nbsp;__rt_lib_shutdown
</UL>

<P><STRONG><a name="[ee]"></a>__rt_exit_prels_1</STRONG> (Thumb, 0 bytes, Stack size unknown bytes, rtexit2.o(.ARM.Collect$$rtexit$$00000002))

<P><STRONG><a name="[5b]"></a>__rt_exit_exit</STRONG> (Thumb, 0 bytes, Stack size unknown bytes, rtexit2.o(.ARM.Collect$$rtexit$$00000004))
<BR><BR>[Calls]<UL><LI><a href="#[5c]">&gt;&gt;</a>&nbsp;&nbsp;&nbsp;_sys_exit
</UL>

<P><STRONG><a name="[0]"></a>Reset_Handler</STRONG> (Thumb, 8 bytes, Stack size 0 bytes, startup_stm32l432xx.o(.text))
<BR>[Address Reference Count : 1]<UL><LI> startup_stm32l432xx.o(RESET)
</UL>
<P><STRONG><a name="[6]"></a>SVC_Handler</STRONG> (Thumb, 2 bytes, Stack size 0 bytes, startup_stm32l432xx.o(.text))
<BR><BR>[Calls]<UL><LI><a href="#[6]">&gt;&gt;</a>&nbsp;&nbsp;&nbsp;SVC_Handler
</UL>
<BR>[Called By]<UL><LI><a href="#[6]">&gt;&gt;</a>&nbsp;&nbsp;&nbsp;SVC_Handler
</UL>
<BR>[Address Reference Count : 1]<UL><LI> startup_stm32l432xx.o(RESET)
</UL>
<P><STRONG><a name="[1c]"></a>ADC1_IRQHandler</STRONG> (Thumb, 0 bytes, Stack size 0 bytes, startup_stm32l432xx.o(.text))
<BR><BR>[Calls]<UL><LI><a href="#[1c]">&gt;&gt;</a>&nbsp;&nbsp;&nbsp;ADC1_IRQHandler
</UL>
<BR>[Called By]<UL><LI><a href="#[1c]">&gt;&gt;</a>&nbsp;&nbsp;&nbsp;ADC1_IRQHandler
</UL>
<BR>[Address Reference Count : 1]<UL><LI> startup_stm32l432xx.o(RESET)
</UL>
<P><STRONG><a name="[1e]"></a>CAN1_RX0_IRQHandler</STRONG> (Thumb, 0 bytes, Stack size 0 bytes, startup_stm32l432xx.o(.text))
<BR>[Address Reference Count : 1]<UL><LI> startup_stm32l432xx.o(RESET)
</UL>
<P><STRONG><a name="[1f]"></a>CAN1_RX1_IRQHandler</STRONG> (Thumb, 0 bytes, Stack size 0 bytes, startup_stm32l432xx.o(.text))
<BR>[Address Reference Count : 1]<UL><LI> startup_stm32l432xx.o(RESET)
</UL>
<P><STRONG><a name="[20]"></a>CAN1_SCE_IRQHandler</STRONG> (Thumb, 0 bytes, Stack size 0 bytes, startup_stm32l432xx.o(.text))
<BR>[Address Reference Count : 1]<UL><LI> startup_stm32l432xx.o(RESET)
</UL>
<P><STRONG><a name="[1d]"></a>CAN1_TX_IRQHandler</STRONG> (Thumb, 0 bytes, Stack size 0 bytes, startup_stm32l432xx.o(.text))
<BR>[Address Reference Count : 1]<UL><LI> startup_stm32l432xx.o(RESET)
</UL>
<P><STRONG><a name="[36]"></a>COMP_IRQHandler</STRONG> (Thumb, 0 bytes, Stack size 0 bytes, startup_stm32l432xx.o(.text))
<BR>[Address Reference Count : 1]<UL><LI> startup_stm32l432xx.o(RESET)
</UL>
<P><STRONG><a name="[45]"></a>CRS_IRQHandler</STRONG> (Thumb, 0 bytes, Stack size 0 bytes, startup_stm32l432xx.o(.text))
<BR>[Address Reference Count : 1]<UL><LI> startup_stm32l432xx.o(RESET)
</UL>
<P><STRONG><a name="[15]"></a>DMA1_Channel1_IRQHandler</STRONG> (Thumb, 0 bytes, Stack size 0 bytes, startup_stm32l432xx.o(.text))
<BR>[Address Reference Count : 1]<UL><LI> startup_stm32l432xx.o(RESET)
</UL>
<P><STRONG><a name="[16]"></a>DMA1_Channel2_IRQHandler</STRONG> (Thumb, 0 bytes, Stack size 0 bytes, startup_stm32l432xx.o(.text))
<BR>[Address Reference Count : 1]<UL><LI> startup_stm32l432xx.o(RESET)
</UL>
<P><STRONG><a name="[17]"></a>DMA1_Channel3_IRQHandler</STRONG> (Thumb, 0 bytes, Stack size 0 bytes, startup_stm32l432xx.o(.text))
<BR>[Address Reference Count : 1]<UL><LI> startup_stm32l432xx.o(RESET)
</UL>
<P><STRONG><a name="[18]"></a>DMA1_Channel4_IRQHandler</STRONG> (Thumb, 0 bytes, Stack size 0 bytes, startup_stm32l432xx.o(.text))
<BR>[Address Reference Count : 1]<UL><LI> startup_stm32l432xx.o(RESET)
</UL>
<P><STRONG><a name="[19]"></a>DMA1_Channel5_IRQHandler</STRONG> (Thumb, 0 bytes, Stack size 0 bytes, startup_stm32l432xx.o(.text))
<BR>[Address Reference Count : 1]<UL><LI> startup_stm32l432xx.o(RESET)
</UL>
<P><STRONG><a name="[1a]"></a>DMA1_Channel6_IRQHandler</STRONG> (Thumb, 0 bytes, Stack size 0 bytes, startup_stm32l432xx.o(.text))
<BR>[Address Reference Count : 1]<UL><LI> startup_stm32l432xx.o(RESET)
</UL>
<P><STRONG><a name="[1b]"></a>DMA1_Channel7_IRQHandler</STRONG> (Thumb, 0 bytes, Stack size 0 bytes, startup_stm32l432xx.o(.text))
<BR>[Address Reference Count : 1]<UL><LI> startup_stm32l432xx.o(RESET)
</UL>
<P><STRONG><a name="[31]"></a>DMA2_Channel1_IRQHandler</STRONG> (Thumb, 0 bytes, Stack size 0 bytes, startup_stm32l432xx.o(.text))
<BR>[Address Reference Count : 1]<UL><LI> startup_stm32l432xx.o(RESET)
</UL>
<P><STRONG><a name="[32]"></a>DMA2_Channel2_IRQHandler</STRONG> (Thumb, 0 bytes, Stack size 0 bytes, startup_stm32l432xx.o(.text))
<BR>[Address Reference Count : 1]<UL><LI> startup_stm32l432xx.o(RESET)
</UL>
<P><STRONG><a name="[33]"></a>DMA2_Channel3_IRQHandler</STRONG> (Thumb, 0 bytes, Stack size 0 bytes, startup_stm32l432xx.o(.text))
<BR>[Address Reference Count : 1]<UL><LI> startup_stm32l432xx.o(RESET)
</UL>
<P><STRONG><a name="[34]"></a>DMA2_Channel4_IRQHandler</STRONG> (Thumb, 0 bytes, Stack size 0 bytes, startup_stm32l432xx.o(.text))
<BR>[Address Reference Count : 1]<UL><LI> startup_stm32l432xx.o(RESET)
</UL>
<P><STRONG><a name="[35]"></a>DMA2_Channel5_IRQHandler</STRONG> (Thumb, 0 bytes, Stack size 0 bytes, startup_stm32l432xx.o(.text))
<BR>[Address Reference Count : 1]<UL><LI> startup_stm32l432xx.o(RESET)
</UL>
<P><STRONG><a name="[3a]"></a>DMA2_Channel6_IRQHandler</STRONG> (Thumb, 0 bytes, Stack size 0 bytes, startup_stm32l432xx.o(.text))
<BR>[Address Reference Count : 1]<UL><LI> startup_stm32l432xx.o(RESET)
</UL>
<P><STRONG><a name="[3b]"></a>DMA2_Channel7_IRQHandler</STRONG> (Thumb, 0 bytes, Stack size 0 bytes, startup_stm32l432xx.o(.text))
<BR>[Address Reference Count : 1]<UL><LI> startup_stm32l432xx.o(RESET)
</UL>
<P><STRONG><a name="[10]"></a>EXTI0_IRQHandler</STRONG> (Thumb, 0 bytes, Stack size 0 bytes, startup_stm32l432xx.o(.text))
<BR>[Address Reference Count : 1]<UL><LI> startup_stm32l432xx.o(RESET)
</UL>
<P><STRONG><a name="[2c]"></a>EXTI15_10_IRQHandler</STRONG> (Thumb, 0 bytes, Stack size 0 bytes, startup_stm32l432xx.o(.text))
<BR>[Address Reference Count : 1]<UL><LI> startup_stm32l432xx.o(RESET)
</UL>
<P><STRONG><a name="[12]"></a>EXTI2_IRQHandler</STRONG> (Thumb, 0 bytes, Stack size 0 bytes, startup_stm32l432xx.o(.text))
<BR>[Address Reference Count : 1]<UL><LI> startup_stm32l432xx.o(RESET)
</UL>
<P><STRONG><a name="[13]"></a>EXTI3_IRQHandler</STRONG> (Thumb, 0 bytes, Stack size 0 bytes, startup_stm32l432xx.o(.text))
<BR>[Address Reference Count : 1]<UL><LI> startup_stm32l432xx.o(RESET)
</UL>
<P><STRONG><a name="[14]"></a>EXTI4_IRQHandler</STRONG> (Thumb, 0 bytes, Stack size 0 bytes, startup_stm32l432xx.o(.text))
<BR>[Address Reference Count : 1]<UL><LI> startup_stm32l432xx.o(RESET)
</UL>
<P><STRONG><a name="[21]"></a>EXTI9_5_IRQHandler</STRONG> (Thumb, 0 bytes, Stack size 0 bytes, startup_stm32l432xx.o(.text))
<BR>[Address Reference Count : 1]<UL><LI> startup_stm32l432xx.o(RESET)
</UL>
<P><STRONG><a name="[e]"></a>FLASH_IRQHandler</STRONG> (Thumb, 0 bytes, Stack size 0 bytes, startup_stm32l432xx.o(.text))
<BR>[Address Reference Count : 1]<UL><LI> startup_stm32l432xx.o(RESET)
</UL>
<P><STRONG><a name="[44]"></a>FPU_IRQHandler</STRONG> (Thumb, 0 bytes, Stack size 0 bytes, startup_stm32l432xx.o(.text))
<BR>[Address Reference Count : 1]<UL><LI> startup_stm32l432xx.o(RESET)
</UL>
<P><STRONG><a name="[28]"></a>I2C1_ER_IRQHandler</STRONG> (Thumb, 0 bytes, Stack size 0 bytes, startup_stm32l432xx.o(.text))
<BR>[Address Reference Count : 1]<UL><LI> startup_stm32l432xx.o(RESET)
</UL>
<P><STRONG><a name="[27]"></a>I2C1_EV_IRQHandler</STRONG> (Thumb, 0 bytes, Stack size 0 bytes, startup_stm32l432xx.o(.text))
<BR>[Address Reference Count : 1]<UL><LI> startup_stm32l432xx.o(RESET)
</UL>
<P><STRONG><a name="[3f]"></a>I2C3_ER_IRQHandler</STRONG> (Thumb, 0 bytes, Stack size 0 bytes, startup_stm32l432xx.o(.text))
<BR>[Address Reference Count : 1]<UL><LI> startup_stm32l432xx.o(RESET)
</UL>
<P><STRONG><a name="[3e]"></a>I2C3_EV_IRQHandler</STRONG> (Thumb, 0 bytes, Stack size 0 bytes, startup_stm32l432xx.o(.text))
<BR>[Address Reference Count : 1]<UL><LI> startup_stm32l432xx.o(RESET)
</UL>
<P><STRONG><a name="[37]"></a>LPTIM1_IRQHandler</STRONG> (Thumb, 0 bytes, Stack size 0 bytes, startup_stm32l432xx.o(.text))
<BR>[Address Reference Count : 1]<UL><LI> startup_stm32l432xx.o(RESET)
</UL>
<P><STRONG><a name="[38]"></a>LPTIM2_IRQHandler</STRONG> (Thumb, 0 bytes, Stack size 0 bytes, startup_stm32l432xx.o(.text))
<BR>[Address Reference Count : 1]<UL><LI> startup_stm32l432xx.o(RESET)
</UL>
<P><STRONG><a name="[3c]"></a>LPUART1_IRQHandler</STRONG> (Thumb, 0 bytes, Stack size 0 bytes, startup_stm32l432xx.o(.text))
<BR>[Address Reference Count : 1]<UL><LI> startup_stm32l432xx.o(RESET)
</UL>
<P><STRONG><a name="[b]"></a>PVD_PVM_IRQHandler</STRONG> (Thumb, 0 bytes, Stack size 0 bytes, startup_stm32l432xx.o(.text))
<BR>[Address Reference Count : 1]<UL><LI> startup_stm32l432xx.o(RESET)
</UL>
<P><STRONG><a name="[3d]"></a>QUADSPI_IRQHandler</STRONG> (Thumb, 0 bytes, Stack size 0 bytes, startup_stm32l432xx.o(.text))
<BR>[Address Reference Count : 1]<UL><LI> startup_stm32l432xx.o(RESET)
</UL>
<P><STRONG><a name="[f]"></a>RCC_IRQHandler</STRONG> (Thumb, 0 bytes, Stack size 0 bytes, startup_stm32l432xx.o(.text))
<BR>[Address Reference Count : 1]<UL><LI> startup_stm32l432xx.o(RESET)
</UL>
<P><STRONG><a name="[43]"></a>RNG_IRQHandler</STRONG> (Thumb, 0 bytes, Stack size 0 bytes, startup_stm32l432xx.o(.text))
<BR>[Address Reference Count : 1]<UL><LI> startup_stm32l432xx.o(RESET)
</UL>
<P><STRONG><a name="[2d]"></a>RTC_Alarm_IRQHandler</STRONG> (Thumb, 0 bytes, Stack size 0 bytes, startup_stm32l432xx.o(.text))
<BR>[Address Reference Count : 1]<UL><LI> startup_stm32l432xx.o(RESET)
</UL>
<P><STRONG><a name="[d]"></a>RTC_WKUP_IRQHandler</STRONG> (Thumb, 0 bytes, Stack size 0 bytes, startup_stm32l432xx.o(.text))
<BR>[Address Reference Count : 1]<UL><LI> startup_stm32l432xx.o(RESET)
</UL>
<P><STRONG><a name="[40]"></a>SAI1_IRQHandler</STRONG> (Thumb, 0 bytes, Stack size 0 bytes, startup_stm32l432xx.o(.text))
<BR>[Address Reference Count : 1]<UL><LI> startup_stm32l432xx.o(RESET)
</UL>
<P><STRONG><a name="[29]"></a>SPI1_IRQHandler</STRONG> (Thumb, 0 bytes, Stack size 0 bytes, startup_stm32l432xx.o(.text))
<BR>[Address Reference Count : 1]<UL><LI> startup_stm32l432xx.o(RESET)
</UL>
<P><STRONG><a name="[2e]"></a>SPI3_IRQHandler</STRONG> (Thumb, 0 bytes, Stack size 0 bytes, startup_stm32l432xx.o(.text))
<BR>[Address Reference Count : 1]<UL><LI> startup_stm32l432xx.o(RESET)
</UL>
<P><STRONG><a name="[41]"></a>SWPMI1_IRQHandler</STRONG> (Thumb, 0 bytes, Stack size 0 bytes, startup_stm32l432xx.o(.text))
<BR>[Address Reference Count : 1]<UL><LI> startup_stm32l432xx.o(RESET)
</UL>
<P><STRONG><a name="[c]"></a>TAMP_STAMP_IRQHandler</STRONG> (Thumb, 0 bytes, Stack size 0 bytes, startup_stm32l432xx.o(.text))
<BR>[Address Reference Count : 1]<UL><LI> startup_stm32l432xx.o(RESET)
</UL>
<P><STRONG><a name="[22]"></a>TIM1_BRK_TIM15_IRQHandler</STRONG> (Thumb, 0 bytes, Stack size 0 bytes, startup_stm32l432xx.o(.text))
<BR>[Address Reference Count : 1]<UL><LI> startup_stm32l432xx.o(RESET)
</UL>
<P><STRONG><a name="[25]"></a>TIM1_CC_IRQHandler</STRONG> (Thumb, 0 bytes, Stack size 0 bytes, startup_stm32l432xx.o(.text))
<BR>[Address Reference Count : 1]<UL><LI> startup_stm32l432xx.o(RESET)
</UL>
<P><STRONG><a name="[24]"></a>TIM1_TRG_COM_IRQHandler</STRONG> (Thumb, 0 bytes, Stack size 0 bytes, startup_stm32l432xx.o(.text))
<BR>[Address Reference Count : 1]<UL><LI> startup_stm32l432xx.o(RESET)
</UL>
<P><STRONG><a name="[23]"></a>TIM1_UP_TIM16_IRQHandler</STRONG> (Thumb, 0 bytes, Stack size 0 bytes, startup_stm32l432xx.o(.text))
<BR>[Address Reference Count : 1]<UL><LI> startup_stm32l432xx.o(RESET)
</UL>
<P><STRONG><a name="[26]"></a>TIM2_IRQHandler</STRONG> (Thumb, 0 bytes, Stack size 0 bytes, startup_stm32l432xx.o(.text))
<BR>[Address Reference Count : 1]<UL><LI> startup_stm32l432xx.o(RESET)
</UL>
<P><STRONG><a name="[2f]"></a>TIM6_DAC_IRQHandler</STRONG> (Thumb, 0 bytes, Stack size 0 bytes, startup_stm32l432xx.o(.text))
<BR>[Address Reference Count : 1]<UL><LI> startup_stm32l432xx.o(RESET)
</UL>
<P><STRONG><a name="[30]"></a>TIM7_IRQHandler</STRONG> (Thumb, 0 bytes, Stack size 0 bytes, startup_stm32l432xx.o(.text))
<BR>[Address Reference Count : 1]<UL><LI> startup_stm32l432xx.o(RESET)
</UL>
<P><STRONG><a name="[42]"></a>TSC_IRQHandler</STRONG> (Thumb, 0 bytes, Stack size 0 bytes, startup_stm32l432xx.o(.text))
<BR>[Address Reference Count : 1]<UL><LI> startup_stm32l432xx.o(RESET)
</UL>
<P><STRONG><a name="[2a]"></a>USART1_IRQHandler</STRONG> (Thumb, 0 bytes, Stack size 0 bytes, startup_stm32l432xx.o(.text))
<BR>[Address Reference Count : 1]<UL><LI> startup_stm32l432xx.o(RESET)
</UL>
<P><STRONG><a name="[2b]"></a>USART2_IRQHandler</STRONG> (Thumb, 0 bytes, Stack size 0 bytes, startup_stm32l432xx.o(.text))
<BR>[Address Reference Count : 1]<UL><LI> startup_stm32l432xx.o(RESET)
</UL>
<P><STRONG><a name="[39]"></a>USB_IRQHandler</STRONG> (Thumb, 0 bytes, Stack size 0 bytes, startup_stm32l432xx.o(.text))
<BR>[Address Reference Count : 1]<UL><LI> startup_stm32l432xx.o(RESET)
</UL>
<P><STRONG><a name="[a]"></a>WWDG_IRQHandler</STRONG> (Thumb, 0 bytes, Stack size 0 bytes, startup_stm32l432xx.o(.text))
<BR>[Address Reference Count : 1]<UL><LI> startup_stm32l432xx.o(RESET)
</UL>
<P><STRONG><a name="[6b]"></a>__user_initial_stackheap</STRONG> (Thumb, 0 bytes, Stack size unknown bytes, startup_stm32l432xx.o(.text))
<BR><BR>[Called By]<UL><LI><a href="#[53]">&gt;&gt;</a>&nbsp;&nbsp;&nbsp;__user_setup_stackheap
</UL>

<P><STRONG><a name="[bb]"></a>_tx_initialize_low_level</STRONG> (Thumb, 0 bytes, Stack size unknown bytes, tx_initialize_low_level.o(.text))
<BR><BR>[Called By]<UL><LI><a href="#[b1]">&gt;&gt;</a>&nbsp;&nbsp;&nbsp;_tx_initialize_kernel_enter
</UL>

<P><STRONG><a name="[5d]"></a>__tx_BadHandler</STRONG> (Thumb, 0 bytes, Stack size unknown bytes, tx_initialize_low_level.o(.text), UNUSED)
<BR><BR>[Calls]<UL><LI><a href="#[5d]">&gt;&gt;</a>&nbsp;&nbsp;&nbsp;__tx_BadHandler
</UL>
<BR>[Called By]<UL><LI><a href="#[5d]">&gt;&gt;</a>&nbsp;&nbsp;&nbsp;__tx_BadHandler
</UL>

<P><STRONG><a name="[5e]"></a>__tx_HardfaultHandler</STRONG> (Thumb, 0 bytes, Stack size unknown bytes, tx_initialize_low_level.o(.text), UNUSED)
<BR><BR>[Calls]<UL><LI><a href="#[5e]">&gt;&gt;</a>&nbsp;&nbsp;&nbsp;__tx_HardfaultHandler
</UL>
<BR>[Called By]<UL><LI><a href="#[5e]">&gt;&gt;</a>&nbsp;&nbsp;&nbsp;__tx_HardfaultHandler
</UL>

<P><STRONG><a name="[5f]"></a>__tx_SVCallHandler</STRONG> (Thumb, 0 bytes, Stack size unknown bytes, tx_initialize_low_level.o(.text), UNUSED)
<BR><BR>[Calls]<UL><LI><a href="#[5f]">&gt;&gt;</a>&nbsp;&nbsp;&nbsp;__tx_SVCallHandler
</UL>
<BR>[Called By]<UL><LI><a href="#[5f]">&gt;&gt;</a>&nbsp;&nbsp;&nbsp;__tx_SVCallHandler
</UL>

<P><STRONG><a name="[ef]"></a>__tx_IntHandler</STRONG> (Thumb, 0 bytes, Stack size unknown bytes, tx_initialize_low_level.o(.text), UNUSED)

<P><STRONG><a name="[9]"></a>SysTick_Handler</STRONG> (Thumb, 0 bytes, Stack size unknown bytes, tx_initialize_low_level.o(.text))
<BR><BR>[Stack]<UL><LI>Max Depth = 80 + Unknown Stack Size
<LI>Call Chain = SysTick_Handler &rArr; _tx_timer_interrupt &rArr; _tx_timer_expiration_process &rArr; _tx_thread_system_resume &rArr; _tx_timer_system_deactivate
</UL>
<BR>[Calls]<UL><LI><a href="#[60]">&gt;&gt;</a>&nbsp;&nbsp;&nbsp;_tx_timer_interrupt
</UL>
<BR>[Address Reference Count : 1]<UL><LI> startup_stm32l432xx.o(RESET)
</UL>
<P><STRONG><a name="[f0]"></a>__tx_SysTickHandler</STRONG> (Thumb, 0 bytes, Stack size unknown bytes, tx_initialize_low_level.o(.text), UNUSED)

<P><STRONG><a name="[61]"></a>__tx_NMIHandler</STRONG> (Thumb, 0 bytes, Stack size unknown bytes, tx_initialize_low_level.o(.text), UNUSED)
<BR><BR>[Calls]<UL><LI><a href="#[61]">&gt;&gt;</a>&nbsp;&nbsp;&nbsp;__tx_NMIHandler
</UL>
<BR>[Called By]<UL><LI><a href="#[61]">&gt;&gt;</a>&nbsp;&nbsp;&nbsp;__tx_NMIHandler
</UL>

<P><STRONG><a name="[62]"></a>__tx_DBGHandler</STRONG> (Thumb, 0 bytes, Stack size unknown bytes, tx_initialize_low_level.o(.text), UNUSED)
<BR><BR>[Calls]<UL><LI><a href="#[62]">&gt;&gt;</a>&nbsp;&nbsp;&nbsp;__tx_DBGHandler
</UL>
<BR>[Called By]<UL><LI><a href="#[62]">&gt;&gt;</a>&nbsp;&nbsp;&nbsp;__tx_DBGHandler
</UL>

<P><STRONG><a name="[b6]"></a>_tx_thread_interrupt_disable</STRONG> (Thumb, 0 bytes, Stack size unknown bytes, tx_thread_interrupt_disable.o(.text))
<BR><BR>[Called By]<UL><LI><a href="#[83]">&gt;&gt;</a>&nbsp;&nbsp;&nbsp;_tx_time_get
<LI><a href="#[75]">&gt;&gt;</a>&nbsp;&nbsp;&nbsp;_tx_thread_sleep
<LI><a href="#[70]">&gt;&gt;</a>&nbsp;&nbsp;&nbsp;_txe_thread_create
<LI><a href="#[c6]">&gt;&gt;</a>&nbsp;&nbsp;&nbsp;_txe_byte_pool_create
<LI><a href="#[4a]">&gt;&gt;</a>&nbsp;&nbsp;&nbsp;_tx_thread_shell_entry
<LI><a href="#[49]">&gt;&gt;</a>&nbsp;&nbsp;&nbsp;_tx_thread_timeout
<LI><a href="#[be]">&gt;&gt;</a>&nbsp;&nbsp;&nbsp;_tx_thread_create
<LI><a href="#[b5]">&gt;&gt;</a>&nbsp;&nbsp;&nbsp;_tx_byte_pool_create
<LI><a href="#[c0]">&gt;&gt;</a>&nbsp;&nbsp;&nbsp;_tx_thread_system_resume
<LI><a href="#[c2]">&gt;&gt;</a>&nbsp;&nbsp;&nbsp;_tx_thread_system_suspend
<LI><a href="#[65]">&gt;&gt;</a>&nbsp;&nbsp;&nbsp;_tx_timer_expiration_process
<LI><a href="#[66]">&gt;&gt;</a>&nbsp;&nbsp;&nbsp;_tx_thread_time_slice
<LI><a href="#[63]">&gt;&gt;</a>&nbsp;&nbsp;&nbsp;tx_low_power_enter
<LI><a href="#[ca]">&gt;&gt;</a>&nbsp;&nbsp;&nbsp;tx_time_increment
<LI><a href="#[c7]">&gt;&gt;</a>&nbsp;&nbsp;&nbsp;tx_timer_get_next
<LI><a href="#[4b]">&gt;&gt;</a>&nbsp;&nbsp;&nbsp;_tx_timer_thread_entry
</UL>

<P><STRONG><a name="[b7]"></a>_tx_thread_interrupt_restore</STRONG> (Thumb, 0 bytes, Stack size unknown bytes, tx_thread_interrupt_restore.o(.text))
<BR><BR>[Called By]<UL><LI><a href="#[83]">&gt;&gt;</a>&nbsp;&nbsp;&nbsp;_tx_time_get
<LI><a href="#[75]">&gt;&gt;</a>&nbsp;&nbsp;&nbsp;_tx_thread_sleep
<LI><a href="#[70]">&gt;&gt;</a>&nbsp;&nbsp;&nbsp;_txe_thread_create
<LI><a href="#[c6]">&gt;&gt;</a>&nbsp;&nbsp;&nbsp;_txe_byte_pool_create
<LI><a href="#[4a]">&gt;&gt;</a>&nbsp;&nbsp;&nbsp;_tx_thread_shell_entry
<LI><a href="#[49]">&gt;&gt;</a>&nbsp;&nbsp;&nbsp;_tx_thread_timeout
<LI><a href="#[be]">&gt;&gt;</a>&nbsp;&nbsp;&nbsp;_tx_thread_create
<LI><a href="#[b5]">&gt;&gt;</a>&nbsp;&nbsp;&nbsp;_tx_byte_pool_create
<LI><a href="#[c0]">&gt;&gt;</a>&nbsp;&nbsp;&nbsp;_tx_thread_system_resume
<LI><a href="#[c2]">&gt;&gt;</a>&nbsp;&nbsp;&nbsp;_tx_thread_system_suspend
<LI><a href="#[65]">&gt;&gt;</a>&nbsp;&nbsp;&nbsp;_tx_timer_expiration_process
<LI><a href="#[66]">&gt;&gt;</a>&nbsp;&nbsp;&nbsp;_tx_thread_time_slice
<LI><a href="#[63]">&gt;&gt;</a>&nbsp;&nbsp;&nbsp;tx_low_power_enter
<LI><a href="#[ca]">&gt;&gt;</a>&nbsp;&nbsp;&nbsp;tx_time_increment
<LI><a href="#[c7]">&gt;&gt;</a>&nbsp;&nbsp;&nbsp;tx_timer_get_next
<LI><a href="#[4b]">&gt;&gt;</a>&nbsp;&nbsp;&nbsp;_tx_timer_thread_entry
</UL>

<P><STRONG><a name="[bd]"></a>_tx_thread_schedule</STRONG> (Thumb, 0 bytes, Stack size unknown bytes, tx_thread_schedule.o(.text))
<BR><BR>[Called By]<UL><LI><a href="#[b1]">&gt;&gt;</a>&nbsp;&nbsp;&nbsp;_tx_initialize_kernel_enter
</UL>

<P><STRONG><a name="[8]"></a>PendSV_Handler</STRONG> (Thumb, 0 bytes, Stack size unknown bytes, tx_thread_schedule.o(.text))
<BR><BR>[Stack]<UL><LI>Max Depth = 264 + Unknown Stack Size
<LI>Call Chain = PendSV_Handler &rArr; tx_low_power_exit &rArr; App_ThreadX_LowPower_Exit &rArr; HAL_I2C_Init &rArr; HAL_I2C_MspInit &rArr; HAL_RCCEx_PeriphCLKConfig &rArr; RCCEx_PLLSAI1_Config &rArr; HAL_GetTick &rArr; _tx_time_get
</UL>
<BR>[Calls]<UL><LI><a href="#[64]">&gt;&gt;</a>&nbsp;&nbsp;&nbsp;tx_low_power_exit
<LI><a href="#[63]">&gt;&gt;</a>&nbsp;&nbsp;&nbsp;tx_low_power_enter
</UL>
<BR>[Address Reference Count : 1]<UL><LI> startup_stm32l432xx.o(RESET)
</UL>
<P><STRONG><a name="[f1]"></a>__tx_PendSVHandler</STRONG> (Thumb, 0 bytes, Stack size unknown bytes, tx_thread_schedule.o(.text), UNUSED)

<P><STRONG><a name="[f2]"></a>tx_thread_fpu_disable</STRONG> (Thumb, 0 bytes, Stack size unknown bytes, tx_thread_schedule.o(.text), UNUSED)

<P><STRONG><a name="[f3]"></a>tx_thread_fpu_enable</STRONG> (Thumb, 0 bytes, Stack size unknown bytes, tx_thread_schedule.o(.text), UNUSED)

<P><STRONG><a name="[bf]"></a>_tx_thread_stack_build</STRONG> (Thumb, 0 bytes, Stack size unknown bytes, tx_thread_stack_build.o(.text))
<BR><BR>[Called By]<UL><LI><a href="#[be]">&gt;&gt;</a>&nbsp;&nbsp;&nbsp;_tx_thread_create
</UL>

<P><STRONG><a name="[c3]"></a>_tx_thread_system_return</STRONG> (Thumb, 0 bytes, Stack size unknown bytes, tx_thread_system_return.o(.text))
<BR><BR>[Called By]<UL><LI><a href="#[c1]">&gt;&gt;</a>&nbsp;&nbsp;&nbsp;_tx_thread_system_preempt_check
<LI><a href="#[c0]">&gt;&gt;</a>&nbsp;&nbsp;&nbsp;_tx_thread_system_resume
<LI><a href="#[c2]">&gt;&gt;</a>&nbsp;&nbsp;&nbsp;_tx_thread_system_suspend
</UL>

<P><STRONG><a name="[60]"></a>_tx_timer_interrupt</STRONG> (Thumb, 0 bytes, Stack size unknown bytes, tx_timer_interrupt.o(.text))
<BR><BR>[Stack]<UL><LI>Max Depth = 80 + Unknown Stack Size
<LI>Call Chain = _tx_timer_interrupt &rArr; _tx_timer_expiration_process &rArr; _tx_thread_system_resume &rArr; _tx_timer_system_deactivate
</UL>
<BR>[Calls]<UL><LI><a href="#[65]">&gt;&gt;</a>&nbsp;&nbsp;&nbsp;_tx_timer_expiration_process
<LI><a href="#[66]">&gt;&gt;</a>&nbsp;&nbsp;&nbsp;_tx_thread_time_slice
</UL>
<BR>[Called By]<UL><LI><a href="#[9]">&gt;&gt;</a>&nbsp;&nbsp;&nbsp;SysTick_Handler
</UL>

<P><STRONG><a name="[67]"></a>__aeabi_memset</STRONG> (Thumb, 16 bytes, Stack size 0 bytes, aeabi_memset.o(.text))
<BR><BR>[Stack]<UL><LI>Max Depth = 4<LI>Call Chain = __aeabi_memset &rArr; _memset &rArr; _memset_w
</UL>
<BR>[Calls]<UL><LI><a href="#[68]">&gt;&gt;</a>&nbsp;&nbsp;&nbsp;_memset
</UL>
<BR>[Called By]<UL><LI><a href="#[be]">&gt;&gt;</a>&nbsp;&nbsp;&nbsp;_tx_thread_create
</UL>

<P><STRONG><a name="[90]"></a>__aeabi_memclr4</STRONG> (Thumb, 0 bytes, Stack size unknown bytes, rt_memclr_w.o(.text))
<BR><BR>[Called By]<UL><LI><a href="#[a8]">&gt;&gt;</a>&nbsp;&nbsp;&nbsp;LPower_Sysclock_Set
<LI><a href="#[86]">&gt;&gt;</a>&nbsp;&nbsp;&nbsp;HAL_I2C_MspInit
<LI><a href="#[77]">&gt;&gt;</a>&nbsp;&nbsp;&nbsp;SystemClock_Config
<LI><a href="#[be]">&gt;&gt;</a>&nbsp;&nbsp;&nbsp;_tx_thread_create
<LI><a href="#[b5]">&gt;&gt;</a>&nbsp;&nbsp;&nbsp;_tx_byte_pool_create
<LI><a href="#[ba]">&gt;&gt;</a>&nbsp;&nbsp;&nbsp;_tx_timer_initialize
<LI><a href="#[b9]">&gt;&gt;</a>&nbsp;&nbsp;&nbsp;_tx_thread_initialize
</UL>

<P><STRONG><a name="[f4]"></a>__aeabi_memclr8</STRONG> (Thumb, 0 bytes, Stack size unknown bytes, rt_memclr_w.o(.text), UNUSED)

<P><STRONG><a name="[f5]"></a>__rt_memclr_w</STRONG> (Thumb, 0 bytes, Stack size unknown bytes, rt_memclr_w.o(.text), UNUSED)

<P><STRONG><a name="[69]"></a>_memset_w</STRONG> (Thumb, 74 bytes, Stack size 4 bytes, rt_memclr_w.o(.text))
<BR><BR>[Stack]<UL><LI>Max Depth = 4<LI>Call Chain = _memset_w
</UL>
<BR>[Called By]<UL><LI><a href="#[68]">&gt;&gt;</a>&nbsp;&nbsp;&nbsp;_memset
</UL>

<P><STRONG><a name="[f6]"></a>__use_two_region_memory</STRONG> (Thumb, 2 bytes, Stack size 0 bytes, heapauxi.o(.text), UNUSED)

<P><STRONG><a name="[f7]"></a>__rt_heap_escrow$2region</STRONG> (Thumb, 2 bytes, Stack size 0 bytes, heapauxi.o(.text), UNUSED)

<P><STRONG><a name="[f8]"></a>__rt_heap_expand$2region</STRONG> (Thumb, 2 bytes, Stack size 0 bytes, heapauxi.o(.text), UNUSED)

<P><STRONG><a name="[f9]"></a>__aeabi_memclr</STRONG> (Thumb, 0 bytes, Stack size unknown bytes, rt_memclr.o(.text), UNUSED)

<P><STRONG><a name="[fa]"></a>__rt_memclr</STRONG> (Thumb, 0 bytes, Stack size unknown bytes, rt_memclr.o(.text), UNUSED)

<P><STRONG><a name="[68]"></a>_memset</STRONG> (Thumb, 64 bytes, Stack size 0 bytes, rt_memclr.o(.text))
<BR><BR>[Stack]<UL><LI>Max Depth = 4<LI>Call Chain = _memset &rArr; _memset_w
</UL>
<BR>[Calls]<UL><LI><a href="#[69]">&gt;&gt;</a>&nbsp;&nbsp;&nbsp;_memset_w
</UL>
<BR>[Called By]<UL><LI><a href="#[67]">&gt;&gt;</a>&nbsp;&nbsp;&nbsp;__aeabi_memset
</UL>

<P><STRONG><a name="[53]"></a>__user_setup_stackheap</STRONG> (Thumb, 74 bytes, Stack size 8 bytes, sys_stackheap_outer.o(.text))
<BR><BR>[Stack]<UL><LI>Max Depth = 8 + Unknown Stack Size
<LI>Call Chain = __user_setup_stackheap
</UL>
<BR>[Calls]<UL><LI><a href="#[6b]">&gt;&gt;</a>&nbsp;&nbsp;&nbsp;__user_initial_stackheap
<LI><a href="#[6a]">&gt;&gt;</a>&nbsp;&nbsp;&nbsp;__user_perproc_libspace
</UL>
<BR>[Called By]<UL><LI><a href="#[52]">&gt;&gt;</a>&nbsp;&nbsp;&nbsp;__rt_entry_sh
</UL>

<P><STRONG><a name="[58]"></a>exit</STRONG> (Thumb, 18 bytes, Stack size 8 bytes, exit.o(.text))
<BR><BR>[Stack]<UL><LI>Max Depth = 8 + Unknown Stack Size
<LI>Call Chain = exit
</UL>
<BR>[Calls]<UL><LI><a href="#[6c]">&gt;&gt;</a>&nbsp;&nbsp;&nbsp;__rt_exit
</UL>
<BR>[Called By]<UL><LI><a href="#[56]">&gt;&gt;</a>&nbsp;&nbsp;&nbsp;__rt_entry_main
</UL>

<P><STRONG><a name="[fb]"></a>__user_libspace</STRONG> (Thumb, 8 bytes, Stack size 0 bytes, libspace.o(.text), UNUSED)

<P><STRONG><a name="[6a]"></a>__user_perproc_libspace</STRONG> (Thumb, 0 bytes, Stack size 0 bytes, libspace.o(.text))
<BR><BR>[Called By]<UL><LI><a href="#[53]">&gt;&gt;</a>&nbsp;&nbsp;&nbsp;__user_setup_stackheap
</UL>

<P><STRONG><a name="[fc]"></a>__user_perthread_libspace</STRONG> (Thumb, 0 bytes, Stack size 0 bytes, libspace.o(.text), UNUSED)

<P><STRONG><a name="[5c]"></a>_sys_exit</STRONG> (Thumb, 8 bytes, Stack size 0 bytes, sys_exit.o(.text))
<BR><BR>[Called By]<UL><LI><a href="#[5b]">&gt;&gt;</a>&nbsp;&nbsp;&nbsp;__rt_exit_exit
</UL>

<P><STRONG><a name="[fd]"></a>__I$use$semihosting</STRONG> (Thumb, 0 bytes, Stack size 0 bytes, use_no_semi.o(.text), UNUSED)

<P><STRONG><a name="[fe]"></a>__use_no_semihosting_swi</STRONG> (Thumb, 2 bytes, Stack size 0 bytes, use_no_semi.o(.text), UNUSED)

<P><STRONG><a name="[ff]"></a>__semihosting_library_function</STRONG> (Thumb, 0 bytes, Stack size unknown bytes, indicate_semi.o(.text), UNUSED)

<P><STRONG><a name="[6d]"></a>AppMain</STRONG> (Thumb, 116 bytes, Stack size 48 bytes, appmain.o(.text.AppMain))
<BR><BR>[Stack]<UL><LI>Max Depth = 296 + Unknown Stack Size
<LI>Call Chain = AppMain &rArr; RX8900_Init &rArr; RX8900_IIC_Transmit &rArr; HAL_I2C_Mem_Read &rArr; I2C_RequestMemoryRead &rArr; I2C_WaitOnTXISFlagUntilTimeout &rArr; I2C_IsErrorOccurred &rArr; HAL_GetTick &rArr; _tx_time_get
</UL>
<BR>[Calls]<UL><LI><a href="#[70]">&gt;&gt;</a>&nbsp;&nbsp;&nbsp;_txe_thread_create
<LI><a href="#[6f]">&gt;&gt;</a>&nbsp;&nbsp;&nbsp;RX8900_Init
<LI><a href="#[6e]">&gt;&gt;</a>&nbsp;&nbsp;&nbsp;HAL_DBGMCU_EnableDBGSleepMode
</UL>
<BR>[Called By]<UL><LI><a href="#[79]">&gt;&gt;</a>&nbsp;&nbsp;&nbsp;App_ThreadX_Init
</UL>

<P><STRONG><a name="[76]"></a>App_Sysclock_Restore</STRONG> (Thumb, 110 bytes, Stack size 16 bytes, applowpowermgr.o(.text.App_Sysclock_Restore))
<BR><BR>[Stack]<UL><LI>Max Depth = 204 + Unknown Stack Size
<LI>Call Chain = App_Sysclock_Restore &rArr; SystemClock_Config &rArr; HAL_RCC_OscConfig &rArr; HAL_RCC_GetSysClockFreq
</UL>
<BR>[Calls]<UL><LI><a href="#[78]">&gt;&gt;</a>&nbsp;&nbsp;&nbsp;HAL_RCC_GetSysClockFreq
<LI><a href="#[77]">&gt;&gt;</a>&nbsp;&nbsp;&nbsp;SystemClock_Config
</UL>
<BR>[Called By]<UL><LI><a href="#[7c]">&gt;&gt;</a>&nbsp;&nbsp;&nbsp;App_ThreadX_LowPower_Exit
</UL>

<P><STRONG><a name="[79]"></a>App_ThreadX_Init</STRONG> (Thumb, 22 bytes, Stack size 16 bytes, app_threadx.o(.text.App_ThreadX_Init))
<BR><BR>[Stack]<UL><LI>Max Depth = 312 + Unknown Stack Size
<LI>Call Chain = App_ThreadX_Init &rArr; AppMain &rArr; RX8900_Init &rArr; RX8900_IIC_Transmit &rArr; HAL_I2C_Mem_Read &rArr; I2C_RequestMemoryRead &rArr; I2C_WaitOnTXISFlagUntilTimeout &rArr; I2C_IsErrorOccurred &rArr; HAL_GetTick &rArr; _tx_time_get
</UL>
<BR>[Calls]<UL><LI><a href="#[6d]">&gt;&gt;</a>&nbsp;&nbsp;&nbsp;AppMain
</UL>
<BR>[Called By]<UL><LI><a href="#[bc]">&gt;&gt;</a>&nbsp;&nbsp;&nbsp;tx_application_define
</UL>

<P><STRONG><a name="[7a]"></a>App_ThreadX_LowPower_Enter</STRONG> (Thumb, 8 bytes, Stack size 8 bytes, app_threadx.o(.text.App_ThreadX_LowPower_Enter))
<BR><BR>[Stack]<UL><LI>Max Depth = 196 + Unknown Stack Size
<LI>Call Chain = App_ThreadX_LowPower_Enter &rArr; LPower_Enter &rArr; LPower_Sysclock_Set &rArr; HAL_RCC_OscConfig &rArr; HAL_RCC_GetSysClockFreq
</UL>
<BR>[Calls]<UL><LI><a href="#[7b]">&gt;&gt;</a>&nbsp;&nbsp;&nbsp;LPower_Enter
</UL>
<BR>[Called By]<UL><LI><a href="#[63]">&gt;&gt;</a>&nbsp;&nbsp;&nbsp;tx_low_power_enter
</UL>

<P><STRONG><a name="[7c]"></a>App_ThreadX_LowPower_Exit</STRONG> (Thumb, 24 bytes, Stack size 8 bytes, app_threadx.o(.text.App_ThreadX_LowPower_Exit))
<BR><BR>[Stack]<UL><LI>Max Depth = 248 + Unknown Stack Size
<LI>Call Chain = App_ThreadX_LowPower_Exit &rArr; HAL_I2C_Init &rArr; HAL_I2C_MspInit &rArr; HAL_RCCEx_PeriphCLKConfig &rArr; RCCEx_PLLSAI1_Config &rArr; HAL_GetTick &rArr; _tx_time_get
</UL>
<BR>[Calls]<UL><LI><a href="#[7e]">&gt;&gt;</a>&nbsp;&nbsp;&nbsp;HAL_I2C_Init
<LI><a href="#[76]">&gt;&gt;</a>&nbsp;&nbsp;&nbsp;App_Sysclock_Restore
<LI><a href="#[7d]">&gt;&gt;</a>&nbsp;&nbsp;&nbsp;HAL_PWREx_DisableLowPowerRunMode
</UL>
<BR>[Called By]<UL><LI><a href="#[64]">&gt;&gt;</a>&nbsp;&nbsp;&nbsp;tx_low_power_exit
</UL>

<P><STRONG><a name="[c9]"></a>App_ThreadX_LowPower_Timer_Adjust</STRONG> (Thumb, 12 bytes, Stack size 0 bytes, app_threadx.o(.text.App_ThreadX_LowPower_Timer_Adjust))
<BR><BR>[Called By]<UL><LI><a href="#[64]">&gt;&gt;</a>&nbsp;&nbsp;&nbsp;tx_low_power_exit
</UL>

<P><STRONG><a name="[c8]"></a>App_ThreadX_LowPower_Timer_Setup</STRONG> (Thumb, 20 bytes, Stack size 4 bytes, app_threadx.o(.text.App_ThreadX_LowPower_Timer_Setup))
<BR><BR>[Stack]<UL><LI>Max Depth = 4<LI>Call Chain = App_ThreadX_LowPower_Timer_Setup
</UL>
<BR>[Called By]<UL><LI><a href="#[63]">&gt;&gt;</a>&nbsp;&nbsp;&nbsp;tx_low_power_enter
</UL>

<P><STRONG><a name="[4]"></a>BusFault_Handler</STRONG> (Thumb, 4 bytes, Stack size 0 bytes, stm32l4xx_it.o(.text.BusFault_Handler))
<BR>[Address Reference Count : 1]<UL><LI> startup_stm32l432xx.o(RESET)
</UL>
<P><STRONG><a name="[7]"></a>DebugMon_Handler</STRONG> (Thumb, 2 bytes, Stack size 0 bytes, stm32l4xx_it.o(.text.DebugMon_Handler))
<BR>[Address Reference Count : 1]<UL><LI> startup_stm32l432xx.o(RESET)
</UL>
<P><STRONG><a name="[11]"></a>EXTI1_IRQHandler</STRONG> (Thumb, 10 bytes, Stack size 8 bytes, stm32l4xx_it.o(.text.EXTI1_IRQHandler))
<BR><BR>[Stack]<UL><LI>Max Depth = 272 + Unknown Stack Size
<LI>Call Chain = EXTI1_IRQHandler &rArr; HAL_GPIO_EXTI_IRQHandler &rArr; HAL_GPIO_EXTI_Callback &rArr; RX8900_Process_ISR &rArr; RX8900_IIC_Transmit &rArr; HAL_I2C_Mem_Read &rArr; I2C_RequestMemoryRead &rArr; I2C_WaitOnTXISFlagUntilTimeout &rArr; I2C_IsErrorOccurred &rArr; HAL_GetTick &rArr; _tx_time_get
</UL>
<BR>[Calls]<UL><LI><a href="#[7f]">&gt;&gt;</a>&nbsp;&nbsp;&nbsp;HAL_GPIO_EXTI_IRQHandler
</UL>
<BR>[Address Reference Count : 1]<UL><LI> startup_stm32l432xx.o(RESET)
</UL>
<P><STRONG><a name="[92]"></a>Error_Handler</STRONG> (Thumb, 14 bytes, Stack size 4 bytes, main.o(.text.Error_Handler))
<BR><BR>[Stack]<UL><LI>Max Depth = 4<LI>Call Chain = Error_Handler
</UL>
<BR>[Called By]<UL><LI><a href="#[86]">&gt;&gt;</a>&nbsp;&nbsp;&nbsp;HAL_I2C_MspInit
<LI><a href="#[ad]">&gt;&gt;</a>&nbsp;&nbsp;&nbsp;MX_I2C1_Init
<LI><a href="#[77]">&gt;&gt;</a>&nbsp;&nbsp;&nbsp;SystemClock_Config
</UL>

<P><STRONG><a name="[6e]"></a>HAL_DBGMCU_EnableDBGSleepMode</STRONG> (Thumb, 18 bytes, Stack size 0 bytes, stm32l4xx_hal.o(.text.HAL_DBGMCU_EnableDBGSleepMode))
<BR><BR>[Called By]<UL><LI><a href="#[6d]">&gt;&gt;</a>&nbsp;&nbsp;&nbsp;AppMain
</UL>

<P><STRONG><a name="[8f]"></a>HAL_GPIO_DeInit</STRONG> (Thumb, 388 bytes, Stack size 32 bytes, stm32l4xx_hal_gpio.o(.text.HAL_GPIO_DeInit))
<BR><BR>[Stack]<UL><LI>Max Depth = 32<LI>Call Chain = HAL_GPIO_DeInit
</UL>
<BR>[Called By]<UL><LI><a href="#[85]">&gt;&gt;</a>&nbsp;&nbsp;&nbsp;HAL_I2C_MspDeInit
</UL>

<P><STRONG><a name="[80]"></a>HAL_GPIO_EXTI_Callback</STRONG> (Thumb, 28 bytes, Stack size 16 bytes, appirqcallout.o(.text.HAL_GPIO_EXTI_Callback))
<BR><BR>[Stack]<UL><LI>Max Depth = 248 + Unknown Stack Size
<LI>Call Chain = HAL_GPIO_EXTI_Callback &rArr; RX8900_Process_ISR &rArr; RX8900_IIC_Transmit &rArr; HAL_I2C_Mem_Read &rArr; I2C_RequestMemoryRead &rArr; I2C_WaitOnTXISFlagUntilTimeout &rArr; I2C_IsErrorOccurred &rArr; HAL_GetTick &rArr; _tx_time_get
</UL>
<BR>[Calls]<UL><LI><a href="#[81]">&gt;&gt;</a>&nbsp;&nbsp;&nbsp;RX8900_Process_ISR
</UL>
<BR>[Called By]<UL><LI><a href="#[7f]">&gt;&gt;</a>&nbsp;&nbsp;&nbsp;HAL_GPIO_EXTI_IRQHandler
</UL>

<P><STRONG><a name="[7f]"></a>HAL_GPIO_EXTI_IRQHandler</STRONG> (Thumb, 56 bytes, Stack size 16 bytes, stm32l4xx_hal_gpio.o(.text.HAL_GPIO_EXTI_IRQHandler))
<BR><BR>[Stack]<UL><LI>Max Depth = 264 + Unknown Stack Size
<LI>Call Chain = HAL_GPIO_EXTI_IRQHandler &rArr; HAL_GPIO_EXTI_Callback &rArr; RX8900_Process_ISR &rArr; RX8900_IIC_Transmit &rArr; HAL_I2C_Mem_Read &rArr; I2C_RequestMemoryRead &rArr; I2C_WaitOnTXISFlagUntilTimeout &rArr; I2C_IsErrorOccurred &rArr; HAL_GetTick &rArr; _tx_time_get
</UL>
<BR>[Calls]<UL><LI><a href="#[80]">&gt;&gt;</a>&nbsp;&nbsp;&nbsp;HAL_GPIO_EXTI_Callback
</UL>
<BR>[Called By]<UL><LI><a href="#[11]">&gt;&gt;</a>&nbsp;&nbsp;&nbsp;EXTI1_IRQHandler
</UL>

<P><STRONG><a name="[93]"></a>HAL_GPIO_Init</STRONG> (Thumb, 788 bytes, Stack size 32 bytes, stm32l4xx_hal_gpio.o(.text.HAL_GPIO_Init))
<BR><BR>[Stack]<UL><LI>Max Depth = 32<LI>Call Chain = HAL_GPIO_Init
</UL>
<BR>[Called By]<UL><LI><a href="#[86]">&gt;&gt;</a>&nbsp;&nbsp;&nbsp;HAL_I2C_MspInit
<LI><a href="#[ab]">&gt;&gt;</a>&nbsp;&nbsp;&nbsp;MX_GPIO_Init
</UL>

<P><STRONG><a name="[72]"></a>HAL_GPIO_TogglePin</STRONG> (Thumb, 38 bytes, Stack size 12 bytes, stm32l4xx_hal_gpio.o(.text.HAL_GPIO_TogglePin))
<BR><BR>[Stack]<UL><LI>Max Depth = 12<LI>Call Chain = HAL_GPIO_TogglePin
</UL>
<BR>[Called By]<UL><LI><a href="#[48]">&gt;&gt;</a>&nbsp;&nbsp;&nbsp;AppTask10ms
</UL>

<P><STRONG><a name="[ac]"></a>HAL_GPIO_WritePin</STRONG> (Thumb, 44 bytes, Stack size 8 bytes, stm32l4xx_hal_gpio.o(.text.HAL_GPIO_WritePin))
<BR><BR>[Stack]<UL><LI>Max Depth = 8<LI>Call Chain = HAL_GPIO_WritePin
</UL>
<BR>[Called By]<UL><LI><a href="#[ab]">&gt;&gt;</a>&nbsp;&nbsp;&nbsp;MX_GPIO_Init
</UL>

<P><STRONG><a name="[82]"></a>HAL_GetTick</STRONG> (Thumb, 120 bytes, Stack size 16 bytes, appmain.o(.text.HAL_GetTick))
<BR><BR>[Stack]<UL><LI>Max Depth = 32 + Unknown Stack Size
<LI>Call Chain = HAL_GetTick &rArr; _tx_time_get
</UL>
<BR>[Calls]<UL><LI><a href="#[83]">&gt;&gt;</a>&nbsp;&nbsp;&nbsp;_tx_time_get
</UL>
<BR>[Called By]<UL><LI><a href="#[a1]">&gt;&gt;</a>&nbsp;&nbsp;&nbsp;RCCEx_PLLSAI1_Config
<LI><a href="#[a3]">&gt;&gt;</a>&nbsp;&nbsp;&nbsp;HAL_RCC_DeInit
<LI><a href="#[87]">&gt;&gt;</a>&nbsp;&nbsp;&nbsp;HAL_I2C_Mem_Read
<LI><a href="#[8c]">&gt;&gt;</a>&nbsp;&nbsp;&nbsp;HAL_I2C_Mem_Write
<LI><a href="#[a6]">&gt;&gt;</a>&nbsp;&nbsp;&nbsp;I2C_IsErrorOccurred
<LI><a href="#[8b]">&gt;&gt;</a>&nbsp;&nbsp;&nbsp;I2C_WaitOnSTOPFlagUntilTimeout
<LI><a href="#[8e]">&gt;&gt;</a>&nbsp;&nbsp;&nbsp;I2C_WaitOnTXISFlagUntilTimeout
<LI><a href="#[88]">&gt;&gt;</a>&nbsp;&nbsp;&nbsp;I2C_WaitOnFlagUntilTimeout
<LI><a href="#[91]">&gt;&gt;</a>&nbsp;&nbsp;&nbsp;HAL_RCCEx_PeriphCLKConfig
<LI><a href="#[a2]">&gt;&gt;</a>&nbsp;&nbsp;&nbsp;HAL_RCC_ClockConfig
<LI><a href="#[a4]">&gt;&gt;</a>&nbsp;&nbsp;&nbsp;HAL_RCC_OscConfig
</UL>

<P><STRONG><a name="[ae]"></a>HAL_I2CEx_ConfigAnalogFilter</STRONG> (Thumb, 152 bytes, Stack size 12 bytes, stm32l4xx_hal_i2c_ex.o(.text.HAL_I2CEx_ConfigAnalogFilter))
<BR><BR>[Stack]<UL><LI>Max Depth = 12<LI>Call Chain = HAL_I2CEx_ConfigAnalogFilter
</UL>
<BR>[Called By]<UL><LI><a href="#[ad]">&gt;&gt;</a>&nbsp;&nbsp;&nbsp;MX_I2C1_Init
</UL>

<P><STRONG><a name="[af]"></a>HAL_I2CEx_ConfigDigitalFilter</STRONG> (Thumb, 162 bytes, Stack size 16 bytes, stm32l4xx_hal_i2c_ex.o(.text.HAL_I2CEx_ConfigDigitalFilter))
<BR><BR>[Stack]<UL><LI>Max Depth = 16<LI>Call Chain = HAL_I2CEx_ConfigDigitalFilter
</UL>
<BR>[Called By]<UL><LI><a href="#[ad]">&gt;&gt;</a>&nbsp;&nbsp;&nbsp;MX_I2C1_Init
</UL>

<P><STRONG><a name="[84]"></a>HAL_I2C_DeInit</STRONG> (Thumb, 96 bytes, Stack size 16 bytes, stm32l4xx_hal_i2c.o(.text.HAL_I2C_DeInit))
<BR><BR>[Stack]<UL><LI>Max Depth = 64<LI>Call Chain = HAL_I2C_DeInit &rArr; HAL_I2C_MspDeInit &rArr; HAL_GPIO_DeInit
</UL>
<BR>[Calls]<UL><LI><a href="#[85]">&gt;&gt;</a>&nbsp;&nbsp;&nbsp;HAL_I2C_MspDeInit
</UL>
<BR>[Called By]<UL><LI><a href="#[7b]">&gt;&gt;</a>&nbsp;&nbsp;&nbsp;LPower_Enter
</UL>

<P><STRONG><a name="[7e]"></a>HAL_I2C_Init</STRONG> (Thumb, 276 bytes, Stack size 16 bytes, stm32l4xx_hal_i2c.o(.text.HAL_I2C_Init))
<BR><BR>[Stack]<UL><LI>Max Depth = 240 + Unknown Stack Size
<LI>Call Chain = HAL_I2C_Init &rArr; HAL_I2C_MspInit &rArr; HAL_RCCEx_PeriphCLKConfig &rArr; RCCEx_PLLSAI1_Config &rArr; HAL_GetTick &rArr; _tx_time_get
</UL>
<BR>[Calls]<UL><LI><a href="#[86]">&gt;&gt;</a>&nbsp;&nbsp;&nbsp;HAL_I2C_MspInit
</UL>
<BR>[Called By]<UL><LI><a href="#[7c]">&gt;&gt;</a>&nbsp;&nbsp;&nbsp;App_ThreadX_LowPower_Exit
<LI><a href="#[ad]">&gt;&gt;</a>&nbsp;&nbsp;&nbsp;MX_I2C1_Init
</UL>

<P><STRONG><a name="[87]"></a>HAL_I2C_Mem_Read</STRONG> (Thumb, 650 bytes, Stack size 40 bytes, stm32l4xx_hal_i2c.o(.text.HAL_I2C_Mem_Read))
<BR><BR>[Stack]<UL><LI>Max Depth = 176 + Unknown Stack Size
<LI>Call Chain = HAL_I2C_Mem_Read &rArr; I2C_RequestMemoryRead &rArr; I2C_WaitOnTXISFlagUntilTimeout &rArr; I2C_IsErrorOccurred &rArr; HAL_GetTick &rArr; _tx_time_get
</UL>
<BR>[Calls]<UL><LI><a href="#[82]">&gt;&gt;</a>&nbsp;&nbsp;&nbsp;HAL_GetTick
<LI><a href="#[89]">&gt;&gt;</a>&nbsp;&nbsp;&nbsp;I2C_RequestMemoryRead
<LI><a href="#[8b]">&gt;&gt;</a>&nbsp;&nbsp;&nbsp;I2C_WaitOnSTOPFlagUntilTimeout
<LI><a href="#[8a]">&gt;&gt;</a>&nbsp;&nbsp;&nbsp;I2C_TransferConfig
<LI><a href="#[88]">&gt;&gt;</a>&nbsp;&nbsp;&nbsp;I2C_WaitOnFlagUntilTimeout
</UL>
<BR>[Called By]<UL><LI><a href="#[b3]">&gt;&gt;</a>&nbsp;&nbsp;&nbsp;RX8900_IIC_Transmit
</UL>

<P><STRONG><a name="[8c]"></a>HAL_I2C_Mem_Write</STRONG> (Thumb, 628 bytes, Stack size 40 bytes, stm32l4xx_hal_i2c.o(.text.HAL_I2C_Mem_Write))
<BR><BR>[Stack]<UL><LI>Max Depth = 176 + Unknown Stack Size
<LI>Call Chain = HAL_I2C_Mem_Write &rArr; I2C_RequestMemoryWrite &rArr; I2C_WaitOnTXISFlagUntilTimeout &rArr; I2C_IsErrorOccurred &rArr; HAL_GetTick &rArr; _tx_time_get
</UL>
<BR>[Calls]<UL><LI><a href="#[82]">&gt;&gt;</a>&nbsp;&nbsp;&nbsp;HAL_GetTick
<LI><a href="#[8d]">&gt;&gt;</a>&nbsp;&nbsp;&nbsp;I2C_RequestMemoryWrite
<LI><a href="#[8b]">&gt;&gt;</a>&nbsp;&nbsp;&nbsp;I2C_WaitOnSTOPFlagUntilTimeout
<LI><a href="#[8e]">&gt;&gt;</a>&nbsp;&nbsp;&nbsp;I2C_WaitOnTXISFlagUntilTimeout
<LI><a href="#[8a]">&gt;&gt;</a>&nbsp;&nbsp;&nbsp;I2C_TransferConfig
<LI><a href="#[88]">&gt;&gt;</a>&nbsp;&nbsp;&nbsp;I2C_WaitOnFlagUntilTimeout
</UL>
<BR>[Called By]<UL><LI><a href="#[b3]">&gt;&gt;</a>&nbsp;&nbsp;&nbsp;RX8900_IIC_Transmit
</UL>

<P><STRONG><a name="[85]"></a>HAL_I2C_MspDeInit</STRONG> (Thumb, 70 bytes, Stack size 16 bytes, i2c.o(.text.HAL_I2C_MspDeInit))
<BR><BR>[Stack]<UL><LI>Max Depth = 48<LI>Call Chain = HAL_I2C_MspDeInit &rArr; HAL_GPIO_DeInit
</UL>
<BR>[Calls]<UL><LI><a href="#[8f]">&gt;&gt;</a>&nbsp;&nbsp;&nbsp;HAL_GPIO_DeInit
</UL>
<BR>[Called By]<UL><LI><a href="#[84]">&gt;&gt;</a>&nbsp;&nbsp;&nbsp;HAL_I2C_DeInit
</UL>

<P><STRONG><a name="[86]"></a>HAL_I2C_MspInit</STRONG> (Thumb, 166 bytes, Stack size 128 bytes, i2c.o(.text.HAL_I2C_MspInit))
<BR><BR>[Stack]<UL><LI>Max Depth = 224 + Unknown Stack Size
<LI>Call Chain = HAL_I2C_MspInit &rArr; HAL_RCCEx_PeriphCLKConfig &rArr; RCCEx_PLLSAI1_Config &rArr; HAL_GetTick &rArr; _tx_time_get
</UL>
<BR>[Calls]<UL><LI><a href="#[91]">&gt;&gt;</a>&nbsp;&nbsp;&nbsp;HAL_RCCEx_PeriphCLKConfig
<LI><a href="#[93]">&gt;&gt;</a>&nbsp;&nbsp;&nbsp;HAL_GPIO_Init
<LI><a href="#[92]">&gt;&gt;</a>&nbsp;&nbsp;&nbsp;Error_Handler
<LI><a href="#[90]">&gt;&gt;</a>&nbsp;&nbsp;&nbsp;__aeabi_memclr4
</UL>
<BR>[Called By]<UL><LI><a href="#[7e]">&gt;&gt;</a>&nbsp;&nbsp;&nbsp;HAL_I2C_Init
</UL>

<P><STRONG><a name="[94]"></a>HAL_Init</STRONG> (Thumb, 50 bytes, Stack size 16 bytes, stm32l4xx_hal.o(.text.HAL_Init))
<BR><BR>[Stack]<UL><LI>Max Depth = 44<LI>Call Chain = HAL_Init &rArr; HAL_NVIC_SetPriorityGrouping &rArr; __NVIC_SetPriorityGrouping
</UL>
<BR>[Calls]<UL><LI><a href="#[96]">&gt;&gt;</a>&nbsp;&nbsp;&nbsp;HAL_InitTick
<LI><a href="#[95]">&gt;&gt;</a>&nbsp;&nbsp;&nbsp;HAL_NVIC_SetPriorityGrouping
<LI><a href="#[97]">&gt;&gt;</a>&nbsp;&nbsp;&nbsp;HAL_MspInit
</UL>
<BR>[Called By]<UL><LI><a href="#[57]">&gt;&gt;</a>&nbsp;&nbsp;&nbsp;main
</UL>

<P><STRONG><a name="[96]"></a>HAL_InitTick</STRONG> (Thumb, 10 bytes, Stack size 4 bytes, appmain.o(.text.HAL_InitTick))
<BR><BR>[Stack]<UL><LI>Max Depth = 4<LI>Call Chain = HAL_InitTick
</UL>
<BR>[Called By]<UL><LI><a href="#[a3]">&gt;&gt;</a>&nbsp;&nbsp;&nbsp;HAL_RCC_DeInit
<LI><a href="#[a2]">&gt;&gt;</a>&nbsp;&nbsp;&nbsp;HAL_RCC_ClockConfig
<LI><a href="#[a4]">&gt;&gt;</a>&nbsp;&nbsp;&nbsp;HAL_RCC_OscConfig
<LI><a href="#[94]">&gt;&gt;</a>&nbsp;&nbsp;&nbsp;HAL_Init
</UL>

<P><STRONG><a name="[97]"></a>HAL_MspInit</STRONG> (Thumb, 66 bytes, Stack size 8 bytes, stm32l4xx_hal_msp.o(.text.HAL_MspInit))
<BR><BR>[Stack]<UL><LI>Max Depth = 8<LI>Call Chain = HAL_MspInit
</UL>
<BR>[Called By]<UL><LI><a href="#[94]">&gt;&gt;</a>&nbsp;&nbsp;&nbsp;HAL_Init
</UL>

<P><STRONG><a name="[98]"></a>HAL_NVIC_EnableIRQ</STRONG> (Thumb, 20 bytes, Stack size 16 bytes, stm32l4xx_hal_cortex.o(.text.HAL_NVIC_EnableIRQ))
<BR><BR>[Stack]<UL><LI>Max Depth = 20<LI>Call Chain = HAL_NVIC_EnableIRQ &rArr; __NVIC_EnableIRQ
</UL>
<BR>[Calls]<UL><LI><a href="#[99]">&gt;&gt;</a>&nbsp;&nbsp;&nbsp;__NVIC_EnableIRQ
</UL>
<BR>[Called By]<UL><LI><a href="#[ab]">&gt;&gt;</a>&nbsp;&nbsp;&nbsp;MX_GPIO_Init
</UL>

<P><STRONG><a name="[9a]"></a>HAL_NVIC_SetPriority</STRONG> (Thumb, 50 bytes, Stack size 32 bytes, stm32l4xx_hal_cortex.o(.text.HAL_NVIC_SetPriority))
<BR><BR>[Stack]<UL><LI>Max Depth = 64<LI>Call Chain = HAL_NVIC_SetPriority &rArr; NVIC_EncodePriority
</UL>
<BR>[Calls]<UL><LI><a href="#[9d]">&gt;&gt;</a>&nbsp;&nbsp;&nbsp;__NVIC_SetPriority
<LI><a href="#[9c]">&gt;&gt;</a>&nbsp;&nbsp;&nbsp;NVIC_EncodePriority
<LI><a href="#[9b]">&gt;&gt;</a>&nbsp;&nbsp;&nbsp;__NVIC_GetPriorityGrouping
</UL>
<BR>[Called By]<UL><LI><a href="#[ab]">&gt;&gt;</a>&nbsp;&nbsp;&nbsp;MX_GPIO_Init
</UL>

<P><STRONG><a name="[95]"></a>HAL_NVIC_SetPriorityGrouping</STRONG> (Thumb, 16 bytes, Stack size 16 bytes, stm32l4xx_hal_cortex.o(.text.HAL_NVIC_SetPriorityGrouping))
<BR><BR>[Stack]<UL><LI>Max Depth = 28<LI>Call Chain = HAL_NVIC_SetPriorityGrouping &rArr; __NVIC_SetPriorityGrouping
</UL>
<BR>[Calls]<UL><LI><a href="#[9e]">&gt;&gt;</a>&nbsp;&nbsp;&nbsp;__NVIC_SetPriorityGrouping
</UL>
<BR>[Called By]<UL><LI><a href="#[94]">&gt;&gt;</a>&nbsp;&nbsp;&nbsp;HAL_Init
</UL>

<P><STRONG><a name="[aa]"></a>HAL_PWREx_ControlVoltageScaling</STRONG> (Thumb, 228 bytes, Stack size 16 bytes, stm32l4xx_hal_pwr_ex.o(.text.HAL_PWREx_ControlVoltageScaling))
<BR><BR>[Stack]<UL><LI>Max Depth = 16<LI>Call Chain = HAL_PWREx_ControlVoltageScaling
</UL>
<BR>[Called By]<UL><LI><a href="#[a8]">&gt;&gt;</a>&nbsp;&nbsp;&nbsp;LPower_Sysclock_Set
<LI><a href="#[77]">&gt;&gt;</a>&nbsp;&nbsp;&nbsp;SystemClock_Config
</UL>

<P><STRONG><a name="[7d]"></a>HAL_PWREx_DisableLowPowerRunMode</STRONG> (Thumb, 146 bytes, Stack size 12 bytes, stm32l4xx_hal_pwr_ex.o(.text.HAL_PWREx_DisableLowPowerRunMode))
<BR><BR>[Stack]<UL><LI>Max Depth = 12<LI>Call Chain = HAL_PWREx_DisableLowPowerRunMode
</UL>
<BR>[Called By]<UL><LI><a href="#[9f]">&gt;&gt;</a>&nbsp;&nbsp;&nbsp;HAL_PWR_EnterSLEEPMode
<LI><a href="#[7c]">&gt;&gt;</a>&nbsp;&nbsp;&nbsp;App_ThreadX_LowPower_Exit
</UL>

<P><STRONG><a name="[a0]"></a>HAL_PWREx_EnableLowPowerRunMode</STRONG> (Thumb, 18 bytes, Stack size 0 bytes, stm32l4xx_hal_pwr_ex.o(.text.HAL_PWREx_EnableLowPowerRunMode))
<BR><BR>[Called By]<UL><LI><a href="#[9f]">&gt;&gt;</a>&nbsp;&nbsp;&nbsp;HAL_PWR_EnterSLEEPMode
</UL>

<P><STRONG><a name="[b2]"></a>HAL_PWREx_GetVoltageRange</STRONG> (Thumb, 16 bytes, Stack size 0 bytes, stm32l4xx_hal_pwr_ex.o(.text.HAL_PWREx_GetVoltageRange))
<BR><BR>[Called By]<UL><LI><a href="#[a5]">&gt;&gt;</a>&nbsp;&nbsp;&nbsp;RCC_SetFlashLatencyFromMSIRange
</UL>

<P><STRONG><a name="[9f]"></a>HAL_PWR_EnterSLEEPMode</STRONG> (Thumb, 122 bytes, Stack size 16 bytes, stm32l4xx_hal_pwr.o(.text.HAL_PWR_EnterSLEEPMode))
<BR><BR>[Stack]<UL><LI>Max Depth = 28<LI>Call Chain = HAL_PWR_EnterSLEEPMode &rArr; HAL_PWREx_DisableLowPowerRunMode
</UL>
<BR>[Calls]<UL><LI><a href="#[a0]">&gt;&gt;</a>&nbsp;&nbsp;&nbsp;HAL_PWREx_EnableLowPowerRunMode
<LI><a href="#[7d]">&gt;&gt;</a>&nbsp;&nbsp;&nbsp;HAL_PWREx_DisableLowPowerRunMode
</UL>
<BR>[Called By]<UL><LI><a href="#[7b]">&gt;&gt;</a>&nbsp;&nbsp;&nbsp;LPower_Enter
</UL>

<P><STRONG><a name="[91]"></a>HAL_RCCEx_PeriphCLKConfig</STRONG> (Thumb, 1124 bytes, Stack size 32 bytes, stm32l4xx_hal_rcc_ex.o(.text.HAL_RCCEx_PeriphCLKConfig))
<BR><BR>[Stack]<UL><LI>Max Depth = 96 + Unknown Stack Size
<LI>Call Chain = HAL_RCCEx_PeriphCLKConfig &rArr; RCCEx_PLLSAI1_Config &rArr; HAL_GetTick &rArr; _tx_time_get
</UL>
<BR>[Calls]<UL><LI><a href="#[82]">&gt;&gt;</a>&nbsp;&nbsp;&nbsp;HAL_GetTick
<LI><a href="#[a1]">&gt;&gt;</a>&nbsp;&nbsp;&nbsp;RCCEx_PLLSAI1_Config
</UL>
<BR>[Called By]<UL><LI><a href="#[86]">&gt;&gt;</a>&nbsp;&nbsp;&nbsp;HAL_I2C_MspInit
</UL>

<P><STRONG><a name="[a2]"></a>HAL_RCC_ClockConfig</STRONG> (Thumb, 674 bytes, Stack size 32 bytes, stm32l4xx_hal_rcc.o(.text.HAL_RCC_ClockConfig))
<BR><BR>[Stack]<UL><LI>Max Depth = 68 + Unknown Stack Size
<LI>Call Chain = HAL_RCC_ClockConfig &rArr; HAL_RCC_GetSysClockFreq
</UL>
<BR>[Calls]<UL><LI><a href="#[82]">&gt;&gt;</a>&nbsp;&nbsp;&nbsp;HAL_GetTick
<LI><a href="#[96]">&gt;&gt;</a>&nbsp;&nbsp;&nbsp;HAL_InitTick
<LI><a href="#[78]">&gt;&gt;</a>&nbsp;&nbsp;&nbsp;HAL_RCC_GetSysClockFreq
</UL>
<BR>[Called By]<UL><LI><a href="#[77]">&gt;&gt;</a>&nbsp;&nbsp;&nbsp;SystemClock_Config
</UL>

<P><STRONG><a name="[a3]"></a>HAL_RCC_DeInit</STRONG> (Thumb, 378 bytes, Stack size 16 bytes, stm32l4xx_hal_rcc.o(.text.HAL_RCC_DeInit))
<BR><BR>[Stack]<UL><LI>Max Depth = 48 + Unknown Stack Size
<LI>Call Chain = HAL_RCC_DeInit &rArr; HAL_GetTick &rArr; _tx_time_get
</UL>
<BR>[Calls]<UL><LI><a href="#[82]">&gt;&gt;</a>&nbsp;&nbsp;&nbsp;HAL_GetTick
<LI><a href="#[96]">&gt;&gt;</a>&nbsp;&nbsp;&nbsp;HAL_InitTick
</UL>
<BR>[Called By]<UL><LI><a href="#[a8]">&gt;&gt;</a>&nbsp;&nbsp;&nbsp;LPower_Sysclock_Set
</UL>

<P><STRONG><a name="[78]"></a>HAL_RCC_GetSysClockFreq</STRONG> (Thumb, 346 bytes, Stack size 36 bytes, stm32l4xx_hal_rcc.o(.text.HAL_RCC_GetSysClockFreq))
<BR><BR>[Stack]<UL><LI>Max Depth = 36<LI>Call Chain = HAL_RCC_GetSysClockFreq
</UL>
<BR>[Called By]<UL><LI><a href="#[76]">&gt;&gt;</a>&nbsp;&nbsp;&nbsp;App_Sysclock_Restore
<LI><a href="#[7b]">&gt;&gt;</a>&nbsp;&nbsp;&nbsp;LPower_Enter
<LI><a href="#[a2]">&gt;&gt;</a>&nbsp;&nbsp;&nbsp;HAL_RCC_ClockConfig
<LI><a href="#[a4]">&gt;&gt;</a>&nbsp;&nbsp;&nbsp;HAL_RCC_OscConfig
</UL>

<P><STRONG><a name="[a4]"></a>HAL_RCC_OscConfig</STRONG> (Thumb, 2656 bytes, Stack size 56 bytes, stm32l4xx_hal_rcc.o(.text.HAL_RCC_OscConfig))
<BR><BR>[Stack]<UL><LI>Max Depth = 92 + Unknown Stack Size
<LI>Call Chain = HAL_RCC_OscConfig &rArr; HAL_RCC_GetSysClockFreq
</UL>
<BR>[Calls]<UL><LI><a href="#[82]">&gt;&gt;</a>&nbsp;&nbsp;&nbsp;HAL_GetTick
<LI><a href="#[96]">&gt;&gt;</a>&nbsp;&nbsp;&nbsp;HAL_InitTick
<LI><a href="#[78]">&gt;&gt;</a>&nbsp;&nbsp;&nbsp;HAL_RCC_GetSysClockFreq
<LI><a href="#[a5]">&gt;&gt;</a>&nbsp;&nbsp;&nbsp;RCC_SetFlashLatencyFromMSIRange
</UL>
<BR>[Called By]<UL><LI><a href="#[a8]">&gt;&gt;</a>&nbsp;&nbsp;&nbsp;LPower_Sysclock_Set
<LI><a href="#[77]">&gt;&gt;</a>&nbsp;&nbsp;&nbsp;SystemClock_Config
</UL>

<P><STRONG><a name="[2]"></a>HardFault_Handler</STRONG> (Thumb, 4 bytes, Stack size 0 bytes, stm32l4xx_it.o(.text.HardFault_Handler))
<BR>[Address Reference Count : 1]<UL><LI> startup_stm32l432xx.o(RESET)
</UL>
<P><STRONG><a name="[7b]"></a>LPower_Enter</STRONG> (Thumb, 92 bytes, Stack size 16 bytes, applowpowermgr.o(.text.LPower_Enter))
<BR><BR>[Stack]<UL><LI>Max Depth = 188 + Unknown Stack Size
<LI>Call Chain = LPower_Enter &rArr; LPower_Sysclock_Set &rArr; HAL_RCC_OscConfig &rArr; HAL_RCC_GetSysClockFreq
</UL>
<BR>[Calls]<UL><LI><a href="#[a9]">&gt;&gt;</a>&nbsp;&nbsp;&nbsp;LPower_SysTickTick_Set
<LI><a href="#[a8]">&gt;&gt;</a>&nbsp;&nbsp;&nbsp;LPower_Sysclock_Set
<LI><a href="#[9f]">&gt;&gt;</a>&nbsp;&nbsp;&nbsp;HAL_PWR_EnterSLEEPMode
<LI><a href="#[78]">&gt;&gt;</a>&nbsp;&nbsp;&nbsp;HAL_RCC_GetSysClockFreq
<LI><a href="#[84]">&gt;&gt;</a>&nbsp;&nbsp;&nbsp;HAL_I2C_DeInit
</UL>
<BR>[Called By]<UL><LI><a href="#[7a]">&gt;&gt;</a>&nbsp;&nbsp;&nbsp;App_ThreadX_LowPower_Enter
</UL>

<P><STRONG><a name="[ab]"></a>MX_GPIO_Init</STRONG> (Thumb, 170 bytes, Stack size 64 bytes, gpio.o(.text.MX_GPIO_Init))
<BR><BR>[Stack]<UL><LI>Max Depth = 128<LI>Call Chain = MX_GPIO_Init &rArr; HAL_NVIC_SetPriority &rArr; NVIC_EncodePriority
</UL>
<BR>[Calls]<UL><LI><a href="#[98]">&gt;&gt;</a>&nbsp;&nbsp;&nbsp;HAL_NVIC_EnableIRQ
<LI><a href="#[9a]">&gt;&gt;</a>&nbsp;&nbsp;&nbsp;HAL_NVIC_SetPriority
<LI><a href="#[93]">&gt;&gt;</a>&nbsp;&nbsp;&nbsp;HAL_GPIO_Init
<LI><a href="#[ac]">&gt;&gt;</a>&nbsp;&nbsp;&nbsp;HAL_GPIO_WritePin
</UL>
<BR>[Called By]<UL><LI><a href="#[57]">&gt;&gt;</a>&nbsp;&nbsp;&nbsp;main
</UL>

<P><STRONG><a name="[ad]"></a>MX_I2C1_Init</STRONG> (Thumb, 118 bytes, Stack size 16 bytes, i2c.o(.text.MX_I2C1_Init))
<BR><BR>[Stack]<UL><LI>Max Depth = 256 + Unknown Stack Size
<LI>Call Chain = MX_I2C1_Init &rArr; HAL_I2C_Init &rArr; HAL_I2C_MspInit &rArr; HAL_RCCEx_PeriphCLKConfig &rArr; RCCEx_PLLSAI1_Config &rArr; HAL_GetTick &rArr; _tx_time_get
</UL>
<BR>[Calls]<UL><LI><a href="#[af]">&gt;&gt;</a>&nbsp;&nbsp;&nbsp;HAL_I2CEx_ConfigDigitalFilter
<LI><a href="#[ae]">&gt;&gt;</a>&nbsp;&nbsp;&nbsp;HAL_I2CEx_ConfigAnalogFilter
<LI><a href="#[7e]">&gt;&gt;</a>&nbsp;&nbsp;&nbsp;HAL_I2C_Init
<LI><a href="#[92]">&gt;&gt;</a>&nbsp;&nbsp;&nbsp;Error_Handler
</UL>
<BR>[Called By]<UL><LI><a href="#[57]">&gt;&gt;</a>&nbsp;&nbsp;&nbsp;main
</UL>

<P><STRONG><a name="[b0]"></a>MX_ThreadX_Init</STRONG> (Thumb, 8 bytes, Stack size 8 bytes, app_threadx.o(.text.MX_ThreadX_Init))
<BR><BR>[Stack]<UL><LI>Max Depth = 360 + Unknown Stack Size
<LI>Call Chain = MX_ThreadX_Init &rArr; _tx_initialize_kernel_enter &rArr; tx_application_define &rArr; App_ThreadX_Init &rArr; AppMain &rArr; RX8900_Init &rArr; RX8900_IIC_Transmit &rArr; HAL_I2C_Mem_Read &rArr; I2C_RequestMemoryRead &rArr; I2C_WaitOnTXISFlagUntilTimeout &rArr; I2C_IsErrorOccurred &rArr; HAL_GetTick &rArr; _tx_time_get
</UL>
<BR>[Calls]<UL><LI><a href="#[b1]">&gt;&gt;</a>&nbsp;&nbsp;&nbsp;_tx_initialize_kernel_enter
</UL>
<BR>[Called By]<UL><LI><a href="#[57]">&gt;&gt;</a>&nbsp;&nbsp;&nbsp;main
</UL>

<P><STRONG><a name="[3]"></a>MemManage_Handler</STRONG> (Thumb, 4 bytes, Stack size 0 bytes, stm32l4xx_it.o(.text.MemManage_Handler))
<BR>[Address Reference Count : 1]<UL><LI> startup_stm32l432xx.o(RESET)
</UL>
<P><STRONG><a name="[1]"></a>NMI_Handler</STRONG> (Thumb, 4 bytes, Stack size 0 bytes, stm32l4xx_it.o(.text.NMI_Handler))
<BR>[Address Reference Count : 1]<UL><LI> startup_stm32l432xx.o(RESET)
</UL>
<P><STRONG><a name="[b3]"></a>RX8900_IIC_Transmit</STRONG> (Thumb, 164 bytes, Stack size 32 bytes, rx8900_callout.o(.text.RX8900_IIC_Transmit))
<BR><BR>[Stack]<UL><LI>Max Depth = 208 + Unknown Stack Size
<LI>Call Chain = RX8900_IIC_Transmit &rArr; HAL_I2C_Mem_Read &rArr; I2C_RequestMemoryRead &rArr; I2C_WaitOnTXISFlagUntilTimeout &rArr; I2C_IsErrorOccurred &rArr; HAL_GetTick &rArr; _tx_time_get
</UL>
<BR>[Calls]<UL><LI><a href="#[87]">&gt;&gt;</a>&nbsp;&nbsp;&nbsp;HAL_I2C_Mem_Read
<LI><a href="#[8c]">&gt;&gt;</a>&nbsp;&nbsp;&nbsp;HAL_I2C_Mem_Write
</UL>
<BR>[Called By]<UL><LI><a href="#[b4]">&gt;&gt;</a>&nbsp;&nbsp;&nbsp;RX8900_UpErrFlag_Polling
<LI><a href="#[81]">&gt;&gt;</a>&nbsp;&nbsp;&nbsp;RX8900_Process_ISR
<LI><a href="#[74]">&gt;&gt;</a>&nbsp;&nbsp;&nbsp;RX8900_Updata_Time
<LI><a href="#[71]">&gt;&gt;</a>&nbsp;&nbsp;&nbsp;RX8900_Set_Time
<LI><a href="#[6f]">&gt;&gt;</a>&nbsp;&nbsp;&nbsp;RX8900_Init
</UL>

<P><STRONG><a name="[6f]"></a>RX8900_Init</STRONG> (Thumb, 222 bytes, Stack size 40 bytes, rx8900.o(.text.RX8900_Init))
<BR><BR>[Stack]<UL><LI>Max Depth = 248 + Unknown Stack Size
<LI>Call Chain = RX8900_Init &rArr; RX8900_IIC_Transmit &rArr; HAL_I2C_Mem_Read &rArr; I2C_RequestMemoryRead &rArr; I2C_WaitOnTXISFlagUntilTimeout &rArr; I2C_IsErrorOccurred &rArr; HAL_GetTick &rArr; _tx_time_get
</UL>
<BR>[Calls]<UL><LI><a href="#[b3]">&gt;&gt;</a>&nbsp;&nbsp;&nbsp;RX8900_IIC_Transmit
</UL>
<BR>[Called By]<UL><LI><a href="#[6d]">&gt;&gt;</a>&nbsp;&nbsp;&nbsp;AppMain
</UL>

<P><STRONG><a name="[73]"></a>RX8900_Main_Fun</STRONG> (Thumb, 96 bytes, Stack size 16 bytes, rx8900.o(.text.RX8900_Main_Fun))
<BR><BR>[Stack]<UL><LI>Max Depth = 256 + Unknown Stack Size
<LI>Call Chain = RX8900_Main_Fun &rArr; RX8900_Updata_Time &rArr; RX8900_IIC_Transmit &rArr; HAL_I2C_Mem_Read &rArr; I2C_RequestMemoryRead &rArr; I2C_WaitOnTXISFlagUntilTimeout &rArr; I2C_IsErrorOccurred &rArr; HAL_GetTick &rArr; _tx_time_get
</UL>
<BR>[Calls]<UL><LI><a href="#[b4]">&gt;&gt;</a>&nbsp;&nbsp;&nbsp;RX8900_UpErrFlag_Polling
<LI><a href="#[74]">&gt;&gt;</a>&nbsp;&nbsp;&nbsp;RX8900_Updata_Time
</UL>
<BR>[Called By]<UL><LI><a href="#[48]">&gt;&gt;</a>&nbsp;&nbsp;&nbsp;AppTask10ms
</UL>

<P><STRONG><a name="[81]"></a>RX8900_Process_ISR</STRONG> (Thumb, 236 bytes, Stack size 24 bytes, rx8900.o(.text.RX8900_Process_ISR))
<BR><BR>[Stack]<UL><LI>Max Depth = 232 + Unknown Stack Size
<LI>Call Chain = RX8900_Process_ISR &rArr; RX8900_IIC_Transmit &rArr; HAL_I2C_Mem_Read &rArr; I2C_RequestMemoryRead &rArr; I2C_WaitOnTXISFlagUntilTimeout &rArr; I2C_IsErrorOccurred &rArr; HAL_GetTick &rArr; _tx_time_get
</UL>
<BR>[Calls]<UL><LI><a href="#[b3]">&gt;&gt;</a>&nbsp;&nbsp;&nbsp;RX8900_IIC_Transmit
</UL>
<BR>[Called By]<UL><LI><a href="#[80]">&gt;&gt;</a>&nbsp;&nbsp;&nbsp;HAL_GPIO_EXTI_Callback
</UL>

<P><STRONG><a name="[71]"></a>RX8900_Set_Time</STRONG> (Thumb, 530 bytes, Stack size 56 bytes, rx8900.o(.text.RX8900_Set_Time))
<BR><BR>[Stack]<UL><LI>Max Depth = 264 + Unknown Stack Size
<LI>Call Chain = RX8900_Set_Time &rArr; RX8900_IIC_Transmit &rArr; HAL_I2C_Mem_Read &rArr; I2C_RequestMemoryRead &rArr; I2C_WaitOnTXISFlagUntilTimeout &rArr; I2C_IsErrorOccurred &rArr; HAL_GetTick &rArr; _tx_time_get
</UL>
<BR>[Calls]<UL><LI><a href="#[b3]">&gt;&gt;</a>&nbsp;&nbsp;&nbsp;RX8900_IIC_Transmit
</UL>
<BR>[Called By]<UL><LI><a href="#[48]">&gt;&gt;</a>&nbsp;&nbsp;&nbsp;AppTask10ms
</UL>

<P><STRONG><a name="[74]"></a>RX8900_Updata_Time</STRONG> (Thumb, 344 bytes, Stack size 32 bytes, rx8900.o(.text.RX8900_Updata_Time))
<BR><BR>[Stack]<UL><LI>Max Depth = 240 + Unknown Stack Size
<LI>Call Chain = RX8900_Updata_Time &rArr; RX8900_IIC_Transmit &rArr; HAL_I2C_Mem_Read &rArr; I2C_RequestMemoryRead &rArr; I2C_WaitOnTXISFlagUntilTimeout &rArr; I2C_IsErrorOccurred &rArr; HAL_GetTick &rArr; _tx_time_get
</UL>
<BR>[Calls]<UL><LI><a href="#[b3]">&gt;&gt;</a>&nbsp;&nbsp;&nbsp;RX8900_IIC_Transmit
</UL>
<BR>[Called By]<UL><LI><a href="#[73]">&gt;&gt;</a>&nbsp;&nbsp;&nbsp;RX8900_Main_Fun
<LI><a href="#[48]">&gt;&gt;</a>&nbsp;&nbsp;&nbsp;AppTask10ms
</UL>

<P><STRONG><a name="[77]"></a>SystemClock_Config</STRONG> (Thumb, 130 bytes, Stack size 96 bytes, main.o(.text.SystemClock_Config))
<BR><BR>[Stack]<UL><LI>Max Depth = 188 + Unknown Stack Size
<LI>Call Chain = SystemClock_Config &rArr; HAL_RCC_OscConfig &rArr; HAL_RCC_GetSysClockFreq
</UL>
<BR>[Calls]<UL><LI><a href="#[a2]">&gt;&gt;</a>&nbsp;&nbsp;&nbsp;HAL_RCC_ClockConfig
<LI><a href="#[a4]">&gt;&gt;</a>&nbsp;&nbsp;&nbsp;HAL_RCC_OscConfig
<LI><a href="#[92]">&gt;&gt;</a>&nbsp;&nbsp;&nbsp;Error_Handler
<LI><a href="#[aa]">&gt;&gt;</a>&nbsp;&nbsp;&nbsp;HAL_PWREx_ControlVoltageScaling
<LI><a href="#[90]">&gt;&gt;</a>&nbsp;&nbsp;&nbsp;__aeabi_memclr4
</UL>
<BR>[Called By]<UL><LI><a href="#[76]">&gt;&gt;</a>&nbsp;&nbsp;&nbsp;App_Sysclock_Restore
<LI><a href="#[57]">&gt;&gt;</a>&nbsp;&nbsp;&nbsp;main
</UL>

<P><STRONG><a name="[46]"></a>SystemInit</STRONG> (Thumb, 18 bytes, Stack size 0 bytes, system_stm32l4xx.o(.text.SystemInit))
<BR>[Address Reference Count : 1]<UL><LI> startup_stm32l432xx.o(.text)
</UL>
<P><STRONG><a name="[5]"></a>UsageFault_Handler</STRONG> (Thumb, 4 bytes, Stack size 0 bytes, stm32l4xx_it.o(.text.UsageFault_Handler))
<BR>[Address Reference Count : 1]<UL><LI> startup_stm32l432xx.o(RESET)
</UL>
<P><STRONG><a name="[b5]"></a>_tx_byte_pool_create</STRONG> (Thumb, 290 bytes, Stack size 56 bytes, tx_byte_pool_create.o(.text._tx_byte_pool_create))
<BR><BR>[Stack]<UL><LI>Max Depth = 56 + Unknown Stack Size
<LI>Call Chain = _tx_byte_pool_create
</UL>
<BR>[Calls]<UL><LI><a href="#[b7]">&gt;&gt;</a>&nbsp;&nbsp;&nbsp;_tx_thread_interrupt_restore
<LI><a href="#[b6]">&gt;&gt;</a>&nbsp;&nbsp;&nbsp;_tx_thread_interrupt_disable
<LI><a href="#[90]">&gt;&gt;</a>&nbsp;&nbsp;&nbsp;__aeabi_memclr4
</UL>
<BR>[Called By]<UL><LI><a href="#[c6]">&gt;&gt;</a>&nbsp;&nbsp;&nbsp;_txe_byte_pool_create
</UL>

<P><STRONG><a name="[b8]"></a>_tx_initialize_high_level</STRONG> (Thumb, 134 bytes, Stack size 8 bytes, tx_initialize_high_level.o(.text._tx_initialize_high_level))
<BR><BR>[Stack]<UL><LI>Max Depth = 176 + Unknown Stack Size
<LI>Call Chain = _tx_initialize_high_level &rArr; _tx_timer_initialize &rArr; _tx_thread_create &rArr; _tx_thread_system_resume &rArr; _tx_timer_system_deactivate
</UL>
<BR>[Calls]<UL><LI><a href="#[ba]">&gt;&gt;</a>&nbsp;&nbsp;&nbsp;_tx_timer_initialize
<LI><a href="#[b9]">&gt;&gt;</a>&nbsp;&nbsp;&nbsp;_tx_thread_initialize
</UL>
<BR>[Called By]<UL><LI><a href="#[b1]">&gt;&gt;</a>&nbsp;&nbsp;&nbsp;_tx_initialize_kernel_enter
</UL>

<P><STRONG><a name="[b1]"></a>_tx_initialize_kernel_enter</STRONG> (Thumb, 104 bytes, Stack size 16 bytes, tx_initialize_kernel_enter.o(.text._tx_initialize_kernel_enter))
<BR><BR>[Stack]<UL><LI>Max Depth = 352 + Unknown Stack Size
<LI>Call Chain = _tx_initialize_kernel_enter &rArr; tx_application_define &rArr; App_ThreadX_Init &rArr; AppMain &rArr; RX8900_Init &rArr; RX8900_IIC_Transmit &rArr; HAL_I2C_Mem_Read &rArr; I2C_RequestMemoryRead &rArr; I2C_WaitOnTXISFlagUntilTimeout &rArr; I2C_IsErrorOccurred &rArr; HAL_GetTick &rArr; _tx_time_get
</UL>
<BR>[Calls]<UL><LI><a href="#[bc]">&gt;&gt;</a>&nbsp;&nbsp;&nbsp;tx_application_define
<LI><a href="#[bb]">&gt;&gt;</a>&nbsp;&nbsp;&nbsp;_tx_initialize_low_level
<LI><a href="#[b8]">&gt;&gt;</a>&nbsp;&nbsp;&nbsp;_tx_initialize_high_level
<LI><a href="#[bd]">&gt;&gt;</a>&nbsp;&nbsp;&nbsp;_tx_thread_schedule
</UL>
<BR>[Called By]<UL><LI><a href="#[b0]">&gt;&gt;</a>&nbsp;&nbsp;&nbsp;MX_ThreadX_Init
</UL>

<P><STRONG><a name="[be]"></a>_tx_thread_create</STRONG> (Thumb, 506 bytes, Stack size 56 bytes, tx_thread_create.o(.text._tx_thread_create))
<BR><BR>[Stack]<UL><LI>Max Depth = 120 + Unknown Stack Size
<LI>Call Chain = _tx_thread_create &rArr; _tx_thread_system_resume &rArr; _tx_timer_system_deactivate
</UL>
<BR>[Calls]<UL><LI><a href="#[c1]">&gt;&gt;</a>&nbsp;&nbsp;&nbsp;_tx_thread_system_preempt_check
<LI><a href="#[c0]">&gt;&gt;</a>&nbsp;&nbsp;&nbsp;_tx_thread_system_resume
<LI><a href="#[bf]">&gt;&gt;</a>&nbsp;&nbsp;&nbsp;_tx_thread_stack_build
[...]
</UL>
<BR>[Address Reference Count : 1]<UL><LI> tx_thread_create.o(.text._tx_thread_create)
</UL>
<P><STRONG><a name="[83]"></a>_tx_time_get</STRONG> (Thumb, 34 bytes, Stack size 16 bytes, tx_time_get.o(.text._tx_time_get))
<BR><BR>[Stack]<UL><LI>Max Depth = 16 + Unknown Stack Size
<LI>Call Chain = _tx_time_get
</UL>
<BR>[Calls]<UL><LI><a href="#[b7]">&gt;&gt;</a>&nbsp;&nbsp;&nbsp;_tx_thread_interrupt_restore
<LI><a href="#[b6]">&gt;&gt;</a>&nbsp;&nbsp;&nbsp;_tx_thread_interrupt_disable
</UL>
<BR>[Called By]<UL><LI><a href="#[82]">&gt;&gt;</a>&nbsp;&nbsp;&nbsp;HAL_GetTick
</UL>

<P><STRONG><a name="[65]"></a>_tx_timer_expiration_process</STRONG> (Thumb, 46 bytes, Stack size 16 bytes, tx_timer_expiration_process.o(.text._tx_timer_expiration_process))
<BR><BR>[Stack]<UL><LI>Max Depth = 80 + Unknown Stack Size
<LI>Call Chain = _tx_timer_expiration_process &rArr; _tx_thread_system_resume &rArr; _tx_timer_system_deactivate
</UL>
<BR>[Calls]<UL><LI><a href="#[c0]">&gt;&gt;</a>&nbsp;&nbsp;&nbsp;_tx_thread_system_resume
<LI><a href="#[b7]">&gt;&gt;</a>&nbsp;&nbsp;&nbsp;_tx_thread_interrupt_restore
<LI><a href="#[b6]">&gt;&gt;</a>&nbsp;&nbsp;&nbsp;_tx_thread_interrupt_disable
</UL>
<BR>[Called By]<UL><LI><a href="#[60]">&gt;&gt;</a>&nbsp;&nbsp;&nbsp;_tx_timer_interrupt
</UL>

<P><STRONG><a name="[ba]"></a>_tx_timer_initialize</STRONG> (Thumb, 286 bytes, Stack size 48 bytes, tx_timer_initialize.o(.text._tx_timer_initialize))
<BR><BR>[Stack]<UL><LI>Max Depth = 168 + Unknown Stack Size
<LI>Call Chain = _tx_timer_initialize &rArr; _tx_thread_create &rArr; _tx_thread_system_resume &rArr; _tx_timer_system_deactivate
</UL>
<BR>[Calls]<UL><LI><a href="#[be]">&gt;&gt;</a>&nbsp;&nbsp;&nbsp;_tx_thread_create
<LI><a href="#[90]">&gt;&gt;</a>&nbsp;&nbsp;&nbsp;__aeabi_memclr4
</UL>
<BR>[Called By]<UL><LI><a href="#[b8]">&gt;&gt;</a>&nbsp;&nbsp;&nbsp;_tx_initialize_high_level
</UL>

<P><STRONG><a name="[c5]"></a>_tx_timer_system_activate</STRONG> (Thumb, 212 bytes, Stack size 28 bytes, tx_timer_system_activate.o(.text._tx_timer_system_activate))
<BR><BR>[Stack]<UL><LI>Max Depth = 28<LI>Call Chain = _tx_timer_system_activate
</UL>
<BR>[Called By]<UL><LI><a href="#[c2]">&gt;&gt;</a>&nbsp;&nbsp;&nbsp;_tx_thread_system_suspend
<LI><a href="#[ca]">&gt;&gt;</a>&nbsp;&nbsp;&nbsp;tx_time_increment
<LI><a href="#[4b]">&gt;&gt;</a>&nbsp;&nbsp;&nbsp;_tx_timer_thread_entry
</UL>

<P><STRONG><a name="[c4]"></a>_tx_timer_system_deactivate</STRONG> (Thumb, 112 bytes, Stack size 16 bytes, tx_timer_system_deactivate.o(.text._tx_timer_system_deactivate))
<BR><BR>[Stack]<UL><LI>Max Depth = 16<LI>Call Chain = _tx_timer_system_deactivate
</UL>
<BR>[Called By]<UL><LI><a href="#[c0]">&gt;&gt;</a>&nbsp;&nbsp;&nbsp;_tx_thread_system_resume
</UL>

<P><STRONG><a name="[4b]"></a>_tx_timer_thread_entry</STRONG> (Thumb, 474 bytes, Stack size 48 bytes, tx_timer_thread_entry.o(.text._tx_timer_thread_entry))
<BR><BR>[Stack]<UL><LI>Max Depth = 132 + Unknown Stack Size
<LI>Call Chain = _tx_timer_thread_entry &rArr; _tx_thread_system_suspend &rArr; _tx_timer_system_activate
</UL>
<BR>[Calls]<UL><LI><a href="#[c5]">&gt;&gt;</a>&nbsp;&nbsp;&nbsp;_tx_timer_system_activate
<LI><a href="#[c2]">&gt;&gt;</a>&nbsp;&nbsp;&nbsp;_tx_thread_system_suspend
<LI><a href="#[b7]">&gt;&gt;</a>&nbsp;&nbsp;&nbsp;_tx_thread_interrupt_restore
<LI><a href="#[b6]">&gt;&gt;</a>&nbsp;&nbsp;&nbsp;_tx_thread_interrupt_disable
</UL>
<BR>[Address Reference Count : 1]<UL><LI> tx_timer_initialize.o(.text._tx_timer_initialize)
</UL>
<P><STRONG><a name="[c6]"></a>_txe_byte_pool_create</STRONG> (Thumb, 344 bytes, Stack size 56 bytes, txe_byte_pool_create.o(.text._txe_byte_pool_create))
<BR><BR>[Stack]<UL><LI>Max Depth = 112 + Unknown Stack Size
<LI>Call Chain = _txe_byte_pool_create &rArr; _tx_byte_pool_create
</UL>
<BR>[Calls]<UL><LI><a href="#[b5]">&gt;&gt;</a>&nbsp;&nbsp;&nbsp;_tx_byte_pool_create
<LI><a href="#[c1]">&gt;&gt;</a>&nbsp;&nbsp;&nbsp;_tx_thread_system_preempt_check
<LI><a href="#[b7]">&gt;&gt;</a>&nbsp;&nbsp;&nbsp;_tx_thread_interrupt_restore
<LI><a href="#[b6]">&gt;&gt;</a>&nbsp;&nbsp;&nbsp;_tx_thread_interrupt_disable
</UL>
<BR>[Called By]<UL><LI><a href="#[bc]">&gt;&gt;</a>&nbsp;&nbsp;&nbsp;tx_application_define
</UL>

<P><STRONG><a name="[70]"></a>_txe_thread_create</STRONG> (Thumb, 584 bytes, Stack size 104 bytes, txe_thread_create.o(.text._txe_thread_create))
<BR><BR>[Stack]<UL><LI>Max Depth = 224 + Unknown Stack Size
<LI>Call Chain = _txe_thread_create &rArr; _tx_thread_create &rArr; _tx_thread_system_resume &rArr; _tx_timer_system_deactivate
</UL>
<BR>[Calls]<UL><LI><a href="#[be]">&gt;&gt;</a>&nbsp;&nbsp;&nbsp;_tx_thread_create
<LI><a href="#[c1]">&gt;&gt;</a>&nbsp;&nbsp;&nbsp;_tx_thread_system_preempt_check
<LI><a href="#[b7]">&gt;&gt;</a>&nbsp;&nbsp;&nbsp;_tx_thread_interrupt_restore
<LI><a href="#[b6]">&gt;&gt;</a>&nbsp;&nbsp;&nbsp;_tx_thread_interrupt_disable
</UL>
<BR>[Called By]<UL><LI><a href="#[6d]">&gt;&gt;</a>&nbsp;&nbsp;&nbsp;AppMain
</UL>

<P><STRONG><a name="[57]"></a>main</STRONG> (Thumb, 32 bytes, Stack size 16 bytes, main.o(.text.main))
<BR><BR>[Stack]<UL><LI>Max Depth = 376 + Unknown Stack Size
<LI>Call Chain = main &rArr; MX_ThreadX_Init &rArr; _tx_initialize_kernel_enter &rArr; tx_application_define &rArr; App_ThreadX_Init &rArr; AppMain &rArr; RX8900_Init &rArr; RX8900_IIC_Transmit &rArr; HAL_I2C_Mem_Read &rArr; I2C_RequestMemoryRead &rArr; I2C_WaitOnTXISFlagUntilTimeout &rArr; I2C_IsErrorOccurred &rArr; HAL_GetTick &rArr; _tx_time_get
</UL>
<BR>[Calls]<UL><LI><a href="#[b0]">&gt;&gt;</a>&nbsp;&nbsp;&nbsp;MX_ThreadX_Init
<LI><a href="#[ad]">&gt;&gt;</a>&nbsp;&nbsp;&nbsp;MX_I2C1_Init
<LI><a href="#[ab]">&gt;&gt;</a>&nbsp;&nbsp;&nbsp;MX_GPIO_Init
<LI><a href="#[77]">&gt;&gt;</a>&nbsp;&nbsp;&nbsp;SystemClock_Config
<LI><a href="#[94]">&gt;&gt;</a>&nbsp;&nbsp;&nbsp;HAL_Init
</UL>
<BR>[Called By]<UL><LI><a href="#[56]">&gt;&gt;</a>&nbsp;&nbsp;&nbsp;__rt_entry_main
</UL>

<P><STRONG><a name="[bc]"></a>tx_application_define</STRONG> (Thumb, 88 bytes, Stack size 24 bytes, app_azure_rtos.o(.text.tx_application_define))
<BR><BR>[Stack]<UL><LI>Max Depth = 336 + Unknown Stack Size
<LI>Call Chain = tx_application_define &rArr; App_ThreadX_Init &rArr; AppMain &rArr; RX8900_Init &rArr; RX8900_IIC_Transmit &rArr; HAL_I2C_Mem_Read &rArr; I2C_RequestMemoryRead &rArr; I2C_WaitOnTXISFlagUntilTimeout &rArr; I2C_IsErrorOccurred &rArr; HAL_GetTick &rArr; _tx_time_get
</UL>
<BR>[Calls]<UL><LI><a href="#[c6]">&gt;&gt;</a>&nbsp;&nbsp;&nbsp;_txe_byte_pool_create
<LI><a href="#[79]">&gt;&gt;</a>&nbsp;&nbsp;&nbsp;App_ThreadX_Init
</UL>
<BR>[Called By]<UL><LI><a href="#[b1]">&gt;&gt;</a>&nbsp;&nbsp;&nbsp;_tx_initialize_kernel_enter
</UL>

<P><STRONG><a name="[63]"></a>tx_low_power_enter</STRONG> (Thumb, 60 bytes, Stack size 24 bytes, tx_low_power.o(.text.tx_low_power_enter))
<BR><BR>[Stack]<UL><LI>Max Depth = 220 + Unknown Stack Size
<LI>Call Chain = tx_low_power_enter &rArr; App_ThreadX_LowPower_Enter &rArr; LPower_Enter &rArr; LPower_Sysclock_Set &rArr; HAL_RCC_OscConfig &rArr; HAL_RCC_GetSysClockFreq
</UL>
<BR>[Calls]<UL><LI><a href="#[7a]">&gt;&gt;</a>&nbsp;&nbsp;&nbsp;App_ThreadX_LowPower_Enter
<LI><a href="#[c8]">&gt;&gt;</a>&nbsp;&nbsp;&nbsp;App_ThreadX_LowPower_Timer_Setup
<LI><a href="#[b7]">&gt;&gt;</a>&nbsp;&nbsp;&nbsp;_tx_thread_interrupt_restore
<LI><a href="#[b6]">&gt;&gt;</a>&nbsp;&nbsp;&nbsp;_tx_thread_interrupt_disable
<LI><a href="#[c7]">&gt;&gt;</a>&nbsp;&nbsp;&nbsp;tx_timer_get_next
</UL>
<BR>[Called By]<UL><LI><a href="#[8]">&gt;&gt;</a>&nbsp;&nbsp;&nbsp;PendSV_Handler
</UL>

<P><STRONG><a name="[64]"></a>tx_low_power_exit</STRONG> (Thumb, 60 bytes, Stack size 16 bytes, tx_low_power.o(.text.tx_low_power_exit))
<BR><BR>[Stack]<UL><LI>Max Depth = 264 + Unknown Stack Size
<LI>Call Chain = tx_low_power_exit &rArr; App_ThreadX_LowPower_Exit &rArr; HAL_I2C_Init &rArr; HAL_I2C_MspInit &rArr; HAL_RCCEx_PeriphCLKConfig &rArr; RCCEx_PLLSAI1_Config &rArr; HAL_GetTick &rArr; _tx_time_get
</UL>
<BR>[Calls]<UL><LI><a href="#[c9]">&gt;&gt;</a>&nbsp;&nbsp;&nbsp;App_ThreadX_LowPower_Timer_Adjust
<LI><a href="#[7c]">&gt;&gt;</a>&nbsp;&nbsp;&nbsp;App_ThreadX_LowPower_Exit
<LI><a href="#[ca]">&gt;&gt;</a>&nbsp;&nbsp;&nbsp;tx_time_increment
</UL>
<BR>[Called By]<UL><LI><a href="#[8]">&gt;&gt;</a>&nbsp;&nbsp;&nbsp;PendSV_Handler
</UL>

<P><STRONG><a name="[ca]"></a>tx_time_increment</STRONG> (Thumb, 398 bytes, Stack size 32 bytes, tx_low_power.o(.text.tx_time_increment))
<BR><BR>[Stack]<UL><LI>Max Depth = 60 + Unknown Stack Size
<LI>Call Chain = tx_time_increment &rArr; _tx_timer_system_activate
</UL>
<BR>[Calls]<UL><LI><a href="#[c5]">&gt;&gt;</a>&nbsp;&nbsp;&nbsp;_tx_timer_system_activate
<LI><a href="#[b7]">&gt;&gt;</a>&nbsp;&nbsp;&nbsp;_tx_thread_interrupt_restore
<LI><a href="#[b6]">&gt;&gt;</a>&nbsp;&nbsp;&nbsp;_tx_thread_interrupt_disable
</UL>
<BR>[Called By]<UL><LI><a href="#[64]">&gt;&gt;</a>&nbsp;&nbsp;&nbsp;tx_low_power_exit
</UL>

<P><STRONG><a name="[c7]"></a>tx_timer_get_next</STRONG> (Thumb, 218 bytes, Stack size 40 bytes, tx_low_power.o(.text.tx_timer_get_next))
<BR><BR>[Stack]<UL><LI>Max Depth = 40 + Unknown Stack Size
<LI>Call Chain = tx_timer_get_next
</UL>
<BR>[Calls]<UL><LI><a href="#[b7]">&gt;&gt;</a>&nbsp;&nbsp;&nbsp;_tx_thread_interrupt_restore
<LI><a href="#[b6]">&gt;&gt;</a>&nbsp;&nbsp;&nbsp;_tx_thread_interrupt_disable
</UL>
<BR>[Called By]<UL><LI><a href="#[63]">&gt;&gt;</a>&nbsp;&nbsp;&nbsp;tx_low_power_enter
</UL>

<P><STRONG><a name="[51]"></a>_fp_init</STRONG> (Thumb, 26 bytes, Stack size 0 bytes, fpinit.o(x$fpl$fpinit))
<BR><BR>[Called By]<UL><LI><a href="#[50]">&gt;&gt;</a>&nbsp;&nbsp;&nbsp;__rt_lib_init_fp_1
</UL>

<P><STRONG><a name="[100]"></a>__fplib_config_fpu_vfp</STRONG> (Thumb, 0 bytes, Stack size unknown bytes, fpinit.o(x$fpl$fpinit), UNUSED)

<P><STRONG><a name="[101]"></a>__fplib_config_pureend_doubles</STRONG> (Thumb, 0 bytes, Stack size unknown bytes, fpinit.o(x$fpl$fpinit), UNUSED)
<P>
<H3>
Local Symbols
</H3>
<P><STRONG><a name="[88]"></a>I2C_WaitOnFlagUntilTimeout</STRONG> (Thumb, 174 bytes, Stack size 32 bytes, stm32l4xx_hal_i2c.o(.text.I2C_WaitOnFlagUntilTimeout))
<BR><BR>[Stack]<UL><LI>Max Depth = 64 + Unknown Stack Size
<LI>Call Chain = I2C_WaitOnFlagUntilTimeout &rArr; HAL_GetTick &rArr; _tx_time_get
</UL>
<BR>[Calls]<UL><LI><a href="#[82]">&gt;&gt;</a>&nbsp;&nbsp;&nbsp;HAL_GetTick
</UL>
<BR>[Called By]<UL><LI><a href="#[87]">&gt;&gt;</a>&nbsp;&nbsp;&nbsp;HAL_I2C_Mem_Read
<LI><a href="#[8c]">&gt;&gt;</a>&nbsp;&nbsp;&nbsp;HAL_I2C_Mem_Write
<LI><a href="#[89]">&gt;&gt;</a>&nbsp;&nbsp;&nbsp;I2C_RequestMemoryRead
<LI><a href="#[8d]">&gt;&gt;</a>&nbsp;&nbsp;&nbsp;I2C_RequestMemoryWrite
</UL>

<P><STRONG><a name="[8a]"></a>I2C_TransferConfig</STRONG> (Thumb, 84 bytes, Stack size 16 bytes, stm32l4xx_hal_i2c.o(.text.I2C_TransferConfig))
<BR><BR>[Stack]<UL><LI>Max Depth = 16<LI>Call Chain = I2C_TransferConfig
</UL>
<BR>[Called By]<UL><LI><a href="#[87]">&gt;&gt;</a>&nbsp;&nbsp;&nbsp;HAL_I2C_Mem_Read
<LI><a href="#[8c]">&gt;&gt;</a>&nbsp;&nbsp;&nbsp;HAL_I2C_Mem_Write
<LI><a href="#[89]">&gt;&gt;</a>&nbsp;&nbsp;&nbsp;I2C_RequestMemoryRead
<LI><a href="#[8d]">&gt;&gt;</a>&nbsp;&nbsp;&nbsp;I2C_RequestMemoryWrite
</UL>

<P><STRONG><a name="[8e]"></a>I2C_WaitOnTXISFlagUntilTimeout</STRONG> (Thumb, 172 bytes, Stack size 24 bytes, stm32l4xx_hal_i2c.o(.text.I2C_WaitOnTXISFlagUntilTimeout))
<BR><BR>[Stack]<UL><LI>Max Depth = 104 + Unknown Stack Size
<LI>Call Chain = I2C_WaitOnTXISFlagUntilTimeout &rArr; I2C_IsErrorOccurred &rArr; HAL_GetTick &rArr; _tx_time_get
</UL>
<BR>[Calls]<UL><LI><a href="#[82]">&gt;&gt;</a>&nbsp;&nbsp;&nbsp;HAL_GetTick
<LI><a href="#[a6]">&gt;&gt;</a>&nbsp;&nbsp;&nbsp;I2C_IsErrorOccurred
</UL>
<BR>[Called By]<UL><LI><a href="#[8c]">&gt;&gt;</a>&nbsp;&nbsp;&nbsp;HAL_I2C_Mem_Write
<LI><a href="#[89]">&gt;&gt;</a>&nbsp;&nbsp;&nbsp;I2C_RequestMemoryRead
<LI><a href="#[8d]">&gt;&gt;</a>&nbsp;&nbsp;&nbsp;I2C_RequestMemoryWrite
</UL>

<P><STRONG><a name="[8b]"></a>I2C_WaitOnSTOPFlagUntilTimeout</STRONG> (Thumb, 162 bytes, Stack size 24 bytes, stm32l4xx_hal_i2c.o(.text.I2C_WaitOnSTOPFlagUntilTimeout))
<BR><BR>[Stack]<UL><LI>Max Depth = 104 + Unknown Stack Size
<LI>Call Chain = I2C_WaitOnSTOPFlagUntilTimeout &rArr; I2C_IsErrorOccurred &rArr; HAL_GetTick &rArr; _tx_time_get
</UL>
<BR>[Calls]<UL><LI><a href="#[82]">&gt;&gt;</a>&nbsp;&nbsp;&nbsp;HAL_GetTick
<LI><a href="#[a6]">&gt;&gt;</a>&nbsp;&nbsp;&nbsp;I2C_IsErrorOccurred
</UL>
<BR>[Called By]<UL><LI><a href="#[87]">&gt;&gt;</a>&nbsp;&nbsp;&nbsp;HAL_I2C_Mem_Read
<LI><a href="#[8c]">&gt;&gt;</a>&nbsp;&nbsp;&nbsp;HAL_I2C_Mem_Write
</UL>

<P><STRONG><a name="[a6]"></a>I2C_IsErrorOccurred</STRONG> (Thumb, 510 bytes, Stack size 48 bytes, stm32l4xx_hal_i2c.o(.text.I2C_IsErrorOccurred))
<BR><BR>[Stack]<UL><LI>Max Depth = 80 + Unknown Stack Size
<LI>Call Chain = I2C_IsErrorOccurred &rArr; HAL_GetTick &rArr; _tx_time_get
</UL>
<BR>[Calls]<UL><LI><a href="#[82]">&gt;&gt;</a>&nbsp;&nbsp;&nbsp;HAL_GetTick
<LI><a href="#[a7]">&gt;&gt;</a>&nbsp;&nbsp;&nbsp;I2C_Flush_TXDR
</UL>
<BR>[Called By]<UL><LI><a href="#[8b]">&gt;&gt;</a>&nbsp;&nbsp;&nbsp;I2C_WaitOnSTOPFlagUntilTimeout
<LI><a href="#[8e]">&gt;&gt;</a>&nbsp;&nbsp;&nbsp;I2C_WaitOnTXISFlagUntilTimeout
</UL>

<P><STRONG><a name="[a7]"></a>I2C_Flush_TXDR</STRONG> (Thumb, 64 bytes, Stack size 4 bytes, stm32l4xx_hal_i2c.o(.text.I2C_Flush_TXDR))
<BR><BR>[Stack]<UL><LI>Max Depth = 4<LI>Call Chain = I2C_Flush_TXDR
</UL>
<BR>[Called By]<UL><LI><a href="#[a6]">&gt;&gt;</a>&nbsp;&nbsp;&nbsp;I2C_IsErrorOccurred
</UL>

<P><STRONG><a name="[8d]"></a>I2C_RequestMemoryWrite</STRONG> (Thumb, 192 bytes, Stack size 32 bytes, stm32l4xx_hal_i2c.o(.text.I2C_RequestMemoryWrite))
<BR><BR>[Stack]<UL><LI>Max Depth = 136 + Unknown Stack Size
<LI>Call Chain = I2C_RequestMemoryWrite &rArr; I2C_WaitOnTXISFlagUntilTimeout &rArr; I2C_IsErrorOccurred &rArr; HAL_GetTick &rArr; _tx_time_get
</UL>
<BR>[Calls]<UL><LI><a href="#[8e]">&gt;&gt;</a>&nbsp;&nbsp;&nbsp;I2C_WaitOnTXISFlagUntilTimeout
<LI><a href="#[8a]">&gt;&gt;</a>&nbsp;&nbsp;&nbsp;I2C_TransferConfig
<LI><a href="#[88]">&gt;&gt;</a>&nbsp;&nbsp;&nbsp;I2C_WaitOnFlagUntilTimeout
</UL>
<BR>[Called By]<UL><LI><a href="#[8c]">&gt;&gt;</a>&nbsp;&nbsp;&nbsp;HAL_I2C_Mem_Write
</UL>

<P><STRONG><a name="[89]"></a>I2C_RequestMemoryRead</STRONG> (Thumb, 190 bytes, Stack size 32 bytes, stm32l4xx_hal_i2c.o(.text.I2C_RequestMemoryRead))
<BR><BR>[Stack]<UL><LI>Max Depth = 136 + Unknown Stack Size
<LI>Call Chain = I2C_RequestMemoryRead &rArr; I2C_WaitOnTXISFlagUntilTimeout &rArr; I2C_IsErrorOccurred &rArr; HAL_GetTick &rArr; _tx_time_get
</UL>
<BR>[Calls]<UL><LI><a href="#[8e]">&gt;&gt;</a>&nbsp;&nbsp;&nbsp;I2C_WaitOnTXISFlagUntilTimeout
<LI><a href="#[8a]">&gt;&gt;</a>&nbsp;&nbsp;&nbsp;I2C_TransferConfig
<LI><a href="#[88]">&gt;&gt;</a>&nbsp;&nbsp;&nbsp;I2C_WaitOnFlagUntilTimeout
</UL>
<BR>[Called By]<UL><LI><a href="#[87]">&gt;&gt;</a>&nbsp;&nbsp;&nbsp;HAL_I2C_Mem_Read
</UL>

<P><STRONG><a name="[a5]"></a>RCC_SetFlashLatencyFromMSIRange</STRONG> (Thumb, 238 bytes, Stack size 32 bytes, stm32l4xx_hal_rcc.o(.text.RCC_SetFlashLatencyFromMSIRange))
<BR><BR>[Stack]<UL><LI>Max Depth = 32<LI>Call Chain = RCC_SetFlashLatencyFromMSIRange
</UL>
<BR>[Calls]<UL><LI><a href="#[b2]">&gt;&gt;</a>&nbsp;&nbsp;&nbsp;HAL_PWREx_GetVoltageRange
</UL>
<BR>[Called By]<UL><LI><a href="#[a4]">&gt;&gt;</a>&nbsp;&nbsp;&nbsp;HAL_RCC_OscConfig
</UL>

<P><STRONG><a name="[a1]"></a>RCCEx_PLLSAI1_Config</STRONG> (Thumb, 640 bytes, Stack size 32 bytes, stm32l4xx_hal_rcc_ex.o(.text.RCCEx_PLLSAI1_Config))
<BR><BR>[Stack]<UL><LI>Max Depth = 64 + Unknown Stack Size
<LI>Call Chain = RCCEx_PLLSAI1_Config &rArr; HAL_GetTick &rArr; _tx_time_get
</UL>
<BR>[Calls]<UL><LI><a href="#[82]">&gt;&gt;</a>&nbsp;&nbsp;&nbsp;HAL_GetTick
</UL>
<BR>[Called By]<UL><LI><a href="#[91]">&gt;&gt;</a>&nbsp;&nbsp;&nbsp;HAL_RCCEx_PeriphCLKConfig
</UL>

<P><STRONG><a name="[9e]"></a>__NVIC_SetPriorityGrouping</STRONG> (Thumb, 60 bytes, Stack size 12 bytes, stm32l4xx_hal_cortex.o(.text.__NVIC_SetPriorityGrouping))
<BR><BR>[Stack]<UL><LI>Max Depth = 12<LI>Call Chain = __NVIC_SetPriorityGrouping
</UL>
<BR>[Called By]<UL><LI><a href="#[95]">&gt;&gt;</a>&nbsp;&nbsp;&nbsp;HAL_NVIC_SetPriorityGrouping
</UL>

<P><STRONG><a name="[9b]"></a>__NVIC_GetPriorityGrouping</STRONG> (Thumb, 16 bytes, Stack size 0 bytes, stm32l4xx_hal_cortex.o(.text.__NVIC_GetPriorityGrouping))
<BR><BR>[Called By]<UL><LI><a href="#[9a]">&gt;&gt;</a>&nbsp;&nbsp;&nbsp;HAL_NVIC_SetPriority
</UL>

<P><STRONG><a name="[9c]"></a>NVIC_EncodePriority</STRONG> (Thumb, 108 bytes, Stack size 32 bytes, stm32l4xx_hal_cortex.o(.text.NVIC_EncodePriority))
<BR><BR>[Stack]<UL><LI>Max Depth = 32<LI>Call Chain = NVIC_EncodePriority
</UL>
<BR>[Called By]<UL><LI><a href="#[9a]">&gt;&gt;</a>&nbsp;&nbsp;&nbsp;HAL_NVIC_SetPriority
</UL>

<P><STRONG><a name="[9d]"></a>__NVIC_SetPriority</STRONG> (Thumb, 66 bytes, Stack size 8 bytes, stm32l4xx_hal_cortex.o(.text.__NVIC_SetPriority))
<BR><BR>[Stack]<UL><LI>Max Depth = 8<LI>Call Chain = __NVIC_SetPriority
</UL>
<BR>[Called By]<UL><LI><a href="#[9a]">&gt;&gt;</a>&nbsp;&nbsp;&nbsp;HAL_NVIC_SetPriority
</UL>

<P><STRONG><a name="[99]"></a>__NVIC_EnableIRQ</STRONG> (Thumb, 48 bytes, Stack size 4 bytes, stm32l4xx_hal_cortex.o(.text.__NVIC_EnableIRQ))
<BR><BR>[Stack]<UL><LI>Max Depth = 4<LI>Call Chain = __NVIC_EnableIRQ
</UL>
<BR>[Called By]<UL><LI><a href="#[98]">&gt;&gt;</a>&nbsp;&nbsp;&nbsp;HAL_NVIC_EnableIRQ
</UL>

<P><STRONG><a name="[48]"></a>AppTask10ms</STRONG> (Thumb, 114 bytes, Stack size 32 bytes, appmain.o(.text.AppTask10ms))
<BR><BR>[Stack]<UL><LI>Max Depth = 296 + Unknown Stack Size
<LI>Call Chain = AppTask10ms &rArr; RX8900_Set_Time &rArr; RX8900_IIC_Transmit &rArr; HAL_I2C_Mem_Read &rArr; I2C_RequestMemoryRead &rArr; I2C_WaitOnTXISFlagUntilTimeout &rArr; I2C_IsErrorOccurred &rArr; HAL_GetTick &rArr; _tx_time_get
</UL>
<BR>[Calls]<UL><LI><a href="#[75]">&gt;&gt;</a>&nbsp;&nbsp;&nbsp;_tx_thread_sleep
<LI><a href="#[74]">&gt;&gt;</a>&nbsp;&nbsp;&nbsp;RX8900_Updata_Time
<LI><a href="#[73]">&gt;&gt;</a>&nbsp;&nbsp;&nbsp;RX8900_Main_Fun
<LI><a href="#[71]">&gt;&gt;</a>&nbsp;&nbsp;&nbsp;RX8900_Set_Time
<LI><a href="#[72]">&gt;&gt;</a>&nbsp;&nbsp;&nbsp;HAL_GPIO_TogglePin
</UL>
<BR>[Address Reference Count : 1]<UL><LI> appmain.o(.text.AppMain)
</UL>
<P><STRONG><a name="[a8]"></a>LPower_Sysclock_Set</STRONG> (Thumb, 72 bytes, Stack size 80 bytes, applowpowermgr.o(.text.LPower_Sysclock_Set))
<BR><BR>[Stack]<UL><LI>Max Depth = 172 + Unknown Stack Size
<LI>Call Chain = LPower_Sysclock_Set &rArr; HAL_RCC_OscConfig &rArr; HAL_RCC_GetSysClockFreq
</UL>
<BR>[Calls]<UL><LI><a href="#[a3]">&gt;&gt;</a>&nbsp;&nbsp;&nbsp;HAL_RCC_DeInit
<LI><a href="#[a4]">&gt;&gt;</a>&nbsp;&nbsp;&nbsp;HAL_RCC_OscConfig
<LI><a href="#[aa]">&gt;&gt;</a>&nbsp;&nbsp;&nbsp;HAL_PWREx_ControlVoltageScaling
<LI><a href="#[90]">&gt;&gt;</a>&nbsp;&nbsp;&nbsp;__aeabi_memclr4
</UL>
<BR>[Called By]<UL><LI><a href="#[7b]">&gt;&gt;</a>&nbsp;&nbsp;&nbsp;LPower_Enter
</UL>

<P><STRONG><a name="[a9]"></a>LPower_SysTickTick_Set</STRONG> (Thumb, 92 bytes, Stack size 4 bytes, applowpowermgr.o(.text.LPower_SysTickTick_Set))
<BR><BR>[Stack]<UL><LI>Max Depth = 4<LI>Call Chain = LPower_SysTickTick_Set
</UL>
<BR>[Called By]<UL><LI><a href="#[7b]">&gt;&gt;</a>&nbsp;&nbsp;&nbsp;LPower_Enter
</UL>

<P><STRONG><a name="[b4]"></a>RX8900_UpErrFlag_Polling</STRONG> (Thumb, 170 bytes, Stack size 24 bytes, rx8900.o(.text.RX8900_UpErrFlag_Polling))
<BR><BR>[Stack]<UL><LI>Max Depth = 232 + Unknown Stack Size
<LI>Call Chain = RX8900_UpErrFlag_Polling &rArr; RX8900_IIC_Transmit &rArr; HAL_I2C_Mem_Read &rArr; I2C_RequestMemoryRead &rArr; I2C_WaitOnTXISFlagUntilTimeout &rArr; I2C_IsErrorOccurred &rArr; HAL_GetTick &rArr; _tx_time_get
</UL>
<BR>[Calls]<UL><LI><a href="#[b3]">&gt;&gt;</a>&nbsp;&nbsp;&nbsp;RX8900_IIC_Transmit
</UL>
<BR>[Called By]<UL><LI><a href="#[73]">&gt;&gt;</a>&nbsp;&nbsp;&nbsp;RX8900_Main_Fun
</UL>
<P>
<H3>
Undefined Global Symbols
</H3><HR></body></html>
