Component: Arm Compiler for Embedded 6.21 Tool: armlink [5ec1fa00]

==============================================================================

Section Cross References

    startup_stm32l432xx.o(STACK) refers (Special) to heapauxi.o(.text) for __use_two_region_memory
    startup_stm32l432xx.o(HEAP) refers (Special) to heapauxi.o(.text) for __use_two_region_memory
    startup_stm32l432xx.o(RESET) refers (Special) to heapauxi.o(.text) for __use_two_region_memory
    startup_stm32l432xx.o(RESET) refers to startup_stm32l432xx.o(STACK) for __initial_sp
    startup_stm32l432xx.o(RESET) refers to startup_stm32l432xx.o(.text) for Reset_Handler
    startup_stm32l432xx.o(RESET) refers to stm32l4xx_it.o(.text.NMI_Handler) for NMI_Handler
    startup_stm32l432xx.o(RESET) refers to stm32l4xx_it.o(.text.HardFault_Handler) for HardFault_Handler
    startup_stm32l432xx.o(RESET) refers to stm32l4xx_it.o(.text.MemManage_Handler) for MemManage_Handler
    startup_stm32l432xx.o(RESET) refers to stm32l4xx_it.o(.text.BusFault_Handler) for BusFault_Handler
    startup_stm32l432xx.o(RESET) refers to stm32l4xx_it.o(.text.UsageFault_Handler) for UsageFault_Handler
    startup_stm32l432xx.o(RESET) refers to stm32l4xx_it.o(.text.DebugMon_Handler) for DebugMon_Handler
    startup_stm32l432xx.o(RESET) refers to tx_thread_schedule.o(.text) for PendSV_Handler
    startup_stm32l432xx.o(RESET) refers to tx_initialize_low_level.o(.text) for SysTick_Handler
    startup_stm32l432xx.o(RESET) refers to stm32l4xx_it.o(.text.EXTI1_IRQHandler) for EXTI1_IRQHandler
    startup_stm32l432xx.o(RESET) refers to stm32l4xx_it.o(.text.LPTIM1_IRQHandler) for LPTIM1_IRQHandler
    startup_stm32l432xx.o(.text) refers (Special) to heapauxi.o(.text) for __use_two_region_memory
    startup_stm32l432xx.o(.text) refers to system_stm32l4xx.o(.text.SystemInit) for SystemInit
    startup_stm32l432xx.o(.text) refers to __main.o(!!!main) for __main
    startup_stm32l432xx.o(.text) refers to startup_stm32l432xx.o(HEAP) for Heap_Mem
    startup_stm32l432xx.o(.text) refers to startup_stm32l432xx.o(STACK) for Stack_Mem
    main.o(.text.main) refers to stm32l4xx_hal.o(.text.HAL_Init) for HAL_Init
    main.o(.text.main) refers to rt_memclr_w.o(.text) for __aeabi_memclr4
    main.o(.text.main) refers to stm32l4xx_hal_pwr_ex.o(.text.HAL_PWREx_ControlVoltageScaling) for HAL_PWREx_ControlVoltageScaling
    main.o(.text.main) refers to stm32l4xx_hal_rcc.o(.text.HAL_RCC_OscConfig) for HAL_RCC_OscConfig
    main.o(.text.main) refers to stm32l4xx_hal_rcc.o(.text.HAL_RCC_ClockConfig) for HAL_RCC_ClockConfig
    main.o(.text.main) refers to gpio.o(.text.MX_GPIO_Init) for MX_GPIO_Init
    main.o(.text.main) refers to i2c.o(.text.MX_I2C1_Init) for MX_I2C1_Init
    main.o(.text.main) refers to lptim.o(.text.MX_LPTIM1_Init) for MX_LPTIM1_Init
    main.o(.text.main) refers to app_threadx.o(.text.MX_ThreadX_Init) for MX_ThreadX_Init
    main.o(.ARM.exidx.text.main) refers to main.o(.text.main) for [Anonymous Symbol]
    main.o(.text.SystemClock_Config) refers to rt_memclr_w.o(.text) for __aeabi_memclr4
    main.o(.text.SystemClock_Config) refers to stm32l4xx_hal_pwr_ex.o(.text.HAL_PWREx_ControlVoltageScaling) for HAL_PWREx_ControlVoltageScaling
    main.o(.text.SystemClock_Config) refers to stm32l4xx_hal_rcc.o(.text.HAL_RCC_OscConfig) for HAL_RCC_OscConfig
    main.o(.text.SystemClock_Config) refers to stm32l4xx_hal_rcc.o(.text.HAL_RCC_ClockConfig) for HAL_RCC_ClockConfig
    main.o(.ARM.exidx.text.SystemClock_Config) refers to main.o(.text.SystemClock_Config) for [Anonymous Symbol]
    main.o(.ARM.exidx.text.Error_Handler) refers to main.o(.text.Error_Handler) for [Anonymous Symbol]
    tx_initialize_low_level.o(.text) refers (Special) to tx_initialize_high_level.o(.bss._tx_initialize_unused_memory) for _tx_initialize_unused_memory
    tx_initialize_low_level.o(.text) refers (Special) to __main.o(!!!main) for __main
    tx_initialize_low_level.o(.text) refers (Special) to tx_thread_schedule.o(.text) for __tx_PendSVHandler
    tx_initialize_low_level.o(.text) refers to startup_stm32l432xx.o(RESET) for __Vectors
    tx_initialize_low_level.o(.text) refers to tx_thread_initialize.o(.bss._tx_thread_system_stack_ptr) for _tx_thread_system_stack_ptr
    tx_initialize_low_level.o(.text) refers to tx_timer_interrupt.o(.text) for _tx_timer_interrupt
    gpio.o(.text.MX_GPIO_Init) refers to stm32l4xx_hal_gpio.o(.text.HAL_GPIO_WritePin) for HAL_GPIO_WritePin
    gpio.o(.text.MX_GPIO_Init) refers to stm32l4xx_hal_gpio.o(.text.HAL_GPIO_Init) for HAL_GPIO_Init
    gpio.o(.text.MX_GPIO_Init) refers to stm32l4xx_hal_cortex.o(.text.HAL_NVIC_SetPriority) for HAL_NVIC_SetPriority
    gpio.o(.text.MX_GPIO_Init) refers to stm32l4xx_hal_cortex.o(.text.HAL_NVIC_EnableIRQ) for HAL_NVIC_EnableIRQ
    gpio.o(.ARM.exidx.text.MX_GPIO_Init) refers to gpio.o(.text.MX_GPIO_Init) for [Anonymous Symbol]
    app_threadx.o(.text.App_ThreadX_Init) refers to appmain.o(.text.AppMain) for AppMain
[...]
    [Anonymous Symbol]                       0x08004904   Section        0  tx_thread_timeout.o(.text._tx_thread_timeout)
    [Anonymous Symbol]                       0x0800494c   Section        0  tx_time_get.o(.text._tx_time_get)
    [Anonymous Symbol]                       0x08004964   Section        0  tx_time_set.o(.text._tx_time_set)
    [Anonymous Symbol]                       0x08004980   Section        0  tx_timer_expiration_process.o(.text._tx_timer_expiration_process)
    [Anonymous Symbol]                       0x080049a8   Section        0  tx_timer_initialize.o(.text._tx_timer_initialize)
    [Anonymous Symbol]                       0x08004a48   Section        0  tx_timer_system_activate.o(.text._tx_timer_system_activate)
    [Anonymous Symbol]                       0x08004aa4   Section        0  tx_timer_system_deactivate.o(.text._tx_timer_system_deactivate)
    [Anonymous Symbol]                       0x08004ae0   Section        0  tx_timer_thread_entry.o(.text._tx_timer_thread_entry)
    [Anonymous Symbol]                       0x08004c2c   Section        0  txe_byte_pool_create.o(.text._txe_byte_pool_create)
    [Anonymous Symbol]                       0x08004d8c   Section        0  txe_event_flags_create.o(.text._txe_event_flags_create)
    [Anonymous Symbol]                       0x08004ec8   Section        0  txe_event_flags_get.o(.text._txe_event_flags_get)
    [Anonymous Symbol]                       0x08004f6c   Section        0  txe_event_flags_set.o(.text._txe_event_flags_set)
    [Anonymous Symbol]                       0x08004f94   Section        0  txe_thread_create.o(.text._txe_thread_create)
    [Anonymous Symbol]                       0x08005120   Section        0  main.o(.text.main)
    [Anonymous Symbol]                       0x080051b0   Section        0  app_azure_rtos.o(.text.tx_application_define)
    [Anonymous Symbol]                       0x08005204   Section        0  tx_low_power.o(.text.tx_low_power_enter)
    [Anonymous Symbol]                       0x08005364   Section        0  tx_low_power.o(.text.tx_low_power_exit)
    [Anonymous Symbol]                       0x08005390   Section        0  tx_low_power.o(.text.tx_time_increment)
    $v0                                      0x0800555c   Number         0  d2f.o(x$fpl$d2f)
    x$fpl$d2f                                0x0800555c   Section       98  d2f.o(x$fpl$d2f)
    $v0                                      0x080055c0   Number         0  daddsub_clz.o(x$fpl$dadd)
    x$fpl$dadd                               0x080055c0   Section      336  daddsub_clz.o(x$fpl$dadd)
    _dadd1                                   0x080055d1   Thumb Code     0  daddsub_clz.o(x$fpl$dadd)
    $v0                                      0x08005710   Number         0  dflt_clz.o(x$fpl$dfltu)
    x$fpl$dfltu                              0x08005710   Section       38  dflt_clz.o(x$fpl$dfltu)
    $v0                                      0x08005738   Number         0  dmul.o(x$fpl$dmul)
    x$fpl$dmul                               0x08005738   Section      340  dmul.o(x$fpl$dmul)
    $v0                                      0x0800588c   Number         0  dnaninf.o(x$fpl$dnaninf)
    x$fpl$dnaninf                            0x0800588c   Section      156  dnaninf.o(x$fpl$dnaninf)
    $v0                                      0x08005928   Number         0  dretinf.o(x$fpl$dretinf)
    x$fpl$dretinf                            0x08005928   Section       12  dretinf.o(x$fpl$dretinf)
    $v0                                      0x08005934   Number         0  daddsub_clz.o(x$fpl$dsub)
    x$fpl$dsub                               0x08005934   Section      476  daddsub_clz.o(x$fpl$dsub)
    _dsub1                                   0x08005945   Thumb Code     0  daddsub_clz.o(x$fpl$dsub)
    $v0                                      0x08005b10   Number         0  fpinit.o(x$fpl$fpinit)
    x$fpl$fpinit                             0x08005b10   Section       26  fpinit.o(x$fpl$fpinit)
    $v0                                      0x08005b2a   Number         0  fretinf.o(x$fpl$fretinf)
    x$fpl$fretinf                            0x08005b2a   Section       10  fretinf.o(x$fpl$fretinf)
    x$fpl$usenofp                            0x08005b34   Section        0  usenofp.o(x$fpl$usenofp)
    .L_MergedGlobals                         0x20000000   Data           8  stm32l4xx_hal.o(.data..L_MergedGlobals)
    [Anonymous Symbol]                       0x20000000   Section        0  stm32l4xx_hal.o(.data..L_MergedGlobals)
    .bss                                     0x20000018   Section       96  libspace.o(.bss)
    .L_MergedGlobals                         0x20000078   Data          16  applowpowermgr.o(.bss..L_MergedGlobals)
    [Anonymous Symbol]                       0x20000078   Section        0  applowpowermgr.o(.bss..L_MergedGlobals)
    .L_MergedGlobals                         0x20000088   Data           8  rx8900.o(.bss..L_MergedGlobals)
    [Anonymous Symbol]                       0x20000088   Section        0  rx8900.o(.bss..L_MergedGlobals)
    .L_MergedGlobals                         0x20000090   Data          16  htu21d.o(.bss..L_MergedGlobals)
    [Anonymous Symbol]                       0x20000090   Section        0  htu21d.o(.bss..L_MergedGlobals)
    HTU21D_MainFunc.EnterFirst               0x20000094   Data           1  htu21d.o(.bss..L_MergedGlobals)
    HTU21D_MainFunc.UpdataStatu              0x20000095   Data           1  htu21d.o(.bss..L_MergedGlobals)
    HTU21D_MainFunc.Ticks                    0x20000098   Data           4  htu21d.o(.bss..L_MergedGlobals)
    HTU21D_MainFunc.LastTicks                0x2000009c   Data           4  htu21d.o(.bss..L_MergedGlobals)
    .L_MergedGlobals                         0x200000a0   Data          48  tx_initialize_high_level.o(.bss..L_MergedGlobals)
    [Anonymous Symbol]                       0x200000a0   Section        0  tx_initialize_high_level.o(.bss..L_MergedGlobals)
    .L_MergedGlobals                         0x200000d0   Data          36  tx_thread_initialize.o(.bss..L_MergedGlobals)
    [Anonymous Symbol]                       0x200000d0   Section        0  tx_thread_initialize.o(.bss..L_MergedGlobals)
    .L_MergedGlobals                         0x200000f4   Data          52  tx_timer_initialize.o(.bss..L_MergedGlobals)
    [Anonymous Symbol]                       0x200000f4   Section        0  tx_timer_initialize.o(.bss..L_MergedGlobals)
    AppTask10msStk                           0x20000128   Data        1024  appmain.o(.bss.AppTask10msStk)
    [Anonymous Symbol]                       0x20000128   Section        0  appmain.o(.bss.AppTask10msStk)
    AppTaskModeCtrlStk                       0x200005d8   Data        1024  appmain.o(.bss.AppTaskModeCtrlStk)
    [Anonymous Symbol]                       0x200005d8   Section        0  appmain.o(.bss.AppTaskModeCtrlStk)
    HAL_GetTick.ticks                        0x20000a88   Data           4  appmain.o(.bss.HAL_GetTick.ticks)
    [Anonymous Symbol]                       0x20000a88   Section        0  appmain.o(.bss.HAL_GetTick.ticks)
    tx_app_byte_pool                         0x20000f08   Data          52  app_azure_rtos.o(.bss.tx_app_byte_pool)
    [Anonymous Symbol]                       0x20000f08   Section        0  app_azure_rtos.o(.bss.tx_app_byte_pool)
    tx_byte_pool_buffer                      0x20000f3c   Data         512  app_azure_rtos.o(.bss.tx_byte_pool_buffer)
    [Anonymous Symbol]                       0x20000f3c   Section        0  app_azure_rtos.o(.bss.tx_byte_pool_buffer)
    Heap_Mem                                 0x20001140   Data         512  startup_stm32l432xx.o(HEAP)
    HEAP                                     0x20001140   Section      512  startup_stm32l432xx.o(HEAP)
    Stack_Mem                                0x20001340   Data        1024  startup_stm32l432xx.o(STACK)
    STACK                                    0x20001340   Section     1024  startup_stm32l432xx.o(STACK)
    __initial_sp                             0x20001740   Data           0  startup_stm32l432xx.o(STACK)

    Global Symbols

    Symbol Name                              Value     Ov Type        Size  Object(Section)

    BuildAttributes$$THM_ISAv4$E$P$D$K$B$S$7EM$VFPi3$EXTD16$VFPS$VFMA$PE$A:L22UL41UL21$X:L11$S22US41US21$IEEE1$IW$~IW$USESV6$~STKCKD$USESV7$~SHL$OTIME$ROPI$EBA8$UX$STANDARDLIB$REQ8$EABIv2 0x00000000   Number         0  anon$$obj.o ABSOLUTE
    __ARM_exceptions_init                     - Undefined Weak Reference
    __alloca_initialize                       - Undefined Weak Reference
    __arm_preinit_                            - Undefined Weak Reference
    __arm_relocate_pie_                       - Undefined Weak Reference
    __cpp_initialize__aeabi_                  - Undefined Weak Reference
    __cxa_finalize                            - Undefined Weak Reference
    __rt_locale                               - Undefined Weak Reference
    __sigvec_lookup                           - Undefined Weak Reference
    _atexit_init                              - Undefined Weak Reference
    _call_atexit_fns                          - Undefined Weak Reference
    _clock_init                               - Undefined Weak Reference
    _fp_trap_init                             - Undefined Weak Reference
    _fp_trap_shutdown                         - Undefined Weak Reference
    _get_lc_collate                           - Undefined Weak Reference
    _get_lc_ctype                             - Undefined Weak Reference
    _get_lc_monetary                          - Undefined Weak Reference
    _get_lc_numeric                           - Undefined Weak Reference
    _get_lc_time                              - Undefined Weak Reference
    _getenv_init                              - Undefined Weak Reference
    _handle_redirection                       - Undefined Weak Reference
    _init_alloc                               - Undefined Weak Reference
    _init_user_alloc                          - Undefined Weak Reference
    _initio                                   - Undefined Weak Reference
    _rand_init                                - Undefined Weak Reference
    _signal_finish                            - Undefined Weak Reference
    _signal_init                              - Undefined Weak Reference
    _terminate_alloc                          - Undefined Weak Reference
    _terminate_user_alloc                     - Undefined Weak Reference
    _terminateio                              - Undefined Weak Reference
    __Vectors_Size                           0x0000018c   Number         0  startup_stm32l432xx.o ABSOLUTE
    __Vectors                                0x08000000   Data           4  startup_stm32l432xx.o(RESET)
    __Vectors_End                            0x0800018c   Data           0  startup_stm32l432xx.o(RESET)
    __main                                   0x0800018d   Thumb Code     8  __main.o(!!!main)
    __scatterload                            0x08000195   Thumb Code     0  __scatter.o(!!!scatter)
    __scatterload_rt2                        0x08000195   Thumb Code    84  __scatter.o(!!!scatter)
    __scatterload_rt2_thumb_only             0x08000195   Thumb Code     0  __scatter.o(!!!scatter)
    __scatterload_loop                       0x0800019f   Thumb Code     0  __scatter.o(!!!scatter)
    __scatterload_copy                       0x080001f1   Thumb Code    26  __scatter_copy.o(!!handler_copy)
    __scatterload_null                       0x0800020d   Thumb Code     2  __scatter.o(!!handler_null)
    __scatterload_zeroinit                   0x08000211   Thumb Code    28  __scatter_zi.o(!!handler_zi)
    __rt_lib_init                            0x0800022d   Thumb Code     0  libinit.o(.ARM.Collect$$libinit$$00000000)
    __rt_lib_init_fp_1                       0x0800022f   Thumb Code     0  libinit2.o(.ARM.Collect$$libinit$$00000001)
    __rt_lib_init_alloca_1                   0x08000233   Thumb Code     0  libinit2.o(.ARM.Collect$$libinit$$00000030)
    __rt_lib_init_argv_1                     0x08000233   Thumb Code     0  libinit2.o(.ARM.Collect$$libinit$$0000002E)
    __rt_lib_init_atexit_1                   0x08000233   Thumb Code     0  libinit2.o(.ARM.Collect$$libinit$$0000001D)
    __rt_lib_init_clock_1                    0x08000233   Thumb Code     0  libinit2.o(.ARM.Collect$$libinit$$00000023)
    __rt_lib_init_cpp_1                      0x08000233   Thumb Code     0  libinit2.o(.ARM.Collect$$libinit$$00000034)
    __rt_lib_init_exceptions_1               0x08000233   Thumb Code     0  libinit2.o(.ARM.Collect$$libinit$$00000032)
    __rt_lib_init_fp_trap_1                  0x08000233   Thumb Code     0  libinit2.o(.ARM.Collect$$libinit$$00000021)
    __rt_lib_init_getenv_1                   0x08000233   Thumb Code     0  libinit2.o(.ARM.Collect$$libinit$$00000025)
    __rt_lib_init_heap_1                     0x08000233   Thumb Code     0  libinit2.o(.ARM.Collect$$libinit$$0000000C)
    __rt_lib_init_lc_collate_1               0x08000233   Thumb Code     0  libinit2.o(.ARM.Collect$$libinit$$00000013)
    __rt_lib_init_lc_ctype_1                 0x08000233   Thumb Code     0  libinit2.o(.ARM.Collect$$libinit$$00000015)
    __rt_lib_init_lc_monetary_1              0x08000233   Thumb Code     0  libinit2.o(.ARM.Collect$$libinit$$00000017)
    __rt_lib_init_lc_numeric_1               0x08000233   Thumb Code     0  libinit2.o(.ARM.Collect$$libinit$$00000019)
    __rt_lib_init_lc_time_1                  0x08000233   Thumb Code     0  libinit2.o(.ARM.Collect$$libinit$$0000001B)
    __rt_lib_init_preinit_1                  0x08000233   Thumb Code     0  libinit2.o(.ARM.Collect$$libinit$$00000006)
    __rt_lib_init_rand_1                     0x08000233   Thumb Code     0  libinit2.o(.ARM.Collect$$libinit$$00000010)
    __rt_lib_init_relocate_pie_1             0x08000233   Thumb Code     0  libinit2.o(.ARM.Collect$$libinit$$00000004)
    __rt_lib_init_return                     0x08000233   Thumb Code     0  libinit2.o(.ARM.Collect$$libinit$$00000035)
    __rt_lib_init_signal_1                   0x08000233   Thumb Code     0  libinit2.o(.ARM.Collect$$libinit$$0000001F)
    __rt_lib_init_stdio_1                    0x08000233   Thumb Code     0  libinit2.o(.ARM.Collect$$libinit$$00000027)
    __rt_lib_init_user_alloc_1               0x08000233   Thumb Code     0  libinit2.o(.ARM.Collect$$libinit$$0000000E)
    __rt_lib_shutdown                        0x08000235   Thumb Code     0  libshutdown.o(.ARM.Collect$$libshutdown$$00000000)
    __rt_lib_shutdown_cpp_1                  0x08000237   Thumb Code     0  libshutdown2.o(.ARM.Collect$$libshutdown$$00000002)
    __rt_lib_shutdown_fp_trap_1              0x08000237   Thumb Code     0  libshutdown2.o(.ARM.Collect$$libshutdown$$00000007)
    __rt_lib_shutdown_heap_1                 0x08000237   Thumb Code     0  libshutdown2.o(.ARM.Collect$$libshutdown$$0000000F)
    __rt_lib_shutdown_return                 0x08000237   Thumb Code     0  libshutdown2.o(.ARM.Collect$$libshutdown$$00000010)
    __rt_lib_shutdown_signal_1               0x08000237   Thumb Code     0  libshutdown2.o(.ARM.Collect$$libshutdown$$0000000A)
    __rt_lib_shutdown_stdio_1                0x08000237   Thumb Code     0  libshutdown2.o(.ARM.Collect$$libshutdown$$00000004)
    __rt_lib_shutdown_user_alloc_1           0x08000237   Thumb Code     0  libshutdown2.o(.ARM.Collect$$libshutdown$$0000000C)
    __rt_entry                               0x08000239   Thumb Code     0  __rtentry.o(.ARM.Collect$$rtentry$$00000000)
    __rt_entry_presh_1                       0x08000239   Thumb Code     0  __rtentry2.o(.ARM.Collect$$rtentry$$00000002)
    __rt_entry_sh                            0x08000239   Thumb Code     0  __rtentry4.o(.ARM.Collect$$rtentry$$00000004)
    __rt_entry_li                            0x0800023f   Thumb Code     0  __rtentry2.o(.ARM.Collect$$rtentry$$0000000A)
    __rt_entry_postsh_1                      0x0800023f   Thumb Code     0  __rtentry2.o(.ARM.Collect$$rtentry$$00000009)
    __rt_entry_main                          0x08000243   Thumb Code     0  __rtentry2.o(.ARM.Collect$$rtentry$$0000000D)
    __rt_entry_postli_1                      0x08000243   Thumb Code     0  __rtentry2.o(.ARM.Collect$$rtentry$$0000000C)
    __rt_exit                                0x0800024b   Thumb Code     0  rtexit.o(.ARM.Collect$$rtexit$$00000000)
    __rt_exit_ls                             0x0800024d   Thumb Code     0  rtexit2.o(.ARM.Collect$$rtexit$$00000003)
    __rt_exit_prels_1                        0x0800024d   Thumb Code     0  rtexit2.o(.ARM.Collect$$rtexit$$00000002)
    __rt_exit_exit                           0x08000251   Thumb Code     0  rtexit2.o(.ARM.Collect$$rtexit$$00000004)
    Reset_Handler                            0x08000259   Thumb Code     8  startup_stm32l432xx.o(.text)
    SVC_Handler                              0x0800026b   Thumb Code     2  startup_stm32l432xx.o(.text)
    ADC1_IRQHandler                          0x08000273   Thumb Code     0  startup_stm32l432xx.o(.text)
    CAN1_RX0_IRQHandler                      0x08000273   Thumb Code     0  startup_stm32l432xx.o(.text)
    CAN1_RX1_IRQHandler                      0x08000273   Thumb Code     0  startup_stm32l432xx.o(.text)
    CAN1_SCE_IRQHandler                      0x08000273   Thumb Code     0  startup_stm32l432xx.o(.text)
    CAN1_TX_IRQHandler                       0x08000273   Thumb Code     0  startup_stm32l432xx.o(.text)
    COMP_IRQHandler                          0x08000273   Thumb Code     0  startup_stm32l432xx.o(.text)
    CRS_IRQHandler                           0x08000273   Thumb Code     0  startup_stm32l432xx.o(.text)
    DMA1_Channel1_IRQHandler                 0x08000273   Thumb Code     0  startup_stm32l432xx.o(.text)
    DMA1_Channel2_IRQHandler                 0x08000273   Thumb Code     0  startup_stm32l432xx.o(.text)
    DMA1_Channel3_IRQHandler                 0x08000273   Thumb Code     0  startup_stm32l432xx.o(.text)
    DMA1_Channel4_IRQHandler                 0x08000273   Thumb Code     0  startup_stm32l432xx.o(.text)
    DMA1_Channel5_IRQHandler                 0x08000273   Thumb Code     0  startup_stm32l432xx.o(.text)
    DMA1_Channel6_IRQHandler                 0x08000273   Thumb Code     0  startup_stm32l432xx.o(.text)
    DMA1_Channel7_IRQHandler                 0x08000273   Thumb Code     0  startup_stm32l432xx.o(.text)
    DMA2_Channel1_IRQHandler                 0x08000273   Thumb Code     0  startup_stm32l432xx.o(.text)
    DMA2_Channel2_IRQHandler                 0x08000273   Thumb Code     0  startup_stm32l432xx.o(.text)
    DMA2_Channel3_IRQHandler                 0x08000273   Thumb Code     0  startup_stm32l432xx.o(.text)
    DMA2_Channel4_IRQHandler                 0x08000273   Thumb Code     0  startup_stm32l432xx.o(.text)
    DMA2_Channel5_IRQHandler                 0x08000273   Thumb Code     0  startup_stm32l432xx.o(.text)
    DMA2_Channel6_IRQHandler                 0x08000273   Thumb Code     0  startup_stm32l432xx.o(.text)
    DMA2_Channel7_IRQHandler                 0x08000273   Thumb Code     0  startup_stm32l432xx.o(.text)
    EXTI0_IRQHandler                         0x08000273   Thumb Code     0  startup_stm32l432xx.o(.text)
    EXTI15_10_IRQHandler                     0x08000273   Thumb Code     0  startup_stm32l432xx.o(.text)
    EXTI2_IRQHandler                         0x08000273   Thumb Code     0  startup_stm32l432xx.o(.text)
    EXTI3_IRQHandler                         0x08000273   Thumb Code     0  startup_stm32l432xx.o(.text)
    EXTI4_IRQHandler                         0x08000273   Thumb Code     0  startup_stm32l432xx.o(.text)
    EXTI9_5_IRQHandler                       0x08000273   Thumb Code     0  startup_stm32l432xx.o(.text)
    FLASH_IRQHandler                         0x08000273   Thumb Code     0  startup_stm32l432xx.o(.text)
    FPU_IRQHandler                           0x08000273   Thumb Code     0  startup_stm32l432xx.o(.text)
    I2C1_ER_IRQHandler                       0x08000273   Thumb Code     0  startup_stm32l432xx.o(.text)
    I2C1_EV_IRQHandler                       0x08000273   Thumb Code     0  startup_stm32l432xx.o(.text)
    I2C3_ER_IRQHandler                       0x08000273   Thumb Code     0  startup_stm32l432xx.o(.text)
    I2C3_EV_IRQHandler                       0x08000273   Thumb Code     0  startup_stm32l432xx.o(.text)
    LPTIM2_IRQHandler                        0x08000273   Thumb Code     0  startup_stm32l432xx.o(.text)
    LPUART1_IRQHandler                       0x08000273   Thumb Code     0  startup_stm32l432xx.o(.text)
    PVD_PVM_IRQHandler                       0x08000273   Thumb Code     0  startup_stm32l432xx.o(.text)
    QUADSPI_IRQHandler                       0x08000273   Thumb Code     0  startup_stm32l432xx.o(.text)
    RCC_IRQHandler                           0x08000273   Thumb Code     0  startup_stm32l432xx.o(.text)
    RNG_IRQHandler                           0x08000273   Thumb Code     0  startup_stm32l432xx.o(.text)
    RTC_Alarm_IRQHandler                     0x08000273   Thumb Code     0  startup_stm32l432xx.o(.text)
    RTC_WKUP_IRQHandler                      0x08000273   Thumb Code     0  startup_stm32l432xx.o(.text)
    SAI1_IRQHandler                          0x08000273   Thumb Code     0  startup_stm32l432xx.o(.text)
    SPI1_IRQHandler                          0x08000273   Thumb Code     0  startup_stm32l432xx.o(.text)
    SPI3_IRQHandler                          0x08000273   Thumb Code     0  startup_stm32l432xx.o(.text)
    SWPMI1_IRQHandler                        0x08000273   Thumb Code     0  startup_stm32l432xx.o(.text)
    TAMP_STAMP_IRQHandler                    0x08000273   Thumb Code     0  startup_stm32l432xx.o(.text)
    TIM1_BRK_TIM15_IRQHandler                0x08000273   Thumb Code     0  startup_stm32l432xx.o(.text)
    TIM1_CC_IRQHandler                       0x08000273   Thumb Code     0  startup_stm32l432xx.o(.text)
    TIM1_TRG_COM_IRQHandler                  0x08000273   Thumb Code     0  startup_stm32l432xx.o(.text)
    TIM1_UP_TIM16_IRQHandler                 0x08000273   Thumb Code     0  startup_stm32l432xx.o(.text)
    TIM2_IRQHandler                          0x08000273   Thumb Code     0  startup_stm32l432xx.o(.text)
    TIM6_DAC_IRQHandler                      0x08000273   Thumb Code     0  startup_stm32l432xx.o(.text)
    TIM7_IRQHandler                          0x08000273   Thumb Code     0  startup_stm32l432xx.o(.text)
    TSC_IRQHandler                           0x08000273   Thumb Code     0  startup_stm32l432xx.o(.text)
    USART1_IRQHandler                        0x08000273   Thumb Code     0  startup_stm32l432xx.o(.text)
    USART2_IRQHandler                        0x08000273   Thumb Code     0  startup_stm32l432xx.o(.text)
    USB_IRQHandler                           0x08000273   Thumb Code     0  startup_stm32l432xx.o(.text)
    WWDG_IRQHandler                          0x08000273   Thumb Code     0  startup_stm32l432xx.o(.text)
    __user_initial_stackheap                 0x08000275   Thumb Code     0  startup_stm32l432xx.o(.text)
    _tx_initialize_low_level                 0x080002c1   Thumb Code     0  tx_initialize_low_level.o(.text)
    __tx_BadHandler                          0x08000311   Thumb Code     0  tx_initialize_low_level.o(.text)
    __tx_HardfaultHandler                    0x08000315   Thumb Code     0  tx_initialize_low_level.o(.text)
    __tx_SVCallHandler                       0x08000319   Thumb Code     0  tx_initialize_low_level.o(.text)
    __tx_IntHandler                          0x0800031d   Thumb Code     0  tx_initialize_low_level.o(.text)
    SysTick_Handler                          0x08000325   Thumb Code     0  tx_initialize_low_level.o(.text)
    __tx_SysTickHandler                      0x08000325   Thumb Code     0  tx_initialize_low_level.o(.text)
    __tx_NMIHandler                          0x08000331   Thumb Code     0  tx_initialize_low_level.o(.text)
    __tx_DBGHandler                          0x08000335   Thumb Code     0  tx_initialize_low_level.o(.text)
    _tx_thread_interrupt_disable             0x08000341   Thumb Code     0  tx_thread_interrupt_disable.o(.text)
    _tx_thread_interrupt_restore             0x08000351   Thumb Code     0  tx_thread_interrupt_restore.o(.text)
    _tx_thread_schedule                      0x08000361   Thumb Code     0  tx_thread_schedule.o(.text)
    PendSV_Handler                           0x0800038d   Thumb Code     0  tx_thread_schedule.o(.text)
    __tx_PendSVHandler                       0x0800038d   Thumb Code     0  tx_thread_schedule.o(.text)
    tx_thread_fpu_disable                    0x0800043d   Thumb Code     0  tx_thread_schedule.o(.text)
    tx_thread_fpu_enable                     0x0800043d   Thumb Code     0  tx_thread_schedule.o(.text)
    _tx_thread_stack_build                   0x08000461   Thumb Code     0  tx_thread_stack_build.o(.text)
    _tx_thread_system_return                 0x080004a1   Thumb Code     0  tx_thread_system_return.o(.text)
    _tx_timer_interrupt                      0x080004d1   Thumb Code     0  tx_timer_interrupt.o(.text)
    __aeabi_memset                           0x08000589   Thumb Code    16  aeabi_memset.o(.text)
    __aeabi_memclr4                          0x08000599   Thumb Code     0  rt_memclr_w.o(.text)
    __aeabi_memclr8                          0x08000599   Thumb Code     0  rt_memclr_w.o(.text)
    __rt_memclr_w                            0x08000599   Thumb Code     0  rt_memclr_w.o(.text)
    _memset_w                                0x0800059d   Thumb Code    74  rt_memclr_w.o(.text)
    __use_two_region_memory                  0x080005e7   Thumb Code     2  heapauxi.o(.text)
    __rt_heap_escrow$2region                 0x080005e9   Thumb Code     2  heapauxi.o(.text)
    __rt_heap_expand$2region                 0x080005eb   Thumb Code     2  heapauxi.o(.text)
    __aeabi_memclr                           0x080005ed   Thumb Code     0  rt_memclr.o(.text)
    __rt_memclr                              0x080005ed   Thumb Code     0  rt_memclr.o(.text)
    _memset                                  0x080005f1   Thumb Code    64  rt_memclr.o(.text)
    __user_setup_stackheap                   0x08000631   Thumb Code    74  sys_stackheap_outer.o(.text)
    exit                                     0x0800067b   Thumb Code    18  exit.o(.text)
    __user_libspace                          0x0800068d   Thumb Code     8  libspace.o(.text)
    __user_perproc_libspace                  0x0800068d   Thumb Code     0  libspace.o(.text)
    __user_perthread_libspace                0x0800068d   Thumb Code     0  libspace.o(.text)
    _sys_exit                                0x08000695   Thumb Code     8  sys_exit.o(.text)
    __I$use$semihosting                      0x080006a1   Thumb Code     0  use_no_semi.o(.text)
    __use_no_semihosting_swi                 0x080006a1   Thumb Code     2  use_no_semi.o(.text)
    __semihosting_library_function           0x080006a3   Thumb Code     0  indicate_semi.o(.text)
    AppMain                                  0x080006a5   Thumb Code   180  appmain.o(.text.AppMain)
    App_ModeCtrl_MainFunc                    0x080007f1   Thumb Code     2  appmodectrl.o(.text.App_ModeCtrl_MainFunc)
    App_ModeCtrl_SendCmd                     0x080007f5   Thumb Code    22  appmodectrl.o(.text.App_ModeCtrl_SendCmd)
    App_ObjInit                              0x0800080d   Thumb Code    24  appobj.o(.text.App_ObjInit)
    App_ThreadX_Init                         0x08000835   Thumb Code    10  app_threadx.o(.text.App_ThreadX_Init)
    App_ThreadX_LowPower_Enter               0x08000841   Thumb Code     4  app_threadx.o(.text.App_ThreadX_LowPower_Enter)
    App_ThreadX_LowPower_Exit                0x08000845   Thumb Code     4  app_threadx.o(.text.App_ThreadX_LowPower_Exit)
    App_ThreadX_LowPower_Timer_Adjust        0x08000849   Thumb Code    12  app_threadx.o(.text.App_ThreadX_LowPower_Timer_Adjust)
    App_ThreadX_LowPower_Timer_Setup         0x08000855   Thumb Code    12  app_threadx.o(.text.App_ThreadX_LowPower_Timer_Setup)
    BusFault_Handler                         0x08000861   Thumb Code     2  stm32l4xx_it.o(.text.BusFault_Handler)
    DebugMon_Handler                         0x08000865   Thumb Code     2  stm32l4xx_it.o(.text.DebugMon_Handler)
    EXTI1_IRQHandler                         0x08000869   Thumb Code     6  stm32l4xx_it.o(.text.EXTI1_IRQHandler)
    Error_Handler                            0x08000871   Thumb Code    10  main.o(.text.Error_Handler)
    HAL_DBGMCU_DisableDBGSleepMode           0x0800087d   Thumb Code    18  stm32l4xx_hal.o(.text.HAL_DBGMCU_DisableDBGSleepMode)
    HAL_GPIO_DeInit                          0x08000891   Thumb Code   284  stm32l4xx_hal_gpio.o(.text.HAL_GPIO_DeInit)
    HAL_GPIO_EXTI_Callback                   0x080009b9   Thumb Code    56  appirqcallout.o(.text.HAL_GPIO_EXTI_Callback)
    HAL_GPIO_EXTI_IRQHandler                 0x080009f1   Thumb Code    22  stm32l4xx_hal_gpio.o(.text.HAL_GPIO_EXTI_IRQHandler)
    HAL_GPIO_Init                            0x08000a09   Thumb Code   434  stm32l4xx_hal_gpio.o(.text.HAL_GPIO_Init)
    HAL_GPIO_WritePin                        0x08000bc1   Thumb Code    12  stm32l4xx_hal_gpio.o(.text.HAL_GPIO_WritePin)
    HAL_GetTick                              0x08000bcd   Thumb Code   268  appmain.o(.text.HAL_GetTick)
    HAL_I2CEx_ConfigAnalogFilter             0x08000cd9   Thumb Code    74  stm32l4xx_hal_i2c_ex.o(.text.HAL_I2CEx_ConfigAnalogFilter)
    HAL_I2CEx_ConfigDigitalFilter            0x08000d25   Thumb Code    72  stm32l4xx_hal_i2c_ex.o(.text.HAL_I2CEx_ConfigDigitalFilter)
    HAL_I2C_DeInit                           0x08000d6d   Thumb Code    54  stm32l4xx_hal_i2c.o(.text.HAL_I2C_DeInit)
    HAL_I2C_Init                             0x08000da5   Thumb Code   174  stm32l4xx_hal_i2c.o(.text.HAL_I2C_Init)
    HAL_I2C_Master_Receive                   0x08000e55   Thumb Code   414  stm32l4xx_hal_i2c.o(.text.HAL_I2C_Master_Receive)
    HAL_I2C_Master_Transmit                  0x08000ff5   Thumb Code   430  stm32l4xx_hal_i2c.o(.text.HAL_I2C_Master_Transmit)
    HAL_I2C_Mem_Read                         0x080011a5   Thumb Code   552  stm32l4xx_hal_i2c.o(.text.HAL_I2C_Mem_Read)
    HAL_I2C_Mem_Write                        0x080013d5   Thumb Code   552  stm32l4xx_hal_i2c.o(.text.HAL_I2C_Mem_Write)
    HAL_I2C_MspDeInit                        0x08001605   Thumb Code    62  i2c.o(.text.HAL_I2C_MspDeInit)
    HAL_I2C_MspInit                          0x08001645   Thumb Code   134  i2c.o(.text.HAL_I2C_MspInit)
    HAL_Init                                 0x080016cd   Thumb Code    30  stm32l4xx_hal.o(.text.HAL_Init)
    HAL_InitTick                             0x080016ed   Thumb Code     4  appmain.o(.text.HAL_InitTick)
    HAL_LPTIM_AutoReloadMatchCallback        0x080016f1   Thumb Code    42  appirqcallout.o(.text.HAL_LPTIM_AutoReloadMatchCallback)
    HAL_LPTIM_AutoReloadWriteCallback        0x0800171d   Thumb Code     2  stm32l4xx_hal_lptim.o(.text.HAL_LPTIM_AutoReloadWriteCallback)
    HAL_LPTIM_CompareMatchCallback           0x08001721   Thumb Code     2  stm32l4xx_hal_lptim.o(.text.HAL_LPTIM_CompareMatchCallback)
    HAL_LPTIM_CompareWriteCallback           0x08001725   Thumb Code     2  stm32l4xx_hal_lptim.o(.text.HAL_LPTIM_CompareWriteCallback)
    HAL_LPTIM_Counter_Start_IT               0x08001729   Thumb Code   226  stm32l4xx_hal_lptim.o(.text.HAL_LPTIM_Counter_Start_IT)
    HAL_LPTIM_Counter_Stop_IT                0x0800180d   Thumb Code    94  stm32l4xx_hal_lptim.o(.text.HAL_LPTIM_Counter_Stop_IT)
    HAL_LPTIM_DeInit                         0x0800186d   Thumb Code    54  stm32l4xx_hal_lptim.o(.text.HAL_LPTIM_DeInit)
    HAL_LPTIM_DirectionDownCallback          0x080018a5   Thumb Code     2  stm32l4xx_hal_lptim.o(.text.HAL_LPTIM_DirectionDownCallback)
    HAL_LPTIM_DirectionUpCallback            0x080018a9   Thumb Code     2  stm32l4xx_hal_lptim.o(.text.HAL_LPTIM_DirectionUpCallback)
    HAL_LPTIM_IRQHandler                     0x080018ad   Thumb Code   214  stm32l4xx_hal_lptim.o(.text.HAL_LPTIM_IRQHandler)
    HAL_LPTIM_Init                           0x08001985   Thumb Code   226  stm32l4xx_hal_lptim.o(.text.HAL_LPTIM_Init)
    HAL_LPTIM_MspDeInit                      0x08001a69   Thumb Code    38  lptim.o(.text.HAL_LPTIM_MspDeInit)
    HAL_LPTIM_MspInit                        0x08001a91   Thumb Code   102  lptim.o(.text.HAL_LPTIM_MspInit)
    HAL_LPTIM_ReadCounter                    0x08001af9   Thumb Code     6  stm32l4xx_hal_lptim.o(.text.HAL_LPTIM_ReadCounter)
    HAL_LPTIM_TriggerCallback                0x08001b01   Thumb Code     2  stm32l4xx_hal_lptim.o(.text.HAL_LPTIM_TriggerCallback)
    HAL_MspInit                              0x08001b05   Thumb Code    50  stm32l4xx_hal_msp.o(.text.HAL_MspInit)
    HAL_NVIC_DisableIRQ                      0x08001b39   Thumb Code    42  stm32l4xx_hal_cortex.o(.text.HAL_NVIC_DisableIRQ)
    HAL_NVIC_EnableIRQ                       0x08001b65   Thumb Code    34  stm32l4xx_hal_cortex.o(.text.HAL_NVIC_EnableIRQ)
    HAL_NVIC_SetPriority                     0x08001b89   Thumb Code    86  stm32l4xx_hal_cortex.o(.text.HAL_NVIC_SetPriority)
    HAL_NVIC_SetPriorityGrouping             0x08001be1   Thumb Code    32  stm32l4xx_hal_cortex.o(.text.HAL_NVIC_SetPriorityGrouping)
    HAL_PWREx_ControlVoltageScaling          0x08001c01   Thumb Code   140  stm32l4xx_hal_pwr_ex.o(.text.HAL_PWREx_ControlVoltageScaling)
    HAL_PWREx_DisableLowPowerRunMode         0x08001c8d   Thumb Code   102  stm32l4xx_hal_pwr_ex.o(.text.HAL_PWREx_DisableLowPowerRunMode)
    HAL_PWREx_EnableLowPowerRunMode          0x08001cf5   Thumb Code    18  stm32l4xx_hal_pwr_ex.o(.text.HAL_PWREx_EnableLowPowerRunMode)
    HAL_PWREx_GetVoltageRange                0x08001d09   Thumb Code    16  stm32l4xx_hal_pwr_ex.o(.text.HAL_PWREx_GetVoltageRange)
    HAL_PWR_EnterSLEEPMode                   0x08001d19   Thumb Code    74  stm32l4xx_hal_pwr.o(.text.HAL_PWR_EnterSLEEPMode)
    HAL_RCCEx_PeriphCLKConfig                0x08001d65   Thumb Code   644  stm32l4xx_hal_rcc_ex.o(.text.HAL_RCCEx_PeriphCLKConfig)
    HAL_RCC_ClockConfig                      0x08001fe9   Thumb Code   634  stm32l4xx_hal_rcc.o(.text.HAL_RCC_ClockConfig)
    HAL_RCC_GetSysClockFreq                  0x08002265   Thumb Code   194  stm32l4xx_hal_rcc.o(.text.HAL_RCC_GetSysClockFreq)
    HAL_RCC_OscConfig                        0x08002329   Thumb Code  2028  stm32l4xx_hal_rcc.o(.text.HAL_RCC_OscConfig)
    HTU21D_Get_TicksMs                       0x08002b15   Thumb Code    28  htu21d_callout.o(.text.HTU21D_Get_TicksMs)
    HTU21D_IIC_Read                          0x08002b31   Thumb Code    34  htu21d_callout.o(.text.HTU21D_IIC_Read)
    HTU21D_IIC_Write                         0x08002b55   Thumb Code    42  htu21d_callout.o(.text.HTU21D_IIC_Write)
    HTU21D_Init                              0x08002b81   Thumb Code     8  htu21d.o(.text.HTU21D_Init)
    HTU21D_MainFunc                          0x08002b89   Thumb Code   296  htu21d.o(.text.HTU21D_MainFunc)
    HardFault_Handler                        0x08002dc5   Thumb Code     2  stm32l4xx_it.o(.text.HardFault_Handler)
    LPTIM1_IRQHandler                        0x080031ed   Thumb Code    12  stm32l4xx_it.o(.text.LPTIM1_IRQHandler)
    LPTIM_Disable                            0x080031f9   Thumb Code   498  stm32l4xx_hal_lptim.o(.text.LPTIM_Disable)
    LPower_Enter                             0x080033f1   Thumb Code   388  applowpowermgr.o(.text.LPower_Enter)
    LPower_Exit                              0x08003579   Thumb Code   460  applowpowermgr.o(.text.LPower_Exit)
    MX_GPIO_Init                             0x08003749   Thumb Code   134  gpio.o(.text.MX_GPIO_Init)
    MX_I2C1_Init                             0x080037d1   Thumb Code   108  i2c.o(.text.MX_I2C1_Init)
    MX_LPTIM1_Init                           0x0800383d   Thumb Code    66  lptim.o(.text.MX_LPTIM1_Init)
    MX_ThreadX_Init                          0x08003881   Thumb Code     4  app_threadx.o(.text.MX_ThreadX_Init)
    MemManage_Handler                        0x08003885   Thumb Code     2  stm32l4xx_it.o(.text.MemManage_Handler)
    NMI_Handler                              0x08003889   Thumb Code     2  stm32l4xx_it.o(.text.NMI_Handler)
    RX8900_IIC_Transmit                      0x080039d9   Thumb Code    90  rx8900_callout.o(.text.RX8900_IIC_Transmit)
    RX8900_Init                              0x08003a35   Thumb Code   126  rx8900.o(.text.RX8900_Init)
    RX8900_MainFunc                          0x08003ab5   Thumb Code   132  rx8900.o(.text.RX8900_MainFunc)
    RX8900_Process_ISR                       0x08003b39   Thumb Code   154  rx8900.o(.text.RX8900_Process_ISR)
    RX8900_Set_Time                          0x08003bd5   Thumb Code   390  rx8900.o(.text.RX8900_Set_Time)
    RX8900_Updata_Time                       0x08003d61   Thumb Code   216  rx8900.o(.text.RX8900_Updata_Time)
    SystemInit                               0x08003e39   Thumb Code    18  system_stm32l4xx.o(.text.SystemInit)
    UsageFault_Handler                       0x08003e4d   Thumb Code     2  stm32l4xx_it.o(.text.UsageFault_Handler)
    _tx_byte_pool_create                     0x08003e51   Thumb Code   136  tx_byte_pool_create.o(.text._tx_byte_pool_create)
    _tx_event_flags_cleanup                  0x08003ed9   Thumb Code   156  tx_event_flags_cleanup.o(.text._tx_event_flags_cleanup)
    _tx_event_flags_create                   0x08003f75   Thumb Code    88  tx_event_flags_create.o(.text._tx_event_flags_create)
    _tx_event_flags_get                      0x08003fcd   Thumb Code   268  tx_event_flags_get.o(.text._tx_event_flags_get)
    _tx_event_flags_set                      0x080040d9   Thumb Code   576  tx_event_flags_set.o(.text._tx_event_flags_set)
    _tx_initialize_high_level                0x08004321   Thumb Code    46  tx_initialize_high_level.o(.text._tx_initialize_high_level)
    _tx_initialize_kernel_enter              0x08004351   Thumb Code    78  tx_initialize_kernel_enter.o(.text._tx_initialize_kernel_enter)
    _tx_thread_create                        0x080043a1   Thumb Code   312  tx_thread_create.o(.text._tx_thread_create)
    _tx_thread_initialize                    0x080044e1   Thumb Code    54  tx_thread_initialize.o(.text._tx_thread_initialize)
    _tx_thread_shell_entry                   0x08004519   Thumb Code    88  tx_thread_shell_entry.o(.text._tx_thread_shell_entry)
    _tx_thread_sleep                         0x08004571   Thumb Code   124  tx_thread_sleep.o(.text._tx_thread_sleep)
    _tx_thread_system_preempt_check          0x080045ed   Thumb Code    46  tx_thread_system_preempt_check.o(.text._tx_thread_system_preempt_check)
    _tx_thread_system_resume                 0x0800461d   Thumb Code   248  tx_thread_system_resume.o(.text._tx_thread_system_resume)
    _tx_thread_system_suspend                0x08004715   Thumb Code   380  tx_thread_system_suspend.o(.text._tx_thread_system_suspend)
    _tx_thread_time_slice                    0x08004891   Thumb Code   116  tx_thread_time_slice.o(.text._tx_thread_time_slice)
    _tx_thread_timeout                       0x08004905   Thumb Code    72  tx_thread_timeout.o(.text._tx_thread_timeout)
    _tx_time_get                             0x0800494d   Thumb Code    24  tx_time_get.o(.text._tx_time_get)
    _tx_time_set                             0x08004965   Thumb Code    26  tx_time_set.o(.text._tx_time_set)
    _tx_timer_expiration_process             0x08004981   Thumb Code    40  tx_timer_expiration_process.o(.text._tx_timer_expiration_process)
    _tx_timer_initialize                     0x080049a9   Thumb Code   140  tx_timer_initialize.o(.text._tx_timer_initialize)
    _tx_timer_system_activate                0x08004a49   Thumb Code    90  tx_timer_system_activate.o(.text._tx_timer_system_activate)
    _tx_timer_system_deactivate              0x08004aa5   Thumb Code    58  tx_timer_system_deactivate.o(.text._tx_timer_system_deactivate)
    _tx_timer_thread_entry                   0x08004ae1   Thumb Code   326  tx_timer_thread_entry.o(.text._tx_timer_thread_entry)
    _txe_byte_pool_create                    0x08004c2d   Thumb Code   352  txe_byte_pool_create.o(.text._txe_byte_pool_create)
    _txe_event_flags_create                  0x08004d8d   Thumb Code   314  txe_event_flags_create.o(.text._txe_event_flags_create)
    _txe_event_flags_get                     0x08004ec9   Thumb Code   164  txe_event_flags_get.o(.text._txe_event_flags_get)
    _txe_event_flags_set                     0x08004f6d   Thumb Code    40  txe_event_flags_set.o(.text._txe_event_flags_set)
    _txe_thread_create                       0x08004f95   Thumb Code   388  txe_thread_create.o(.text._txe_thread_create)
    main                                     0x08005121   Thumb Code   142  main.o(.text.main)
    tx_application_define                    0x080051b1   Thumb Code    64  app_azure_rtos.o(.text.tx_application_define)
    tx_low_power_enter                       0x08005205   Thumb Code   352  tx_low_power.o(.text.tx_low_power_enter)
    tx_low_power_exit                        0x08005365   Thumb Code    44  tx_low_power.o(.text.tx_low_power_exit)
    tx_time_increment                        0x08005391   Thumb Code   450  tx_low_power.o(.text.tx_time_increment)
    __aeabi_d2f                              0x0800555d   Thumb Code     0  d2f.o(x$fpl$d2f)
    _d2f                                     0x0800555d   Thumb Code    98  d2f.o(x$fpl$d2f)
    __aeabi_dadd                             0x080055c1   Thumb Code     0  daddsub_clz.o(x$fpl$dadd)
    _dadd                                    0x080055c1   Thumb Code   332  daddsub_clz.o(x$fpl$dadd)
    __aeabi_ui2d                             0x08005711   Thumb Code     0  dflt_clz.o(x$fpl$dfltu)
    _dfltu                                   0x08005711   Thumb Code    38  dflt_clz.o(x$fpl$dfltu)
    __aeabi_dmul                             0x08005739   Thumb Code     0  dmul.o(x$fpl$dmul)
    _dmul                                    0x08005739   Thumb Code   332  dmul.o(x$fpl$dmul)
    __fpl_dnaninf                            0x0800588d   Thumb Code   156  dnaninf.o(x$fpl$dnaninf)
    __fpl_dretinf                            0x08005929   Thumb Code    12  dretinf.o(x$fpl$dretinf)
    __aeabi_dsub                             0x08005935   Thumb Code     0  daddsub_clz.o(x$fpl$dsub)
    _dsub                                    0x08005935   Thumb Code   472  daddsub_clz.o(x$fpl$dsub)
    _fp_init                                 0x08005b11   Thumb Code    26  fpinit.o(x$fpl$fpinit)
    __fplib_config_fpu_vfp                   0x08005b29   Thumb Code     0  fpinit.o(x$fpl$fpinit)
    __fplib_config_pureend_doubles           0x08005b29   Thumb Code     0  fpinit.o(x$fpl$fpinit)
    __fpl_fretinf                            0x08005b2b   Thumb Code    10  fretinf.o(x$fpl$fretinf)
    AHBPrescTable                            0x08005b34   Data          16  system_stm32l4xx.o(.rodata.AHBPrescTable)
    __I$use$fp                               0x08005b34   Number         0  usenofp.o(x$fpl$usenofp)
    MSIRangeTable                            0x08005b44   Data          48  system_stm32l4xx.o(.rodata.MSIRangeTable)
    gRX8900Cfg                               0x08005b74   Data           4  rx8900_lcfg.o(.rodata.gRX8900Cfg)
    Region$$Table$$Base                      0x08005b78   Number         0  anon$$obj.o(Region$$Table)
    Region$$Table$$Limit                     0x08005b98   Number         0  anon$$obj.o(Region$$Table)
    uwTickFreq                               0x20000000   Data           1  stm32l4xx_hal.o(.data..L_MergedGlobals)
    uwTickPrio                               0x20000004   Data           4  stm32l4xx_hal.o(.data..L_MergedGlobals)
    SystemCoreClock                          0x20000008   Data           4  system_stm32l4xx.o(.data.SystemCoreClock)
    _tx_thread_system_state                  0x2000000c   Data           4  tx_thread_initialize.o(.data._tx_thread_system_state)
    gLP_WakeupMode                           0x20000010   Data           1  applowpowermgr.o(.data.gLP_WakeupMode)
    __libspace_start                         0x20000018   Data          96  libspace.o(.bss)
    __temporary_stack_top$libspace           0x20000078   Data           0  libspace.o(.bss)
    gLP_WakeupSource                         0x20000078   Data           1  applowpowermgr.o(.bss..L_MergedGlobals)
    gLP_Ticks                                0x2000007c   Data           4  applowpowermgr.o(.bss..L_MergedGlobals)
    sysclock0                                0x20000080   Data           4  applowpowermgr.o(.bss..L_MergedGlobals)
    sysclock1                                0x20000084   Data           4  applowpowermgr.o(.bss..L_MergedGlobals)
    gRX8900RuntimeNotify                     0x20000088   Data           1  rx8900.o(.bss..L_MergedGlobals)
    gRX8900TimeInfo                          0x20000089   Data           7  rx8900.o(.bss..L_MergedGlobals)
    gHTU21D_TempMajor                        0x20000090   Data           1  htu21d.o(.bss..L_MergedGlobals)
    gHTU21D_TempMinor                        0x20000091   Data           1  htu21d.o(.bss..L_MergedGlobals)
    gHTU21D_HumMajor                         0x20000092   Data           1  htu21d.o(.bss..L_MergedGlobals)
    gHTU21D_HumMinor                         0x20000093   Data           1  htu21d.o(.bss..L_MergedGlobals)
    _tx_semaphore_created_ptr                0x200000a0   Data           4  tx_initialize_high_level.o(.bss..L_MergedGlobals)
    _tx_semaphore_created_count              0x200000a4   Data           4  tx_initialize_high_level.o(.bss..L_MergedGlobals)
    _tx_queue_created_ptr                    0x200000a8   Data           4  tx_initialize_high_level.o(.bss..L_MergedGlobals)
    _tx_queue_created_count                  0x200000ac   Data           4  tx_initialize_high_level.o(.bss..L_MergedGlobals)
    _tx_event_flags_created_ptr              0x200000b0   Data           4  tx_initialize_high_level.o(.bss..L_MergedGlobals)
    _tx_event_flags_created_count            0x200000b4   Data           4  tx_initialize_high_level.o(.bss..L_MergedGlobals)
    _tx_block_pool_created_ptr               0x200000b8   Data           4  tx_initialize_high_level.o(.bss..L_MergedGlobals)
    _tx_block_pool_created_count             0x200000bc   Data           4  tx_initialize_high_level.o(.bss..L_MergedGlobals)
    _tx_byte_pool_created_ptr                0x200000c0   Data           4  tx_initialize_high_level.o(.bss..L_MergedGlobals)
    _tx_byte_pool_created_count              0x200000c4   Data           4  tx_initialize_high_level.o(.bss..L_MergedGlobals)
    _tx_mutex_created_ptr                    0x200000c8   Data           4  tx_initialize_high_level.o(.bss..L_MergedGlobals)
    _tx_mutex_created_count                  0x200000cc   Data           4  tx_initialize_high_level.o(.bss..L_MergedGlobals)
    _tx_thread_current_ptr                   0x200000d0   Data           4  tx_thread_initialize.o(.bss..L_MergedGlobals)
    _tx_thread_execute_ptr                   0x200000d4   Data           4  tx_thread_initialize.o(.bss..L_MergedGlobals)
    _tx_thread_priority_maps                 0x200000d8   Data           4  tx_thread_initialize.o(.bss..L_MergedGlobals)
    _tx_thread_highest_priority              0x200000dc   Data           4  tx_thread_initialize.o(.bss..L_MergedGlobals)
    _tx_thread_created_ptr                   0x200000e0   Data           4  tx_thread_initialize.o(.bss..L_MergedGlobals)
    _tx_thread_created_count                 0x200000e4   Data           4  tx_thread_initialize.o(.bss..L_MergedGlobals)
    _tx_thread_preempt_disable               0x200000e8   Data           4  tx_thread_initialize.o(.bss..L_MergedGlobals)
    _tx_thread_mutex_release                 0x200000ec   Data           4  tx_thread_initialize.o(.bss..L_MergedGlobals)
    _tx_build_options                        0x200000f0   Data           4  tx_thread_initialize.o(.bss..L_MergedGlobals)
    _tx_timer_system_clock                   0x200000f4   Data           4  tx_timer_initialize.o(.bss..L_MergedGlobals)
    _tx_timer_time_slice                     0x200000f8   Data           4  tx_timer_initialize.o(.bss..L_MergedGlobals)
    _tx_timer_expired_time_slice             0x200000fc   Data           4  tx_timer_initialize.o(.bss..L_MergedGlobals)
    _tx_timer_expired                        0x20000100   Data           4  tx_timer_initialize.o(.bss..L_MergedGlobals)
    _tx_timer_expired_timer_ptr              0x20000104   Data           4  tx_timer_initialize.o(.bss..L_MergedGlobals)
    _tx_timer_list_start                     0x20000108   Data           4  tx_timer_initialize.o(.bss..L_MergedGlobals)
    _tx_timer_current_ptr                    0x2000010c   Data           4  tx_timer_initialize.o(.bss..L_MergedGlobals)
    _tx_timer_list_end                       0x20000110   Data           4  tx_timer_initialize.o(.bss..L_MergedGlobals)
    _tx_timer_stack_start                    0x20000114   Data           4  tx_timer_initialize.o(.bss..L_MergedGlobals)
    _tx_timer_stack_size                     0x20000118   Data           4  tx_timer_initialize.o(.bss..L_MergedGlobals)
    _tx_timer_priority                       0x2000011c   Data           4  tx_timer_initialize.o(.bss..L_MergedGlobals)
    _tx_timer_created_ptr                    0x20000120   Data           4  tx_timer_initialize.o(.bss..L_MergedGlobals)
    _tx_timer_created_count                  0x20000124   Data           4  tx_timer_initialize.o(.bss..L_MergedGlobals)
    AppTask10msTCB                           0x20000528   Data         176  appmain.o(.bss.AppTask10msTCB)
    AppTaskModeCtrlTCB                       0x200009d8   Data         176  appmain.o(.bss.AppTaskModeCtrlTCB)
    Rtccount                                 0x20000a8c   Data           4  appirqcallout.o(.bss.Rtccount)
    Task10msCount                            0x20000a90   Data           4  appmain.o(.bss.Task10msCount)
    TaskModeCtrlCount                        0x20000a94   Data           4  appmain.o(.bss.TaskModeCtrlCount)
    _tx_initialize_unused_memory             0x20000a98   Data           4  tx_initialize_high_level.o(.bss._tx_initialize_unused_memory)
    _tx_thread_priority_list                 0x20000a9c   Data         128  tx_thread_initialize.o(.bss._tx_thread_priority_list)
    _tx_thread_system_stack_ptr              0x20000b1c   Data           4  tx_thread_initialize.o(.bss._tx_thread_system_stack_ptr)
    _tx_timer_list                           0x20000b20   Data         128  tx_timer_initialize.o(.bss._tx_timer_list)
    _tx_timer_thread                         0x20000ba0   Data         176  tx_timer_initialize.o(.bss._tx_timer_thread)
    _tx_timer_thread_stack_area              0x20000c50   Data         512  tx_timer_initialize.o(.bss._tx_timer_thread_stack_area)
    gApp_ModeCtrlEventGroup                  0x20000e50   Data          36  appobj.o(.bss.gApp_ModeCtrlEventGroup)
    gApp_Moudle                              0x20000e74   Data           1  appmain.o(.bss.gApp_Moudle)
    hi2c1                                    0x20000e78   Data          84  i2c.o(.bss.hi2c1)
    hlptim1                                  0x20000ecc   Data          56  lptim.o(.bss.hlptim1)
    lpcount                                  0x20000f04   Data           4  appirqcallout.o(.bss.lpcount)
    tx_low_power_entered                     0x2000113c   Data           4  tx_low_power.o(.bss.tx_low_power_entered)



==============================================================================

Memory Map of the image

  Image Entry point : 0x0800018d

  Load Region LR_IROM1 (Base: 0x08000000, Size: 0x00005bb0, Max: 0x00040000, ABSOLUTE)

    Execution Region ER_IROM1 (Exec base: 0x08000000, Load base: 0x08000000, Size: 0x00005b98, Max: 0x00040000, ABSOLUTE)

    Exec Addr    Load Addr    Size         Type   Attr      Idx    E Section Name        Object

    0x08000000   0x08000000   0x0000018c   Data   RO            3    RESET               startup_stm32l432xx.o
    0x0800018c   0x0800018c   0x00000008   Code   RO         2460  * !!!main             c_w.l(__main.o)
    0x08000194   0x08000194   0x0000005c   Code   RO         2650    !!!scatter          c_w.l(__scatter.o)
    0x080001f0   0x080001f0   0x0000001a   Code   RO         2654    !!handler_copy      c_w.l(__scatter_copy.o)
    0x0800020a   0x0800020a   0x00000002   PAD
    0x0800020c   0x0800020c   0x00000002   Code   RO         2651    !!handler_null      c_w.l(__scatter.o)
    0x0800020e   0x0800020e   0x00000002   PAD
    0x08000210   0x08000210   0x0000001c   Code   RO         2656    !!handler_zi        c_w.l(__scatter_zi.o)
    0x0800022c   0x0800022c   0x00000002   Code   RO         2512    .ARM.Collect$$libinit$$00000000  c_w.l(libinit.o)
    0x0800022e   0x0800022e   0x00000004   Code   RO         2518    .ARM.Collect$$libinit$$00000001  c_w.l(libinit2.o)
    0x08000232   0x08000232   0x00000000   Code   RO         2521    .ARM.Collect$$libinit$$00000004  c_w.l(libinit2.o)
    0x08000232   0x08000232   0x00000000   Code   RO         2523    .ARM.Collect$$libinit$$00000006  c_w.l(libinit2.o)
    0x08000232   0x08000232   0x00000000   Code   RO         2526    .ARM.Collect$$libinit$$0000000C  c_w.l(libinit2.o)
    0x08000232   0x08000232   0x00000000   Code   RO         2528    .ARM.Collect$$libinit$$0000000E  c_w.l(libinit2.o)
    0x08000232   0x08000232   0x00000000   Code   RO         2530    .ARM.Collect$$libinit$$00000010  c_w.l(libinit2.o)
    0x08000232   0x08000232   0x00000000   Code   RO         2533    .ARM.Collect$$libinit$$00000013  c_w.l(libinit2.o)
    0x08000232   0x08000232   0x00000000   Code   RO         2535    .ARM.Collect$$libinit$$00000015  c_w.l(libinit2.o)
    0x08000232   0x08000232   0x00000000   Code   RO         2537    .ARM.Collect$$libinit$$00000017  c_w.l(libinit2.o)
    0x08000232   0x08000232   0x00000000   Code   RO         2539    .ARM.Collect$$libinit$$00000019  c_w.l(libinit2.o)
    0x08000232   0x08000232   0x00000000   Code   RO         2541    .ARM.Collect$$libinit$$0000001B  c_w.l(libinit2.o)
    0x08000232   0x08000232   0x00000000   Code   RO         2543    .ARM.Collect$$libinit$$0000001D  c_w.l(libinit2.o)
    0x08000232   0x08000232   0x00000000   Code   RO         2545    .ARM.Collect$$libinit$$0000001F  c_w.l(libinit2.o)
    0x08000232   0x08000232   0x00000000   Code   RO         2547    .ARM.Collect$$libinit$$00000021  c_w.l(libinit2.o)
    0x08000232   0x08000232   0x00000000   Code   RO         2549    .ARM.Collect$$libinit$$00000023  c_w.l(libinit2.o)
    0x08000232   0x08000232   0x00000000   Code   RO         2551    .ARM.Collect$$libinit$$00000025  c_w.l(libinit2.o)
    0x08000232   0x08000232   0x00000000   Code   RO         2553    .ARM.Collect$$libinit$$00000027  c_w.l(libinit2.o)
    0x08000232   0x08000232   0x00000000   Code   RO         2557    .ARM.Collect$$libinit$$0000002E  c_w.l(libinit2.o)
    0x08000232   0x08000232   0x00000000   Code   RO         2559    .ARM.Collect$$libinit$$00000030  c_w.l(libinit2.o)
    0x08000232   0x08000232   0x00000000   Code   RO         2561    .ARM.Collect$$libinit$$00000032  c_w.l(libinit2.o)
    0x08000232   0x08000232   0x00000000   Code   RO         2563    .ARM.Collect$$libinit$$00000034  c_w.l(libinit2.o)
    0x08000232   0x08000232   0x00000002   Code   RO         2564    .ARM.Collect$$libinit$$00000035  c_w.l(libinit2.o)
    0x08000234   0x08000234   0x00000002   Code   RO         2586    .ARM.Collect$$libshutdown$$00000000  c_w.l(libshutdown.o)
    0x08000236   0x08000236   0x00000000   Code   RO         2601    .ARM.Collect$$libshutdown$$00000002  c_w.l(libshutdown2.o)
    0x08000236   0x08000236   0x00000000   Code   RO         2603    .ARM.Collect$$libshutdown$$00000004  c_w.l(libshutdown2.o)
    0x08000236   0x08000236   0x00000000   Code   RO         2606    .ARM.Collect$$libshutdown$$00000007  c_w.l(libshutdown2.o)
    0x08000236   0x08000236   0x00000000   Code   RO         2609    .ARM.Collect$$libshutdown$$0000000A  c_w.l(libshutdown2.o)
    0x08000236   0x08000236   0x00000000   Code   RO         2611    .ARM.Collect$$libshutdown$$0000000C  c_w.l(libshutdown2.o)
    0x08000236   0x08000236   0x00000000   Code   RO         2614    .ARM.Collect$$libshutdown$$0000000F  c_w.l(libshutdown2.o)
    0x08000236   0x08000236   0x00000002   Code   RO         2615    .ARM.Collect$$libshutdown$$00000010  c_w.l(libshutdown2.o)
    0x08000238   0x08000238   0x00000000   Code   RO         2478    .ARM.Collect$$rtentry$$00000000  c_w.l(__rtentry.o)
    0x08000238   0x08000238   0x00000000   Code   RO         2489    .ARM.Collect$$rtentry$$00000002  c_w.l(__rtentry2.o)
    0x08000238   0x08000238   0x00000006   Code   RO         2501    .ARM.Collect$$rtentry$$00000004  c_w.l(__rtentry4.o)
    0x0800023e   0x0800023e   0x00000000   Code   RO         2491    .ARM.Collect$$rtentry$$00000009  c_w.l(__rtentry2.o)
    0x0800023e   0x0800023e   0x00000004   Code   RO         2492    .ARM.Collect$$rtentry$$0000000A  c_w.l(__rtentry2.o)
    0x08000242   0x08000242   0x00000000   Code   RO         2494    .ARM.Collect$$rtentry$$0000000C  c_w.l(__rtentry2.o)
    0x08000242   0x08000242   0x00000008   Code   RO         2495    .ARM.Collect$$rtentry$$0000000D  c_w.l(__rtentry2.o)
    0x0800024a   0x0800024a   0x00000002   Code   RO         2516    .ARM.Collect$$rtexit$$00000000  c_w.l(rtexit.o)
    0x0800024c   0x0800024c   0x00000000   Code   RO         2566    .ARM.Collect$$rtexit$$00000002  c_w.l(rtexit2.o)
    0x0800024c   0x0800024c   0x00000004   Code   RO         2567    .ARM.Collect$$rtexit$$00000003  c_w.l(rtexit2.o)
    0x08000250   0x08000250   0x00000006   Code   RO         2568    .ARM.Collect$$rtexit$$00000004  c_w.l(rtexit2.o)
    0x08000256   0x08000256   0x00000002   PAD
    0x08000258   0x08000258   0x00000040   Code   RO            4    .text               startup_stm32l432xx.o
    0x08000298   0x08000298   0x00000008   PAD
    0x080002a0   0x080002a0   0x00000098   Code   RO           25    .text               tx_initialize_low_level.o
    0x08000338   0x08000338   0x00000008   PAD
    0x08000340   0x08000340   0x0000000e   Code   RO         1045    .text               tx_thread_interrupt_disable.o
    0x0800034e   0x0800034e   0x00000002   PAD
    0x08000350   0x08000350   0x00000006   Code   RO         1050    .text               tx_thread_interrupt_restore.o
    0x08000356   0x08000356   0x0000000a   PAD
    0x08000360   0x08000360   0x000000fc   Code   RO         1055    .text               tx_thread_schedule.o
    0x0800045c   0x0800045c   0x00000004   PAD
    0x08000460   0x08000460   0x00000040   Code   RO         1060    .text               tx_thread_stack_build.o
    0x080004a0   0x080004a0   0x00000026   Code   RO         1065    .text               tx_thread_system_return.o
    0x080004c6   0x080004c6   0x0000000a   PAD
    0x080004d0   0x080004d0   0x000000b8   Code   RO         1070    .text               tx_timer_interrupt.o
    0x08000588   0x08000588   0x00000010   Code   RO         2454    .text               c_w.l(aeabi_memset.o)
    0x08000598   0x08000598   0x0000004e   Code   RO         2456    .text               c_w.l(rt_memclr_w.o)
    0x080005e6   0x080005e6   0x00000006   Code   RO         2458    .text               c_w.l(heapauxi.o)
    0x080005ec   0x080005ec   0x00000044   Code   RO         2479    .text               c_w.l(rt_memclr.o)
    0x08000630   0x08000630   0x0000004a   Code   RO         2503    .text               c_w.l(sys_stackheap_outer.o)
    0x0800067a   0x0800067a   0x00000012   Code   RO         2505    .text               c_w.l(exit.o)
    0x0800068c   0x0800068c   0x00000008   Code   RO         2513    .text               c_w.l(libspace.o)
    0x08000694   0x08000694   0x0000000c   Code   RO         2576    .text               c_w.l(sys_exit.o)
    0x080006a0   0x080006a0   0x00000002   Code   RO         2591    .text               c_w.l(use_no_semi.o)
    0x080006a2   0x080006a2   0x00000000   Code   RO         2593    .text               c_w.l(indicate_semi.o)
    0x080006a2   0x080006a2   0x00000002   PAD
    0x080006a4   0x080006a4   0x000000d8   Code   RO          888    .text.AppMain       appmain.o
    0x0800077c   0x0800077c   0x0000003a   Code   RO          892    .text.AppTask10ms   appmain.o
    0x080007b6   0x080007b6   0x00000002   PAD
    0x080007b8   0x080007b8   0x00000038   Code   RO          890    .text.AppTaskModeCtrl  appmain.o
    0x080007f0   0x080007f0   0x00000002   Code   RO          952    .text.App_ModeCtrl_MainFunc  appmodectrl.o
    0x080007f2   0x080007f2   0x00000002   PAD
    0x080007f4   0x080007f4   0x00000016   Code   RO          954    .text.App_ModeCtrl_SendCmd  appmodectrl.o
    0x0800080a   0x0800080a   0x00000002   PAD
    0x0800080c   0x0800080c   0x00000028   Code   RO          942    .text.App_ObjInit   appobj.o
    0x08000834   0x08000834   0x0000000a   Code   RO           41    .text.App_ThreadX_Init  app_threadx.o
    0x0800083e   0x0800083e   0x00000002   PAD
    0x08000840   0x08000840   0x00000004   Code   RO           47    .text.App_ThreadX_LowPower_Enter  app_threadx.o
    0x08000844   0x08000844   0x00000004   Code   RO           49    .text.App_ThreadX_LowPower_Exit  app_threadx.o
    0x08000848   0x08000848   0x0000000c   Code   RO           51    .text.App_ThreadX_LowPower_Timer_Adjust  app_threadx.o
    0x08000854   0x08000854   0x0000000c   Code   RO           45    .text.App_ThreadX_LowPower_Timer_Setup  app_threadx.o
    0x08000860   0x08000860   0x00000002   Code   RO           97    .text.BusFault_Handler  stm32l4xx_it.o
    0x08000862   0x08000862   0x00000002   PAD
    0x08000864   0x08000864   0x00000002   Code   RO          101    .text.DebugMon_Handler  stm32l4xx_it.o
    0x08000866   0x08000866   0x00000002   PAD
    0x08000868   0x08000868   0x00000006   Code   RO          103    .text.EXTI1_IRQHandler  stm32l4xx_it.o
    0x0800086e   0x0800086e   0x00000002   PAD
    0x08000870   0x08000870   0x0000000a   Code   RO           15    .text.Error_Handler  main.o
    0x0800087a   0x0800087a   0x00000002   PAD
    0x0800087c   0x0800087c   0x00000012   Code   RO          334    .text.HAL_DBGMCU_DisableDBGSleepMode  stm32l4xx_hal.o
    0x0800088e   0x0800088e   0x00000002   PAD
    0x08000890   0x08000890   0x00000126   Code   RO          526    .text.HAL_GPIO_DeInit  stm32l4xx_hal_gpio.o
    0x080009b6   0x080009b6   0x00000002   PAD
    0x080009b8   0x080009b8   0x00000038   Code   RO          914    .text.HAL_GPIO_EXTI_Callback  appirqcallout.o
    0x080009f0   0x080009f0   0x00000016   Code   RO          536    .text.HAL_GPIO_EXTI_IRQHandler  stm32l4xx_hal_gpio.o
    0x08000a06   0x08000a06   0x00000002   PAD
    0x08000a08   0x08000a08   0x000001b8   Code   RO          524    .text.HAL_GPIO_Init  stm32l4xx_hal_gpio.o
    0x08000bc0   0x08000bc0   0x0000000c   Code   RO          530    .text.HAL_GPIO_WritePin  stm32l4xx_hal_gpio.o
    0x08000bcc   0x08000bcc   0x0000010c   Code   RO          896    .text.HAL_GetTick   appmain.o
    0x08000cd8   0x08000cd8   0x0000004a   Code   RO          274    .text.HAL_I2CEx_ConfigAnalogFilter  stm32l4xx_hal_i2c_ex.o
    0x08000d22   0x08000d22   0x00000002   PAD
    0x08000d24   0x08000d24   0x00000048   Code   RO          276    .text.HAL_I2CEx_ConfigDigitalFilter  stm32l4xx_hal_i2c_ex.o
    0x08000d6c   0x08000d6c   0x00000036   Code   RO          126    .text.HAL_I2C_DeInit  stm32l4xx_hal_i2c.o
    0x08000da2   0x08000da2   0x00000002   PAD
    0x08000da4   0x08000da4   0x000000ae   Code   RO          122    .text.HAL_I2C_Init  stm32l4xx_hal_i2c.o
    0x08000e52   0x08000e52   0x00000002   PAD
    0x08000e54   0x08000e54   0x0000019e   Code   RO          138    .text.HAL_I2C_Master_Receive  stm32l4xx_hal_i2c.o
    0x08000ff2   0x08000ff2   0x00000002   PAD
    0x08000ff4   0x08000ff4   0x000001ae   Code   RO          130    .text.HAL_I2C_Master_Transmit  stm32l4xx_hal_i2c.o
    0x080011a2   0x080011a2   0x00000002   PAD
    0x080011a4   0x080011a4   0x0000022e   Code   RO          182    .text.HAL_I2C_Mem_Read  stm32l4xx_hal_i2c.o
    0x080013d2   0x080013d2   0x00000002   PAD
    0x080013d4   0x080013d4   0x0000022e   Code   RO          180    .text.HAL_I2C_Mem_Write  stm32l4xx_hal_i2c.o
    0x08001602   0x08001602   0x00000002   PAD
    0x08001604   0x08001604   0x0000003e   Code   RO           65    .text.HAL_I2C_MspDeInit  i2c.o
    0x08001642   0x08001642   0x00000002   PAD
    0x08001644   0x08001644   0x00000086   Code   RO           63    .text.HAL_I2C_MspInit  i2c.o
    0x080016ca   0x080016ca   0x00000002   PAD
    0x080016cc   0x080016cc   0x0000001e   Code   RO          294    .text.HAL_Init      stm32l4xx_hal.o
    0x080016ea   0x080016ea   0x00000002   PAD
    0x080016ec   0x080016ec   0x00000004   Code   RO          894    .text.HAL_InitTick  appmain.o
    0x080016f0   0x080016f0   0x0000002a   Code   RO          916    .text.HAL_LPTIM_AutoReloadMatchCallback  appirqcallout.o
    0x0800171a   0x0800171a   0x00000002   PAD
    0x0800171c   0x0800171c   0x00000002   Code   RO          845    .text.HAL_LPTIM_AutoReloadWriteCallback  stm32l4xx_hal_lptim.o
    0x0800171e   0x0800171e   0x00000002   PAD
    0x08001720   0x08001720   0x00000002   Code   RO          837    .text.HAL_LPTIM_CompareMatchCallback  stm32l4xx_hal_lptim.o
    0x08001722   0x08001722   0x00000002   PAD
    0x08001724   0x08001724   0x00000002   Code   RO          843    .text.HAL_LPTIM_CompareWriteCallback  stm32l4xx_hal_lptim.o
    0x08001726   0x08001726   0x00000002   PAD
    0x08001728   0x08001728   0x000000e2   Code   RO          825    .text.HAL_LPTIM_Counter_Start_IT  stm32l4xx_hal_lptim.o
    0x0800180a   0x0800180a   0x00000002   PAD
    0x0800180c   0x0800180c   0x0000005e   Code   RO          827    .text.HAL_LPTIM_Counter_Stop_IT  stm32l4xx_hal_lptim.o
    0x0800186a   0x0800186a   0x00000002   PAD
    0x0800186c   0x0800186c   0x00000036   Code   RO          773    .text.HAL_LPTIM_DeInit  stm32l4xx_hal_lptim.o
    0x080018a2   0x080018a2   0x00000002   PAD
    0x080018a4   0x080018a4   0x00000002   Code   RO          849    .text.HAL_LPTIM_DirectionDownCallback  stm32l4xx_hal_lptim.o
    0x080018a6   0x080018a6   0x00000002   PAD
    0x080018a8   0x080018a8   0x00000002   Code   RO          847    .text.HAL_LPTIM_DirectionUpCallback  stm32l4xx_hal_lptim.o
    0x080018aa   0x080018aa   0x00000002   PAD
    0x080018ac   0x080018ac   0x000000d6   Code   RO          835    .text.HAL_LPTIM_IRQHandler  stm32l4xx_hal_lptim.o
    0x08001982   0x08001982   0x00000002   PAD
    0x08001984   0x08001984   0x000000e2   Code   RO          769    .text.HAL_LPTIM_Init  stm32l4xx_hal_lptim.o
    0x08001a66   0x08001a66   0x00000002   PAD
    0x08001a68   0x08001a68   0x00000026   Code   RO           80    .text.HAL_LPTIM_MspDeInit  lptim.o
    0x08001a8e   0x08001a8e   0x00000002   PAD
    0x08001a90   0x08001a90   0x00000066   Code   RO           78    .text.HAL_LPTIM_MspInit  lptim.o
    0x08001af6   0x08001af6   0x00000002   PAD
    0x08001af8   0x08001af8   0x00000006   Code   RO          829    .text.HAL_LPTIM_ReadCounter  stm32l4xx_hal_lptim.o
    0x08001afe   0x08001afe   0x00000002   PAD
    0x08001b00   0x08001b00   0x00000002   Code   RO          841    .text.HAL_LPTIM_TriggerCallback  stm32l4xx_hal_lptim.o
    0x08001b02   0x08001b02   0x00000002   PAD
    0x08001b04   0x08001b04   0x00000032   Code   RO          114    .text.HAL_MspInit   stm32l4xx_hal_msp.o
    0x08001b36   0x08001b36   0x00000002   PAD
    0x08001b38   0x08001b38   0x0000002a   Code   RO          703    .text.HAL_NVIC_DisableIRQ  stm32l4xx_hal_cortex.o
    0x08001b62   0x08001b62   0x00000002   PAD
    0x08001b64   0x08001b64   0x00000022   Code   RO          701    .text.HAL_NVIC_EnableIRQ  stm32l4xx_hal_cortex.o
    0x08001b86   0x08001b86   0x00000002   PAD
    0x08001b88   0x08001b88   0x00000056   Code   RO          699    .text.HAL_NVIC_SetPriority  stm32l4xx_hal_cortex.o
    0x08001bde   0x08001bde   0x00000002   PAD
    0x08001be0   0x08001be0   0x00000020   Code   RO          697    .text.HAL_NVIC_SetPriorityGrouping  stm32l4xx_hal_cortex.o
    0x08001c00   0x08001c00   0x0000008c   Code   RO          623    .text.HAL_PWREx_ControlVoltageScaling  stm32l4xx_hal_pwr_ex.o
    0x08001c8c   0x08001c8c   0x00000066   Code   RO          671    .text.HAL_PWREx_DisableLowPowerRunMode  stm32l4xx_hal_pwr_ex.o
    0x08001cf2   0x08001cf2   0x00000002   PAD
    0x08001cf4   0x08001cf4   0x00000012   Code   RO          669    .text.HAL_PWREx_EnableLowPowerRunMode  stm32l4xx_hal_pwr_ex.o
    0x08001d06   0x08001d06   0x00000002   PAD
    0x08001d08   0x08001d08   0x00000010   Code   RO          621    .text.HAL_PWREx_GetVoltageRange  stm32l4xx_hal_pwr_ex.o
    0x08001d18   0x08001d18   0x0000004a   Code   RO          597    .text.HAL_PWR_EnterSLEEPMode  stm32l4xx_hal_pwr.o
    0x08001d62   0x08001d62   0x00000002   PAD
    0x08001d64   0x08001d64   0x00000284   Code   RO          400    .text.HAL_RCCEx_PeriphCLKConfig  stm32l4xx_hal_rcc_ex.o
    0x08001fe8   0x08001fe8   0x0000027a   Code   RO          370    .text.HAL_RCC_ClockConfig  stm32l4xx_hal_rcc.o
    0x08002262   0x08002262   0x00000002   PAD
    0x08002264   0x08002264   0x000000c2   Code   RO          368    .text.HAL_RCC_GetSysClockFreq  stm32l4xx_hal_rcc.o
    0x08002326   0x08002326   0x00000002   PAD
    0x08002328   0x08002328   0x000007ec   Code   RO          366    .text.HAL_RCC_OscConfig  stm32l4xx_hal_rcc.o
    0x08002b14   0x08002b14   0x0000001c   Code   RO         1021    .text.HTU21D_Get_TicksMs  htu21d_callout.o
    0x08002b30   0x08002b30   0x00000022   Code   RO         1019    .text.HTU21D_IIC_Read  htu21d_callout.o
    0x08002b52   0x08002b52   0x00000002   PAD
    0x08002b54   0x08002b54   0x0000002a   Code   RO         1017    .text.HTU21D_IIC_Write  htu21d_callout.o
    0x08002b7e   0x08002b7e   0x00000002   PAD
    0x08002b80   0x08002b80   0x00000008   Code   RO         1002    .text.HTU21D_Init   htu21d.o
    0x08002b88   0x08002b88   0x00000134   Code   RO         1004    .text.HTU21D_MainFunc  htu21d.o
    0x08002cbc   0x08002cbc   0x00000004   PAD
    0x08002cc0   0x08002cc0   0x00000104   Code   RO         1006    .text.HTU21D_Updata  htu21d.o
    0x08002dc4   0x08002dc4   0x00000002   Code   RO           93    .text.HardFault_Handler  stm32l4xx_it.o
    0x08002dc6   0x08002dc6   0x00000002   PAD
    0x08002dc8   0x08002dc8   0x0000015c   Code   RO          264    .text.I2C_IsErrorOccurred  stm32l4xx_hal_i2c.o
    0x08002f24   0x08002f24   0x000000e8   Code   RO          132    .text.I2C_WaitOnFlagUntilTimeout  stm32l4xx_hal_i2c.o
    0x0800300c   0x0800300c   0x000000cc   Code   RO          140    .text.I2C_WaitOnRXNEFlagUntilTimeout  stm32l4xx_hal_i2c.o
    0x080030d8   0x080030d8   0x0000007c   Code   RO          136    .text.I2C_WaitOnSTOPFlagUntilTimeout  stm32l4xx_hal_i2c.o
    0x08003154   0x08003154   0x00000098   Code   RO          134    .text.I2C_WaitOnTXISFlagUntilTimeout  stm32l4xx_hal_i2c.o
    0x080031ec   0x080031ec   0x0000000c   Code   RO          105    .text.LPTIM1_IRQHandler  stm32l4xx_it.o
    0x080031f8   0x080031f8   0x000001f8   Code   RO          775    .text.LPTIM_Disable  stm32l4xx_hal_lptim.o
    0x080033f0   0x080033f0   0x00000188   Code   RO          928    .text.LPower_Enter  applowpowermgr.o
    0x08003578   0x08003578   0x000001d0   Code   RO          930    .text.LPower_Exit   applowpowermgr.o
    0x08003748   0x08003748   0x00000086   Code   RO           31    .text.MX_GPIO_Init  gpio.o
    0x080037ce   0x080037ce   0x00000002   PAD
    0x080037d0   0x080037d0   0x0000006c   Code   RO           61    .text.MX_I2C1_Init  i2c.o
    0x0800383c   0x0800383c   0x00000042   Code   RO           76    .text.MX_LPTIM1_Init  lptim.o
    0x0800387e   0x0800387e   0x00000002   PAD
    0x08003880   0x08003880   0x00000004   Code   RO           43    .text.MX_ThreadX_Init  app_threadx.o
    0x08003884   0x08003884   0x00000002   Code   RO           95    .text.MemManage_Handler  stm32l4xx_it.o
    0x08003886   0x08003886   0x00000002   PAD
    0x08003888   0x08003888   0x00000002   Code   RO           91    .text.NMI_Handler   stm32l4xx_it.o
    0x0800388a   0x0800388a   0x00000002   PAD
    0x0800388c   0x0800388c   0x0000014a   Code   RO          402    .text.RCCEx_PLLSAI1_Config  stm32l4xx_hal_rcc_ex.o
    0x080039d6   0x080039d6   0x00000002   PAD
    0x080039d8   0x080039d8   0x0000005a   Code   RO          987    .text.RX8900_IIC_Transmit  rx8900_callout.o
    0x08003a32   0x08003a32   0x00000002   PAD
    0x08003a34   0x08003a34   0x0000007e   Code   RO          972    .text.RX8900_Init   rx8900.o
    0x08003ab2   0x08003ab2   0x00000002   PAD
    0x08003ab4   0x08003ab4   0x00000084   Code   RO          974    .text.RX8900_MainFunc  rx8900.o
    0x08003b38   0x08003b38   0x0000009a   Code   RO          976    .text.RX8900_Process_ISR  rx8900.o
    0x08003bd2   0x08003bd2   0x00000002   PAD
    0x08003bd4   0x08003bd4   0x0000018c   Code   RO          964    .text.RX8900_Set_Time  rx8900.o
    0x08003d60   0x08003d60   0x000000d8   Code   RO          966    .text.RX8900_Updata_Time  rx8900.o
    0x08003e38   0x08003e38   0x00000012   Code   RO          861    .text.SystemInit    system_stm32l4xx.o
    0x08003e4a   0x08003e4a   0x00000002   PAD
    0x08003e4c   0x08003e4c   0x00000002   Code   RO           99    .text.UsageFault_Handler  stm32l4xx_it.o
    0x08003e4e   0x08003e4e   0x00000002   PAD
    0x08003e50   0x08003e50   0x00000088   Code   RO         1184    .text._tx_byte_pool_create  tx_byte_pool_create.o
    0x08003ed8   0x08003ed8   0x0000009c   Code   RO         1239    .text._tx_event_flags_cleanup  tx_event_flags_cleanup.o
    0x08003f74   0x08003f74   0x00000058   Code   RO         1248    .text._tx_event_flags_create  tx_event_flags_create.o
    0x08003fcc   0x08003fcc   0x0000010c   Code   RO         1266    .text._tx_event_flags_get  tx_event_flags_get.o
    0x080040d8   0x080040d8   0x00000246   Code   RO         1285    .text._tx_event_flags_set  tx_event_flags_set.o
    0x0800431e   0x0800431e   0x00000002   PAD
    0x08004320   0x08004320   0x0000002e   Code   RO         1076    .text._tx_initialize_high_level  tx_initialize_high_level.o
    0x0800434e   0x0800434e   0x00000002   PAD
    0x08004350   0x08004350   0x0000004e   Code   RO         1086    .text._tx_initialize_kernel_enter  tx_initialize_kernel_enter.o
    0x0800439e   0x0800439e   0x00000002   PAD
    0x080043a0   0x080043a0   0x0000013e   Code   RO         1552    .text._tx_thread_create  tx_thread_create.o
    0x080044de   0x080044de   0x00000002   PAD
    0x080044e0   0x080044e0   0x00000036   Code   RO         1597    .text._tx_thread_initialize  tx_thread_initialize.o
    0x08004516   0x08004516   0x00000002   PAD
    0x08004518   0x08004518   0x00000058   Code   RO         1656    .text._tx_thread_shell_entry  tx_thread_shell_entry.o
    0x08004570   0x08004570   0x0000007c   Code   RO         1665    .text._tx_thread_sleep  tx_thread_sleep.o
    0x080045ec   0x080045ec   0x0000002e   Code   RO         1702    .text._tx_thread_system_preempt_check  tx_thread_system_preempt_check.o
    0x0800461a   0x0800461a   0x00000002   PAD
    0x0800461c   0x0800461c   0x000000f8   Code   RO         1711    .text._tx_thread_system_resume  tx_thread_system_resume.o
    0x08004714   0x08004714   0x0000017c   Code   RO         1720    .text._tx_thread_system_suspend  tx_thread_system_suspend.o
    0x08004890   0x08004890   0x00000074   Code   RO         1739    .text._tx_thread_time_slice  tx_thread_time_slice.o
    0x08004904   0x08004904   0x00000048   Code   RO         1757    .text._tx_thread_timeout  tx_thread_timeout.o
    0x0800494c   0x0800494c   0x00000018   Code   RO         1775    .text._tx_time_get  tx_time_get.o
    0x08004964   0x08004964   0x0000001a   Code   RO         1784    .text._tx_time_set  tx_time_set.o
    0x0800497e   0x0800497e   0x00000002   PAD
    0x08004980   0x08004980   0x00000028   Code   RO         2324    .text._tx_timer_expiration_process  tx_timer_expiration_process.o
    0x080049a8   0x080049a8   0x000000a0   Code   RO         2342    .text._tx_timer_initialize  tx_timer_initialize.o
    0x08004a48   0x08004a48   0x0000005a   Code   RO         2355    .text._tx_timer_system_activate  tx_timer_system_activate.o
    0x08004aa2   0x08004aa2   0x00000002   PAD
    0x08004aa4   0x08004aa4   0x0000003a   Code   RO         2364    .text._tx_timer_system_deactivate  tx_timer_system_deactivate.o
    0x08004ade   0x08004ade   0x00000002   PAD
    0x08004ae0   0x08004ae0   0x0000014c   Code   RO         2373    .text._tx_timer_thread_entry  tx_timer_thread_entry.o
    0x08004c2c   0x08004c2c   0x00000160   Code   RO         1856    .text._txe_byte_pool_create  txe_byte_pool_create.o
    0x08004d8c   0x08004d8c   0x0000013a   Code   RO         1901    .text._txe_event_flags_create  txe_event_flags_create.o
    0x08004ec6   0x08004ec6   0x00000002   PAD
    0x08004ec8   0x08004ec8   0x000000a4   Code   RO         1919    .text._txe_event_flags_get  txe_event_flags_get.o
    0x08004f6c   0x08004f6c   0x00000028   Code   RO         1937    .text._txe_event_flags_set  txe_event_flags_set.o
    0x08004f94   0x08004f94   0x0000018a   Code   RO         2162    .text._txe_thread_create  txe_thread_create.o
    0x0800511e   0x0800511e   0x00000002   PAD
    0x08005120   0x08005120   0x0000008e   Code   RO           11    .text.main          main.o
    0x080051ae   0x080051ae   0x00000002   PAD
    0x080051b0   0x080051b0   0x00000054   Code   RO          877    .text.tx_application_define  app_azure_rtos.o
    0x08005204   0x08005204   0x00000160   Code   RO         2436    .text.tx_low_power_enter  tx_low_power.o
    0x08005364   0x08005364   0x0000002c   Code   RO         2440    .text.tx_low_power_exit  tx_low_power.o
    0x08005390   0x08005390   0x000001cc   Code   RO         2442    .text.tx_time_increment  tx_low_power.o
    0x0800555c   0x0800555c   0x00000062   Code   RO         2462    x$fpl$d2f           fz_wm.l(d2f.o)
    0x080055be   0x080055be   0x00000002   PAD
    0x080055c0   0x080055c0   0x00000150   Code   RO         2464    x$fpl$dadd          fz_wm.l(daddsub_clz.o)
    0x08005710   0x08005710   0x00000026   Code   RO         2470    x$fpl$dfltu         fz_wm.l(dflt_clz.o)
    0x08005736   0x08005736   0x00000002   PAD
    0x08005738   0x08005738   0x00000154   Code   RO         2476    x$fpl$dmul          fz_wm.l(dmul.o)
    0x0800588c   0x0800588c   0x0000009c   Code   RO         2481    x$fpl$dnaninf       fz_wm.l(dnaninf.o)
    0x08005928   0x08005928   0x0000000c   Code   RO         2483    x$fpl$dretinf       fz_wm.l(dretinf.o)
    0x08005934   0x08005934   0x000001dc   Code   RO         2466    x$fpl$dsub          fz_wm.l(daddsub_clz.o)
    0x08005b10   0x08005b10   0x0000001a   Code   RO         2574    x$fpl$fpinit        fz_wm.l(fpinit.o)
    0x08005b2a   0x08005b2a   0x0000000a   Code   RO         2485    x$fpl$fretinf       fz_wm.l(fretinf.o)
    0x08005b34   0x08005b34   0x00000000   Code   RO         2487    x$fpl$usenofp       fz_wm.l(usenofp.o)
    0x08005b34   0x08005b34   0x00000010   Data   RO          866    .rodata.AHBPrescTable  system_stm32l4xx.o
    0x08005b44   0x08005b44   0x00000030   Data   RO          868    .rodata.MSIRangeTable  system_stm32l4xx.o
    0x08005b74   0x08005b74   0x00000004   Data   RO          996    .rodata.gRX8900Cfg  rx8900_lcfg.o
    0x08005b78   0x08005b78   0x00000020   Data   RO         2649    Region$$Table       anon$$obj.o


    Execution Region RW_IRAM2 (Exec base: 0x10000000, Load base: 0x08005bb0, Size: 0x00000000, Max: 0x00004000, ABSOLUTE)

    **** No section assigned to this execution region ****


    Execution Region RW_IRAM1 (Exec base: 0x20000000, Load base: 0x08005b98, Size: 0x00001740, Max: 0x0000c000, ABSOLUTE)

    Exec Addr    Load Addr    Size         Type   Attr      Idx    E Section Name        Object

    0x20000000   0x08005b98   0x00000008   Data   RW          355    .data..L_MergedGlobals  stm32l4xx_hal.o
    0x20000008   0x08005ba0   0x00000004   Data   RW          865    .data.SystemCoreClock  system_stm32l4xx.o
    0x2000000c   0x08005ba4   0x00000004   Data   RW         1600    .data._tx_thread_system_state  tx_thread_initialize.o
    0x20000010   0x08005ba8   0x00000001   Data   RW          932    .data.gLP_WakeupMode  applowpowermgr.o
    0x20000011   0x08005ba9   0x00000007   PAD
    0x20000018        -       0x00000060   Zero   RW         2514    .bss                c_w.l(libspace.o)
    0x20000078        -       0x00000010   Zero   RW          933    .bss..L_MergedGlobals  applowpowermgr.o
    0x20000088        -       0x00000008   Zero   RW          978    .bss..L_MergedGlobals  rx8900.o
    0x20000090        -       0x00000010   Zero   RW         1008    .bss..L_MergedGlobals  htu21d.o
    0x200000a0        -       0x00000030   Zero   RW         1079    .bss..L_MergedGlobals  tx_initialize_high_level.o
    0x200000d0        -       0x00000024   Zero   RW         1604    .bss..L_MergedGlobals  tx_thread_initialize.o
    0x200000f4        -       0x00000034   Zero   RW         2347    .bss..L_MergedGlobals  tx_timer_initialize.o
    0x20000128        -       0x00000400   Zero   RW          902    .bss.AppTask10msStk  appmain.o
    0x20000528        -       0x000000b0   Zero   RW          901    .bss.AppTask10msTCB  appmain.o
    0x200005d8        -       0x00000400   Zero   RW          900    .bss.AppTaskModeCtrlStk  appmain.o
    0x200009d8        -       0x000000b0   Zero   RW          899    .bss.AppTaskModeCtrlTCB  appmain.o
    0x20000a88        -       0x00000004   Zero   RW          905    .bss.HAL_GetTick.ticks  appmain.o
    0x20000a8c        -       0x00000004   Zero   RW          918    .bss.Rtccount       appirqcallout.o
    0x20000a90        -       0x00000004   Zero   RW          904    .bss.Task10msCount  appmain.o
    0x20000a94        -       0x00000004   Zero   RW          903    .bss.TaskModeCtrlCount  appmain.o
    0x20000a98        -       0x00000004   Zero   RW         1078    .bss._tx_initialize_unused_memory  tx_initialize_high_level.o
    0x20000a9c        -       0x00000080   Zero   RW         1602    .bss._tx_thread_priority_list  tx_thread_initialize.o
    0x20000b1c        -       0x00000004   Zero   RW         1603    .bss._tx_thread_system_stack_ptr  tx_thread_initialize.o
    0x20000b20        -       0x00000080   Zero   RW         2344    .bss._tx_timer_list  tx_timer_initialize.o
    0x20000ba0        -       0x000000b0   Zero   RW         2346    .bss._tx_timer_thread  tx_timer_initialize.o
    0x20000c50        -       0x00000200   Zero   RW         2345    .bss._tx_timer_thread_stack_area  tx_timer_initialize.o
    0x20000e50        -       0x00000024   Zero   RW          944    .bss.gApp_ModeCtrlEventGroup  appobj.o
    0x20000e74        -       0x00000001   Zero   RW          898    .bss.gApp_Moudle    appmain.o
    0x20000e75   0x08005ba9   0x00000003   PAD
    0x20000e78        -       0x00000054   Zero   RW           67    .bss.hi2c1          i2c.o
    0x20000ecc        -       0x00000038   Zero   RW           82    .bss.hlptim1        lptim.o
    0x20000f04        -       0x00000004   Zero   RW          919    .bss.lpcount        appirqcallout.o
    0x20000f08        -       0x00000034   Zero   RW          879    .bss.tx_app_byte_pool  app_azure_rtos.o
    0x20000f3c        -       0x00000200   Zero   RW          880    .bss.tx_byte_pool_buffer  app_azure_rtos.o
    0x2000113c        -       0x00000004   Zero   RW         2444    .bss.tx_low_power_entered  tx_low_power.o
    0x20001140        -       0x00000200   Zero   RW            2    HEAP                startup_stm32l432xx.o
    0x20001340        -       0x00000400   Zero   RW            1    STACK               startup_stm32l432xx.o


==============================================================================

Image component sizes


      Code (inc. data)   RO Data    RW Data    ZI Data      Debug   Object Name

        84         20          0          0        564       4083   app_azure_rtos.o
        46          0          0          0          0       1459   app_threadx.o
        98          0          0          0          8       2580   appirqcallout.o
       856          8          0          1         16       5502   applowpowermgr.o
       602         36          0          0       2413       5590   appmain.o
        24          0          0          0          0        936   appmodectrl.o
        40         16          0          0         36       3827   appobj.o
       134          0          0          0          0       3962   gpio.o
       576         48          0          0         16       2716   htu21d.o
       104          0          0          0          0       2086   htu21d_callout.o
       304          0          0          0         84       6469   i2c.o
       206          0          0          0         56       5860   lptim.o
       152          0          0          0          0       3217   main.o
      1024          0          0          0          8       6466   rx8900.o
        90          0          0          0          0       1918   rx8900_callout.o
         0          0          4          0          0       1292   rx8900_lcfg.o
        64         26        396          0       1536        836   startup_stm32l432xx.o
        48          0          0          8          0       7576   stm32l4xx_hal.o
       194          0          0          0          0      10051   stm32l4xx_hal_cortex.o
       768          0          0          0          0       5313   stm32l4xx_hal_gpio.o
      3248          0          0          0          0      57089   stm32l4xx_hal_i2c.o
       146          0          0          0          0       6081   stm32l4xx_hal_i2c_ex.o
      1336          0          0          0          0      18747   stm32l4xx_hal_lptim.o
        50          0          0          0          0       1582   stm32l4xx_hal_msp.o
        74          0          0          0          0       5457   stm32l4xx_hal_pwr.o
       276          0          0          0          0       8714   stm32l4xx_hal_pwr_ex.o
      2856          0          0          0          0      11935   stm32l4xx_hal_rcc.o
       974          0          0          0          0      13537   stm32l4xx_hal_rcc_ex.o
        30          0          0          0          0       2733   stm32l4xx_it.o
        18          0         64          4          0       2953   system_stm32l4xx.o
       136          0          0          0          0       4639   tx_byte_pool_create.o
       156          0          0          0          0       4388   tx_event_flags_cleanup.o
        88          0          0          0          0       4028   tx_event_flags_create.o
       268          0          0          0          0       5058   tx_event_flags_get.o
       582          0          0          0          0       5732   tx_event_flags_set.o
        46          0          0          0         52       6291   tx_initialize_high_level.o
        78          0          0          0          0        771   tx_initialize_kernel_enter.o
       152         32          0          0          0        656   tx_initialize_low_level.o
       856          0          0          0          4       5110   tx_low_power.o
       318          0          0          0          0       4391   tx_thread_create.o
        54          0          0          4        168       3947   tx_thread_initialize.o
        14          0          0          0          0        466   tx_thread_interrupt_disable.o
         6          0          0          0          0        464   tx_thread_interrupt_restore.o
       252         16          0          0          0        852   tx_thread_schedule.o
        88          0          0          0          0       3723   tx_thread_shell_entry.o
       124          0          0          0          0       3628   tx_thread_sleep.o
        64          0          0          0          0        461   tx_thread_stack_build.o
        46          0          0          0          0       3435   tx_thread_system_preempt_check.o
       248          0          0          0          0       4050   tx_thread_system_resume.o
        38          0          0          0          0        486   tx_thread_system_return.o
       380          0          0          0          0       4331   tx_thread_system_suspend.o
       116          0          0          0          0       3435   tx_thread_time_slice.o
        72          0          0          0          0       3648   tx_thread_timeout.o
        24          0          0          0          0        714   tx_time_get.o
        26          0          0          0          0        832   tx_time_set.o
        40          0          0          0          0       3322   tx_timer_expiration_process.o
       160         20          0          0        868       4309   tx_timer_initialize.o
       184         44          0          0          0        814   tx_timer_interrupt.o
        90          0          0          0          0       1529   tx_timer_system_activate.o
        58          0          0          0          0       1444   tx_timer_system_deactivate.o
       332          0          0          0          0       4155   tx_timer_thread_entry.o
       352          0          0          0          0       4993   txe_byte_pool_create.o
       314          0          0          0          0       4770   txe_event_flags_create.o
       164          0          0          0          0       4292   txe_event_flags_get.o
        40          0          0          0          0       3997   txe_event_flags_set.o
       394          0          0          0          0       4814   txe_thread_create.o

    ----------------------------------------------------------------------
     20968        278        496         20       5836     324542   Object Totals
         0          0         32          0          0          0   (incl. Generated)
       186         12          0          3          7          0   (incl. Padding)

    ----------------------------------------------------------------------

      Code (inc. data)   RO Data    RW Data    ZI Data      Debug   Library Member Name

         8          0          0          0          0         68   __main.o
         0          0          0          0          0          0   __rtentry.o
        12          0          0          0          0          0   __rtentry2.o
         6          0          0          0          0          0   __rtentry4.o
        94          8          0          0          0          0   __scatter.o
        26          0          0          0          0          0   __scatter_copy.o
        28          0          0          0          0          0   __scatter_zi.o
        16          0          0          0          0         68   aeabi_memset.o
        18          0          0          0          0         80   exit.o
         6          0          0          0          0        152   heapauxi.o
         0          0          0          0          0          0   indicate_semi.o
         2          0          0          0          0          0   libinit.o
         6          0          0          0          0          0   libinit2.o
         2          0          0          0          0          0   libshutdown.o
         2          0          0          0          0          0   libshutdown2.o
         8          4          0          0         96         68   libspace.o
        68          0          0          0          0         68   rt_memclr.o
        78          0          0          0          0         80   rt_memclr_w.o
         2          0          0          0          0          0   rtexit.o
        10          0          0          0          0          0   rtexit2.o
        12          4          0          0          0         68   sys_exit.o
        74          0          0          0          0         80   sys_stackheap_outer.o
         2          0          0          0          0         68   use_no_semi.o
        98          4          0          0          0        140   d2f.o
       812         16          0          0          0        392   daddsub_clz.o
        38          0          0          0          0        116   dflt_clz.o
       340         12          0          0          0        152   dmul.o
       156          4          0          0          0        140   dnaninf.o
        12          0          0          0          0        116   dretinf.o
        26          0          0          0          0        116   fpinit.o
        10          0          0          0          0        116   fretinf.o
         0          0          0          0          0          0   usenofp.o

    ----------------------------------------------------------------------
      1984         52          0          0         96       2088   Library Totals
        12          0          0          0          0          0   (incl. Padding)

    ----------------------------------------------------------------------

      Code (inc. data)   RO Data    RW Data    ZI Data      Debug   Library Name

       480         16          0          0         96        800   c_w.l
      1492         36          0          0          0       1288   fz_wm.l

    ----------------------------------------------------------------------
      1984         52          0          0         96       2088   Library Totals

    ----------------------------------------------------------------------

==============================================================================


      Code (inc. data)   RO Data    RW Data    ZI Data      Debug   

     22952        330        496         20       5932     324466   Grand Totals
     22952        330        496         20       5932     324466   ELF Image Totals
     22952        330        496         20          0          0   ROM Totals

==============================================================================

    Total RO  Size (Code + RO Data)                23448 (  22.90kB)
    Total RW  Size (RW Data + ZI Data)              5952 (   5.81kB)
    Total ROM Size (Code + RO Data + RW Data)      23468 (  22.92kB)

==============================================================================

