<html>
<body>
<pre>
<h1>µVision Build Log</h1>
<h2>Tool Versions:</h2>
IDE-Version: ¦ÌVision V5.39.0.0
Copyright (C) 2023 ARM Ltd and ARM Germany GmbH. All rights reserved.
License Information: a'q q, q, LIC=GMZI6-DAQZF-Y84FK-Z0I2K-WLZ24-DSCSS
 
Tool Versions:
Toolchain:       MDK-ARM Plus  Version: 5.39.0.0
Toolchain Path:  D:\app\keil\Keil_v5\ARM\ARMCLANG\Bin
C Compiler:      ArmClang.exe V6.21
Assembler:       Armasm.exe V6.21
Linker/Locator:  ArmLink.exe V6.21
Library Manager: ArmAr.exe V6.21
Hex Converter:   FromElf.exe V6.21
CPU DLL:         SARMCM3.DLL V5.39.0.0
Dialog DLL:      DCM.DLL V1.17.5.0
Target DLL:      STLink\ST-LINKIII-KEIL_SWO.dll V3.2.0.0
Dialog DLL:      TCM.DLL V1.56.4.0
 
<h2>Project:</h2>
C:\Users\CXJ\Desktop\Clock\Software\MDK-ARM\Software.uvprojx
Project File Date:  06/29/2024

<h2>Output:</h2>
*** Using Compiler 'V6.21', folder: 'D:\app\keil\Keil_v5\ARM\ARMCLANG\Bin'
Build target 'Software'
compiling RX8900.c...
compiling app_azure_rtos.c...
linking...
Program Size: Code=14898 RO-data=498 RW-data=20 ZI-data=4612  
FromELF: creating hex file...
After Build - User command #1: .\..\keil5_disp_size_bar.exe
ram:
  RW_IRAM1 :0x20000000
   48.00 KB :|¡ö___________________|    9.42 % (    4.52 KB /    48.00 KB) [44520 B]
flash:
  ER_IROM1 :0x8000000
  256.00 KB :|¡ö___________________|    5.87 % (   15.04 KB /   256.00 KB) [246748 B]
  RW_IRAM2 :0x10000000
   16.00 KB :|____________________|    0.00 % (    0.00 KB /    16.00 KB) [16384 B]
"Software\Software.axf" - 0 Error(s), 0 Warning(s).

<h2>Software Packages used:</h2>

Package Vendor: ARM
                http://www.keil.com/pack/ARM.CMSIS.5.9.0.pack
                ARM::CMSIS@5.9.0
                CMSIS (Common Microcontroller Software Interface Standard)
   * Component: CORE Version: 5.6.0

Package Vendor: Keil
                https://www.keil.com/pack/Keil.STM32L4xx_DFP.2.7.0.pack
                Keil::STM32L4xx_DFP@2.7.0
                STMicroelectronics STM32L4 Series Device Support, Drivers and Examples

<h2>Collection of Component include folders:</h2>
  ./RTE/_Software
  D:/app/keil/pack/ARM/CMSIS/5.9.0/CMSIS/Core/Include
  D:/app/keil/pack/Keil/STM32L4xx_DFP/2.7.0_2/Drivers/CMSIS/Device/ST/STM32L4xx/Include

<h2>Collection of Component Files used:</h2>

   * Component: ARM::CMSIS:CORE@5.6.0
      Include file:  CMSIS/Core/Include/tz_context.h
Build Time Elapsed:  00:00:01
</pre>
</body>
</html>
