Archive member included to satisfy reference by file (symbol)

d:/app/env-windows/tools/gnu_gcc/arm_gcc/mingw/bin/../lib/gcc/arm-none-eabi/10.3.1/../../../../arm-none-eabi/lib/thumb/v7e-m+fp/hard\libc.a(lib_a-atoi.o)
                              build\kernel\components\drivers\pin\dev_pin.o (atoi)
d:/app/env-windows/tools/gnu_gcc/arm_gcc/mingw/bin/../lib/gcc/arm-none-eabi/10.3.1/../../../../arm-none-eabi/lib/thumb/v7e-m+fp/hard\libc.a(lib_a-ctype_.o)
                              build\kernel\components\libc\compilers\common\cstring.o (_ctype_)
d:/app/env-windows/tools/gnu_gcc/arm_gcc/mingw/bin/../lib/gcc/arm-none-eabi/10.3.1/../../../../arm-none-eabi/lib/thumb/v7e-m+fp/hard\libc.a(lib_a-exit.o)
                              d:/app/env-windows/tools/gnu_gcc/arm_gcc/mingw/bin/../lib/gcc/arm-none-eabi/10.3.1/../../../../arm-none-eabi/lib/thumb/v7e-m+fp/hard/crt0.o (exit)
d:/app/env-windows/tools/gnu_gcc/arm_gcc/mingw/bin/../lib/gcc/arm-none-eabi/10.3.1/../../../../arm-none-eabi/lib/thumb/v7e-m+fp/hard\libc.a(lib_a-impure.o)
                              d:/app/env-windows/tools/gnu_gcc/arm_gcc/mingw/bin/../lib/gcc/arm-none-eabi/10.3.1/../../../../arm-none-eabi/lib/thumb/v7e-m+fp/hard\libc.a(lib_a-exit.o) (_global_impure_ptr)
d:/app/env-windows/tools/gnu_gcc/arm_gcc/mingw/bin/../lib/gcc/arm-none-eabi/10.3.1/../../../../arm-none-eabi/lib/thumb/v7e-m+fp/hard\libc.a(lib_a-malloc.o)
                              build\kernel\components\libc\compilers\common\cstring.o (malloc)
d:/app/env-windows/tools/gnu_gcc/arm_gcc/mingw/bin/../lib/gcc/arm-none-eabi/10.3.1/../../../../arm-none-eabi/lib/thumb/v7e-m+fp/hard\libc.a(lib_a-memcmp.o)
                              build\kernel\components\finsh\shell.o (memcmp)
d:/app/env-windows/tools/gnu_gcc/arm_gcc/mingw/bin/../lib/gcc/arm-none-eabi/10.3.1/../../../../arm-none-eabi/lib/thumb/v7e-m+fp/hard\libc.a(lib_a-memset.o)
                              d:/app/env-windows/tools/gnu_gcc/arm_gcc/mingw/bin/../lib/gcc/arm-none-eabi/10.3.1/../../../../arm-none-eabi/lib/thumb/v7e-m+fp/hard/crt0.o (memset)
d:/app/env-windows/tools/gnu_gcc/arm_gcc/mingw/bin/../lib/gcc/arm-none-eabi/10.3.1/../../../../arm-none-eabi/lib/thumb/v7e-m+fp/hard\libc.a(lib_a-strchr.o)
                              build\kernel\components\libc\compilers\common\cstring.o (strchr)
d:/app/env-windows/tools/gnu_gcc/arm_gcc/mingw/bin/../lib/gcc/arm-none-eabi/10.3.1/../../../../arm-none-eabi/lib/thumb/v7e-m+fp/hard\libc.a(lib_a-strcmp.o)
                              build\kernel\components\finsh\msh.o (strcmp)
d:/app/env-windows/tools/gnu_gcc/arm_gcc/mingw/bin/../lib/gcc/arm-none-eabi/10.3.1/../../../../arm-none-eabi/lib/thumb/v7e-m+fp/hard\libc.a(lib_a-strcpy.o)
                              build\kernel\components\libc\compilers\common\cstring.o (strcpy)
d:/app/env-windows/tools/gnu_gcc/arm_gcc/mingw/bin/../lib/gcc/arm-none-eabi/10.3.1/../../../../arm-none-eabi/lib/thumb/v7e-m+fp/hard\libc.a(lib_a-strlen.o)
                              build\kernel\components\libc\compilers\common\cstring.o (strlen)
d:/app/env-windows/tools/gnu_gcc/arm_gcc/mingw/bin/../lib/gcc/arm-none-eabi/10.3.1/../../../../arm-none-eabi/lib/thumb/v7e-m+fp/hard\libc.a(lib_a-strncmp.o)
                              build\kernel\components\finsh\msh.o (strncmp)
d:/app/env-windows/tools/gnu_gcc/arm_gcc/mingw/bin/../lib/gcc/arm-none-eabi/10.3.1/../../../../arm-none-eabi/lib/thumb/v7e-m+fp/hard\libc.a(lib_a-strncpy.o)
                              build\kernel\components\finsh\msh.o (strncpy)
d:/app/env-windows/tools/gnu_gcc/arm_gcc/mingw/bin/../lib/gcc/arm-none-eabi/10.3.1/../../../../arm-none-eabi/lib/thumb/v7e-m+fp/hard\libc.a(lib_a-strrchr.o)
                              build\kernel\components\libc\compilers\common\cstring.o (strrchr)
d:/app/env-windows/tools/gnu_gcc/arm_gcc/mingw/bin/../lib/gcc/arm-none-eabi/10.3.1/../../../../arm-none-eabi/lib/thumb/v7e-m+fp/hard\libc.a(lib_a-strtol.o)
                              d:/app/env-windows/tools/gnu_gcc/arm_gcc/mingw/bin/../lib/gcc/arm-none-eabi/10.3.1/../../../../arm-none-eabi/lib/thumb/v7e-m+fp/hard\libc.a(lib_a-atoi.o) (_strtol_r)
d:/app/env-windows/tools/gnu_gcc/arm_gcc/mingw/bin/../lib/gcc/arm-none-eabi/10.3.1/../../../../arm-none-eabi/lib/thumb/v7e-m+fp/hard\libc.a(lib_a-strtoul.o)
                              build\kernel\src\kservice.o (strtoul)
d:/app/env-windows/tools/gnu_gcc/arm_gcc/mingw/bin/../lib/gcc/arm-none-eabi/10.3.1/../../../../arm-none-eabi/lib/thumb/v7e-m+fp/hard\libc.a(lib_a-__call_atexit.o)
                              d:/app/env-windows/tools/gnu_gcc/arm_gcc/mingw/bin/../lib/gcc/arm-none-eabi/10.3.1/../../../../arm-none-eabi/lib/thumb/v7e-m+fp/hard\libc.a(lib_a-exit.o) (__call_exitprocs)
d:/app/env-windows/tools/gnu_gcc/arm_gcc/mingw/bin/../lib/gcc/arm-none-eabi/10.3.1/../../../../arm-none-eabi/lib/thumb/v7e-m+fp/hard\libc.a(lib_a-atexit.o)
[...]
Memory Configuration

Name             Origin             Length             Attributes
ROM              0x08000000         0x00080000         xr
RAM              0x20000000         0x0000c000         rw
*default*        0x00000000         0xffffffff

Linker script and memory map

LOAD d:/app/env-windows/tools/gnu_gcc/arm_gcc/mingw/bin/../lib/gcc/arm-none-eabi/10.3.1/thumb/v7e-m+fp/hard/crti.o
LOAD d:/app/env-windows/tools/gnu_gcc/arm_gcc/mingw/bin/../lib/gcc/arm-none-eabi/10.3.1/thumb/v7e-m+fp/hard/crtbegin.o
LOAD d:/app/env-windows/tools/gnu_gcc/arm_gcc/mingw/bin/../lib/gcc/arm-none-eabi/10.3.1/../../../../arm-none-eabi/lib/thumb/v7e-m+fp/hard/crt0.o
LOAD C:\Users\CXJ\Desktop\Clock\Software_RT\bsp\libraries\HAL_Drivers\drivers\drv_gpio.o
LOAD C:\Users\CXJ\Desktop\Clock\Software_RT\bsp\libraries\HAL_Drivers\drivers\drv_usart.o
LOAD build\libraries\HAL_Drivers\drv_common.o
LOAD build\kernel\components\libc\compilers\common\cctype.o
LOAD build\kernel\components\libc\compilers\common\cstdlib.o
LOAD build\kernel\components\libc\compilers\common\cstring.o
LOAD build\kernel\components\libc\compilers\common\ctime.o
LOAD build\kernel\components\libc\compilers\common\cunistd.o
LOAD build\kernel\components\libc\compilers\common\cwchar.o
LOAD build\kernel\components\libc\compilers\newlib\syscalls.o
LOAD build\kernel\libcpu\arm\common\atomic_arm.o
LOAD build\kernel\libcpu\arm\common\div0.o
LOAD build\kernel\libcpu\arm\common\showmem.o
LOAD build\kernel\libcpu\arm\cortex-m4\context_gcc.o
LOAD build\kernel\libcpu\arm\cortex-m4\cpuport.o
LOAD build\applications\main.o
LOAD build\board\CubeMX_Config\Src\stm32l4xx_hal_msp.o
LOAD build\board\board.o
LOAD packages\stm32l4_cmsis_driver-latest\Source\Templates\gcc\startup_stm32l432xx.o
LOAD packages\stm32l4_cmsis_driver-latest\Source\Templates\system_stm32l4xx.o
LOAD packages\stm32l4_hal_driver-latest\Src\stm32l4xx_hal.o
LOAD packages\stm32l4_hal_driver-latest\Src\stm32l4xx_hal_comp.o
LOAD packages\stm32l4_hal_driver-latest\Src\stm32l4xx_hal_cortex.o
LOAD packages\stm32l4_hal_driver-latest\Src\stm32l4xx_hal_crc.o
LOAD packages\stm32l4_hal_driver-latest\Src\stm32l4xx_hal_crc_ex.o
LOAD packages\stm32l4_hal_driver-latest\Src\stm32l4xx_hal_cryp.o
LOAD packages\stm32l4_hal_driver-latest\Src\stm32l4xx_hal_cryp_ex.o
LOAD packages\stm32l4_hal_driver-latest\Src\stm32l4xx_hal_dma.o
LOAD packages\stm32l4_hal_driver-latest\Src\stm32l4xx_hal_dma_ex.o
LOAD packages\stm32l4_hal_driver-latest\Src\stm32l4xx_hal_exti.o
LOAD packages\stm32l4_hal_driver-latest\Src\stm32l4xx_hal_gpio.o
LOAD packages\stm32l4_hal_driver-latest\Src\stm32l4xx_hal_pwr.o
LOAD packages\stm32l4_hal_driver-latest\Src\stm32l4xx_hal_pwr_ex.o
LOAD packages\stm32l4_hal_driver-latest\Src\stm32l4xx_hal_rcc.o
LOAD packages\stm32l4_hal_driver-latest\Src\stm32l4xx_hal_rcc_ex.o
LOAD packages\stm32l4_hal_driver-latest\Src\stm32l4xx_hal_rng.o
LOAD packages\stm32l4_hal_driver-latest\Src\stm32l4xx_hal_uart.o
LOAD packages\stm32l4_hal_driver-latest\Src\stm32l4xx_hal_uart_ex.o
LOAD packages\stm32l4_hal_driver-latest\Src\stm32l4xx_hal_usart.o
LOAD packages\stm32l4_hal_driver-latest\Src\stm32l4xx_hal_usart_ex.o
LOAD build\kernel\components\drivers\core\device.o
LOAD build\kernel\components\drivers\ipc\completion_comm.o
LOAD build\kernel\components\drivers\ipc\completion_up.o
LOAD build\kernel\components\drivers\ipc\condvar.o
LOAD build\kernel\components\drivers\ipc\dataqueue.o
LOAD build\kernel\components\drivers\ipc\pipe.o
LOAD build\kernel\components\drivers\ipc\ringblk_buf.o
LOAD build\kernel\components\drivers\ipc\ringbuffer.o
LOAD build\kernel\components\drivers\ipc\waitqueue.o
LOAD build\kernel\components\drivers\ipc\workqueue.o
LOAD build\kernel\components\drivers\pin\dev_pin.o
LOAD build\kernel\components\drivers\serial\serial.o
LOAD build\kernel\components\finsh\cmd.o
LOAD build\kernel\components\finsh\msh.o
LOAD build\kernel\components\finsh\msh_parse.o
LOAD build\kernel\components\finsh\shell.o
LOAD build\kernel\src\clock.o
LOAD build\kernel\src\components.o
LOAD build\kernel\src\cpu_up.o
LOAD build\kernel\src\idle.o
LOAD build\kernel\src\ipc.o
LOAD build\kernel\src\irq.o
LOAD build\kernel\src\klibc\kstdio.o
LOAD build\kernel\src\klibc\kstring.o
LOAD build\kernel\src\kservice.o
LOAD build\kernel\src\mem.o
LOAD build\kernel\src\mempool.o
LOAD build\kernel\src\object.o
LOAD build\kernel\src\scheduler_comm.o
LOAD build\kernel\src\scheduler_up.o
LOAD build\kernel\src\thread.o
LOAD build\kernel\src\timer.o
LOAD d:/app/env-windows/tools/gnu_gcc/arm_gcc/mingw/bin/../lib/gcc/arm-none-eabi/10.3.1/../../../../arm-none-eabi/lib/thumb/v7e-m+fp/hard\libc.a
LOAD d:/app/env-windows/tools/gnu_gcc/arm_gcc/mingw/bin/../lib/gcc/arm-none-eabi/10.3.1/../../../../arm-none-eabi/lib/thumb/v7e-m+fp/hard\libm.a
START GROUP
LOAD d:/app/env-windows/tools/gnu_gcc/arm_gcc/mingw/bin/../lib/gcc/arm-none-eabi/10.3.1/thumb/v7e-m+fp/hard\libgcc.a
LOAD d:/app/env-windows/tools/gnu_gcc/arm_gcc/mingw/bin/../lib/gcc/arm-none-eabi/10.3.1/../../../../arm-none-eabi/lib/thumb/v7e-m+fp/hard\libc.a
END GROUP
LOAD d:/app/env-windows/tools/gnu_gcc/arm_gcc/mingw/bin/../lib/gcc/arm-none-eabi/10.3.1/thumb/v7e-m+fp/hard/crtend.o
LOAD d:/app/env-windows/tools/gnu_gcc/arm_gcc/mingw/bin/../lib/gcc/arm-none-eabi/10.3.1/thumb/v7e-m+fp/hard/crtn.o
                0x00000400                _system_stack_size = 0x400

.text           0x08000000    0x130d0
                0x08000000                . = ALIGN (0x4)
                0x08000000                _stext = .
 *(.isr_vector)
 .isr_vector    0x08000000      0x18c packages\stm32l4_cmsis_driver-latest\Source\Templates\gcc\startup_stm32l432xx.o
                0x08000000                g_pfnVectors
                0x0800018c                . = ALIGN (0x4)
 *(.text)
 .text          0x0800018c       0x40 d:/app/env-windows/tools/gnu_gcc/arm_gcc/mingw/bin/../lib/gcc/arm-none-eabi/10.3.1/thumb/v7e-m+fp/hard/crtbegin.o
 .text          0x080001cc      0x144 build\kernel\libcpu\arm\cortex-m4\context_gcc.o
                0x080001cc                rt_hw_interrupt_disable
                0x080001d4                rt_hw_interrupt_enable
                0x080001da                rt_hw_context_switch_interrupt
                0x080001da                rt_hw_context_switch
                0x080001fa                PendSV_Handler
                0x08000266                rt_hw_context_switch_to
                0x080002b4                rt_hw_interrupt_thread_switch
                0x080002b8                HardFault_Handler
 *fill*         0x08000310       0x10 00000000
 .text          0x08000320      0x2dc d:/app/env-windows/tools/gnu_gcc/arm_gcc/mingw/bin/../lib/gcc/arm-none-eabi/10.3.1/../../../../arm-none-eabi/lib/thumb/v7e-m+fp/hard\libc.a(lib_a-strcmp.o)
                0x08000328                strcmp
 *fill*         0x080005fc        0x4 00000000
 .text          0x08000600       0xdc d:/app/env-windows/tools/gnu_gcc/arm_gcc/mingw/bin/../lib/gcc/arm-none-eabi/10.3.1/../../../../arm-none-eabi/lib/thumb/v7e-m+fp/hard\libc.a(lib_a-strlen.o)
                0x08000600                strlen
 .text          0x080006dc       0x30 d:/app/env-windows/tools/gnu_gcc/arm_gcc/mingw/bin/../lib/gcc/arm-none-eabi/10.3.1/thumb/v7e-m+fp/hard\libgcc.a(_aeabi_uldivmod.o)
                0x080006dc                __aeabi_uldivmod
 .text          0x0800070c      0x2d0 d:/app/env-windows/tools/gnu_gcc/arm_gcc/mingw/bin/../lib/gcc/arm-none-eabi/10.3.1/thumb/v7e-m+fp/hard\libgcc.a(_udivmoddi4.o)
                0x0800070c                __udivmoddi4
 .text          0x080009dc        0x4 d:/app/env-windows/tools/gnu_gcc/arm_gcc/mingw/bin/../lib/gcc/arm-none-eabi/10.3.1/thumb/v7e-m+fp/hard\libgcc.a(_dvmd_tls.o)
                0x080009dc                __aeabi_idiv0
                0x080009dc                __aeabi_ldiv0
 *(.text.*)
 .text.stm32_pin_get
                0x080009e0       0xbc C:\Users\CXJ\Desktop\Clock\Software_RT\bsp\libraries\HAL_Drivers\drivers\drv_gpio.o
 .text.stm32_pin_write
                0x08000a9c       0x52 C:\Users\CXJ\Desktop\Clock\Software_RT\bsp\libraries\HAL_Drivers\drivers\drv_gpio.o
 .text.stm32_pin_read
                0x08000aee       0x66 C:\Users\CXJ\Desktop\Clock\Software_RT\bsp\libraries\HAL_Drivers\drivers\drv_gpio.o
 .text.stm32_pin_mode
                0x08000b54       0xac C:\Users\CXJ\Desktop\Clock\Software_RT\bsp\libraries\HAL_Drivers\drivers\drv_gpio.o
 .text.bit2bitno
                0x08000c00       0x3c C:\Users\CXJ\Desktop\Clock\Software_RT\bsp\libraries\HAL_Drivers\drivers\drv_gpio.o
 .text.get_pin_irq_map
                0x08000c3c       0x34 C:\Users\CXJ\Desktop\Clock\Software_RT\bsp\libraries\HAL_Drivers\drivers\drv_gpio.o
 .text.stm32_pin_attach_irq
                0x08000c70      0x110 C:\Users\CXJ\Desktop\Clock\Software_RT\bsp\libraries\HAL_Drivers\drivers\drv_gpio.o
 .text.stm32_pin_dettach_irq
                0x08000d80       0xbc C:\Users\CXJ\Desktop\Clock\Software_RT\bsp\libraries\HAL_Drivers\drivers\drv_gpio.o
 .text.stm32_pin_irq_enable
                0x08000e3c      0x224 C:\Users\CXJ\Desktop\Clock\Software_RT\bsp\libraries\HAL_Drivers\drivers\drv_gpio.o
 .text.pin_irq_hdr
                0x08001060       0x40 C:\Users\CXJ\Desktop\Clock\Software_RT\bsp\libraries\HAL_Drivers\drivers\drv_gpio.o
 .text.HAL_GPIO_EXTI_Callback
                0x080010a0       0x22 C:\Users\CXJ\Desktop\Clock\Software_RT\bsp\libraries\HAL_Drivers\drivers\drv_gpio.o
                0x080010a0                HAL_GPIO_EXTI_Callback
 .text.EXTI0_IRQHandler
                0x080010c2       0x16 C:\Users\CXJ\Desktop\Clock\Software_RT\bsp\libraries\HAL_Drivers\drivers\drv_gpio.o
                0x080010c2                EXTI0_IRQHandler
 .text.EXTI1_IRQHandler
                0x080010d8       0x16 C:\Users\CXJ\Desktop\Clock\Software_RT\bsp\libraries\HAL_Drivers\drivers\drv_gpio.o
                0x080010d8                EXTI1_IRQHandler
 .text.EXTI2_IRQHandler
                0x080010ee       0x16 C:\Users\CXJ\Desktop\Clock\Software_RT\bsp\libraries\HAL_Drivers\drivers\drv_gpio.o
                0x080010ee                EXTI2_IRQHandler
 .text.EXTI3_IRQHandler
                0x08001104       0x16 C:\Users\CXJ\Desktop\Clock\Software_RT\bsp\libraries\HAL_Drivers\drivers\drv_gpio.o
                0x08001104                EXTI3_IRQHandler
 .text.EXTI4_IRQHandler
                0x0800111a       0x16 C:\Users\CXJ\Desktop\Clock\Software_RT\bsp\libraries\HAL_Drivers\drivers\drv_gpio.o
                0x0800111a                EXTI4_IRQHandler
 .text.EXTI9_5_IRQHandler
                0x08001130       0x32 C:\Users\CXJ\Desktop\Clock\Software_RT\bsp\libraries\HAL_Drivers\drivers\drv_gpio.o
                0x08001130                EXTI9_5_IRQHandler
 .text.EXTI15_10_IRQHandler
                0x08001162       0x40 C:\Users\CXJ\Desktop\Clock\Software_RT\bsp\libraries\HAL_Drivers\drivers\drv_gpio.o
                0x08001162                EXTI15_10_IRQHandler
 *fill*         0x080011a2        0x2 00000000
 .text.rt_hw_pin_init
                0x080011a4       0x88 C:\Users\CXJ\Desktop\Clock\Software_RT\bsp\libraries\HAL_Drivers\drivers\drv_gpio.o
                0x080011a4                rt_hw_pin_init
 .text.__NVIC_DisableIRQ
                0x0800122c       0x48 C:\Users\CXJ\Desktop\Clock\Software_RT\bsp\libraries\HAL_Drivers\drivers\drv_usart.o
 .text.stm32_uart_get_mask
                0x08001274       0x6e C:\Users\CXJ\Desktop\Clock\Software_RT\bsp\libraries\HAL_Drivers\drivers\drv_usart.o
                0x08001274                stm32_uart_get_mask
 *fill*         0x080012e2        0x2 00000000
 .text.stm32_configure
                0x080012e4      0x1c0 C:\Users\CXJ\Desktop\Clock\Software_RT\bsp\libraries\HAL_Drivers\drivers\drv_usart.o
 .text.stm32_control
                0x080014a4      0x210 C:\Users\CXJ\Desktop\Clock\Software_RT\bsp\libraries\HAL_Drivers\drivers\drv_usart.o
 .text.stm32_putc
                0x080016b4       0x78 C:\Users\CXJ\Desktop\Clock\Software_RT\bsp\libraries\HAL_Drivers\drivers\drv_usart.o
 .text.stm32_getc
                0x0800172c       0x5c C:\Users\CXJ\Desktop\Clock\Software_RT\bsp\libraries\HAL_Drivers\drivers\drv_usart.o
 .text.stm32_dma_transmit
                0x08001788       0x7c C:\Users\CXJ\Desktop\Clock\Software_RT\bsp\libraries\HAL_Drivers\drivers\drv_usart.o
 .text.dma_recv_isr
                0x08001804      0x100 C:\Users\CXJ\Desktop\Clock\Software_RT\bsp\libraries\HAL_Drivers\drivers\drv_usart.o
 .text.uart_isr
                0x08001904      0x184 C:\Users\CXJ\Desktop\Clock\Software_RT\bsp\libraries\HAL_Drivers\drivers\drv_usart.o
 .text.USART1_IRQHandler
                0x08001a88       0x1c C:\Users\CXJ\Desktop\Clock\Software_RT\bsp\libraries\HAL_Drivers\drivers\drv_usart.o
                0x08001a88                USART1_IRQHandler
 .text.stm32_uart_get_dma_config
                0x08001aa4       0x1c C:\Users\CXJ\Desktop\Clock\Software_RT\bsp\libraries\HAL_Drivers\drivers\drv_usart.o
 .text.stm32_dma_config
                0x08001ac0      0x1fc C:\Users\CXJ\Desktop\Clock\Software_RT\bsp\libraries\HAL_Drivers\drivers\drv_usart.o
 .text.HAL_UART_ErrorCallback
                0x08001cbc       0x30 C:\Users\CXJ\Desktop\Clock\Software_RT\bsp\libraries\HAL_Drivers\drivers\drv_usart.o
                0x08001cbc                HAL_UART_ErrorCallback
 .text.HAL_UART_RxCpltCallback
                0x08001cec       0x3c C:\Users\CXJ\Desktop\Clock\Software_RT\bsp\libraries\HAL_Drivers\drivers\drv_usart.o
                0x08001cec                HAL_UART_RxCpltCallback
 .text.HAL_UART_RxHalfCpltCallback
                0x08001d28       0x3c C:\Users\CXJ\Desktop\Clock\Software_RT\bsp\libraries\HAL_Drivers\drivers\drv_usart.o
                0x08001d28                HAL_UART_RxHalfCpltCallback
 .text._dma_tx_complete
                0x08001d64       0x58 C:\Users\CXJ\Desktop\Clock\Software_RT\bsp\libraries\HAL_Drivers\drivers\drv_usart.o
 .text.HAL_UART_TxCpltCallback
                0x08001dbc       0x3c C:\Users\CXJ\Desktop\Clock\Software_RT\bsp\libraries\HAL_Drivers\drivers\drv_usart.o
                0x08001dbc                HAL_UART_TxCpltCallback
 .text.rt_hw_usart_init
                0x08001df8      0x104 C:\Users\CXJ\Desktop\Clock\Software_RT\bsp\libraries\HAL_Drivers\drivers\drv_usart.o
                0x08001df8                rt_hw_usart_init
 .text.__NVIC_SetPriority
                0x08001efc       0x54 build\libraries\HAL_Drivers\drv_common.o
 .text.reboot   0x08001f50       0x18 build\libraries\HAL_Drivers\drv_common.o
 .text.rt_hw_systick_init
                0x08001f68       0x48 build\libraries\HAL_Drivers\drv_common.o
                0x08001f68                rt_hw_systick_init
 .text.SysTick_Handler
                0x08001fb0       0x28 build\libraries\HAL_Drivers\drv_common.o
                0x08001fb0                SysTick_Handler
 .text.HAL_GetTick
                0x08001fd8       0x24 build\libraries\HAL_Drivers\drv_common.o
                0x08001fd8                HAL_GetTick
 .text.HAL_IncTick
                0x08001ffc       0x24 build\libraries\HAL_Drivers\drv_common.o
                0x08001ffc                HAL_IncTick
 .text.HAL_InitTick
                0x08002020       0x16 build\libraries\HAL_Drivers\drv_common.o
                0x08002020                HAL_InitTick
 *fill*         0x08002036        0x2 00000000
 .text._Error_Handler
                0x08002038       0x30 build\libraries\HAL_Drivers\drv_common.o
                0x08002038                _Error_Handler
 .text.rt_hw_board_init
                0x08002068       0x38 build\libraries\HAL_Drivers\drv_common.o
                0x08002068                rt_hw_board_init
 .text.__libc_init_array
                0x080020a0        0xe build\kernel\components\libc\compilers\newlib\syscalls.o
                0x080020a0                __libc_init_array
 .text.__errno  0x080020ae        0xe build\kernel\components\libc\compilers\newlib\syscalls.o
                0x080020ae                __errno
 .text.rt_hw_atomic_load
                0x080020bc       0x3e build\kernel\libcpu\arm\common\atomic_arm.o
                0x080020bc                rt_hw_atomic_load
 .text.rt_hw_atomic_add
                0x080020fa       0x44 build\kernel\libcpu\arm\common\atomic_arm.o
                0x080020fa                rt_hw_atomic_add
 .text.rt_hw_atomic_sub
                0x0800213e       0x44 build\kernel\libcpu\arm\common\atomic_arm.o
                0x0800213e                rt_hw_atomic_sub
 *fill*         0x08002182        0x2 00000000
 .text.rt_hw_stack_init
                0x08002184       0x90 build\kernel\libcpu\arm\cortex-m4\cpuport.o
                0x08002184                rt_hw_stack_init
 .text.usage_fault_track
                0x08002214       0xc4 build\kernel\libcpu\arm\cortex-m4\cpuport.o
 .text.bus_fault_track
                0x080022d8       0xcc build\kernel\libcpu\arm\cortex-m4\cpuport.o
 .text.mem_manage_fault_track
                0x080023a4       0xb4 build\kernel\libcpu\arm\cortex-m4\cpuport.o
 .text.hard_fault_track
                0x08002458       0x78 build\kernel\libcpu\arm\cortex-m4\cpuport.o
 .text.rt_hw_hard_fault_exception
                0x080024d0      0x184 build\kernel\libcpu\arm\cortex-m4\cpuport.o
                0x080024d0                rt_hw_hard_fault_exception
 .text.rt_hw_cpu_reset
                0x08002654       0x1c build\kernel\libcpu\arm\cortex-m4\cpuport.o
                0x08002654                rt_hw_cpu_reset
 .text.__rt_ffs
                0x08002670       0x2a build\kernel\libcpu\arm\cortex-m4\cpuport.o
                0x08002670                __rt_ffs
 .text.main     0x0800269a       0x48 build\applications\main.o
                0x0800269a                main
 *fill*         0x080026e2        0x2 00000000
 .text.HAL_MspInit
                0x080026e4       0x48 build\board\CubeMX_Config\Src\stm32l4xx_hal_msp.o
                0x080026e4                HAL_MspInit
 .text.HAL_UART_MspInit
                0x0800272c       0xa8 build\board\CubeMX_Config\Src\stm32l4xx_hal_msp.o
                0x0800272c                HAL_UART_MspInit
 .text.HAL_UART_MspDeInit
                0x080027d4       0x3c build\board\CubeMX_Config\Src\stm32l4xx_hal_msp.o
                0x080027d4                HAL_UART_MspDeInit
 .text.SystemClock_Config
                0x08002810       0xb4 build\board\board.o
                0x08002810                SystemClock_Config
 .text.Reset_Handler
                0x080028c4       0x50 packages\stm32l4_cmsis_driver-latest\Source\Templates\gcc\startup_stm32l432xx.o
                0x080028c4                Reset_Handler
 .text.Default_Handler
                0x08002914        0x2 packages\stm32l4_cmsis_driver-latest\Source\Templates\gcc\startup_stm32l432xx.o
                0x08002914                RTC_Alarm_IRQHandler
                0x08002914                DebugMon_Handler
                0x08002914                TIM1_CC_IRQHandler
                0x08002914                TSC_IRQHandler
                0x08002914                TAMP_STAMP_IRQHandler
                0x08002914                NMI_Handler
                0x08002914                LPTIM2_IRQHandler
                0x08002914                I2C3_ER_IRQHandler
                0x08002914                CAN1_RX0_IRQHandler
                0x08002914                FPU_IRQHandler
                0x08002914                TIM1_UP_TIM16_IRQHandler
                0x08002914                UsageFault_Handler
                0x08002914                SPI1_IRQHandler
                0x08002914                TIM6_DAC_IRQHandler
                0x08002914                DMA2_Channel2_IRQHandler
                0x08002914                DMA1_Channel4_IRQHandler
                0x08002914                ADC1_IRQHandler
                0x08002914                DMA1_Channel7_IRQHandler
                0x08002914                CAN1_RX1_IRQHandler
                0x08002914                DMA2_Channel1_IRQHandler
                0x08002914                QUADSPI_IRQHandler
                0x08002914                I2C1_EV_IRQHandler
                0x08002914                DMA1_Channel6_IRQHandler
                0x08002914                DMA2_Channel4_IRQHandler
                0x08002914                RCC_IRQHandler
                0x08002914                TIM1_TRG_COM_IRQHandler
                0x08002914                DMA1_Channel1_IRQHandler
                0x08002914                Default_Handler
                0x08002914                DMA2_Channel7_IRQHandler
                0x08002914                TIM7_IRQHandler
                0x08002914                I2C3_EV_IRQHandler
                0x08002914                USB_IRQHandler
                0x08002914                RTC_WKUP_IRQHandler
                0x08002914                PVD_PVM_IRQHandler
                0x08002914                MemManage_Handler
                0x08002914                CAN1_TX_IRQHandler
                0x08002914                SVC_Handler
                0x08002914                DMA2_Channel5_IRQHandler
                0x08002914                CRS_IRQHandler
                0x08002914                DMA1_Channel5_IRQHandler
                0x08002914                RNG_IRQHandler
                0x08002914                DMA1_Channel3_IRQHandler
                0x08002914                COMP_IRQHandler
                0x08002914                WWDG_IRQHandler
                0x08002914                LPUART1_IRQHandler
                0x08002914                DMA2_Channel6_IRQHandler
                0x08002914                TIM2_IRQHandler
                0x08002914                USART2_IRQHandler
                0x08002914                DMA1_Channel2_IRQHandler
                0x08002914                CAN1_SCE_IRQHandler
                0x08002914                FLASH_IRQHandler
                0x08002914                BusFault_Handler
                0x08002914                SPI3_IRQHandler
                0x08002914                I2C1_ER_IRQHandler
                0x08002914                SWPMI1_IRQHandler
                0x08002914                LPTIM1_IRQHandler
                0x08002914                SAI1_IRQHandler
                0x08002914                DMA2_Channel3_IRQHandler
                0x08002914                TIM1_BRK_TIM15_IRQHandler
 *fill*         0x08002916        0x2 00000000
 .text.SystemInit
                0x08002918       0x24 packages\stm32l4_cmsis_driver-latest\Source\Templates\system_stm32l4xx.o
                0x08002918                SystemInit
 .text.SystemCoreClockUpdate
                0x0800293c      0x15c packages\stm32l4_cmsis_driver-latest\Source\Templates\system_stm32l4xx.o
                0x0800293c                SystemCoreClockUpdate
 .text.HAL_Init
                0x08002a98       0x30 packages\stm32l4_hal_driver-latest\Src\stm32l4xx_hal.o
                0x08002a98                HAL_Init
 .text.__NVIC_SetPriorityGrouping
                0x08002ac8       0x48 packages\stm32l4_hal_driver-latest\Src\stm32l4xx_hal_cortex.o
 .text.__NVIC_GetPriorityGrouping
                0x08002b10       0x1c packages\stm32l4_hal_driver-latest\Src\stm32l4xx_hal_cortex.o
 .text.__NVIC_EnableIRQ
                0x08002b2c       0x3c packages\stm32l4_hal_driver-latest\Src\stm32l4xx_hal_cortex.o
 .text.__NVIC_DisableIRQ
                0x08002b68       0x48 packages\stm32l4_hal_driver-latest\Src\stm32l4xx_hal_cortex.o
 .text.__NVIC_SetPriority
                0x08002bb0       0x54 packages\stm32l4_hal_driver-latest\Src\stm32l4xx_hal_cortex.o
 .text.NVIC_EncodePriority
                0x08002c04       0x66 packages\stm32l4_hal_driver-latest\Src\stm32l4xx_hal_cortex.o
 *fill*         0x08002c6a        0x2 00000000
 .text.SysTick_Config
                0x08002c6c       0x44 packages\stm32l4_hal_driver-latest\Src\stm32l4xx_hal_cortex.o
 .text.HAL_NVIC_SetPriorityGrouping
                0x08002cb0       0x16 packages\stm32l4_hal_driver-latest\Src\stm32l4xx_hal_cortex.o
                0x08002cb0                HAL_NVIC_SetPriorityGrouping
 .text.HAL_NVIC_SetPriority
                0x08002cc6       0x38 packages\stm32l4_hal_driver-latest\Src\stm32l4xx_hal_cortex.o
                0x08002cc6                HAL_NVIC_SetPriority
 .text.HAL_NVIC_EnableIRQ
                0x08002cfe       0x1c packages\stm32l4_hal_driver-latest\Src\stm32l4xx_hal_cortex.o
                0x08002cfe                HAL_NVIC_EnableIRQ
 .text.HAL_NVIC_DisableIRQ
                0x08002d1a       0x1c packages\stm32l4_hal_driver-latest\Src\stm32l4xx_hal_cortex.o
                0x08002d1a                HAL_NVIC_DisableIRQ
 .text.HAL_SYSTICK_Config
                0x08002d36       0x18 packages\stm32l4_hal_driver-latest\Src\stm32l4xx_hal_cortex.o
                0x08002d36                HAL_SYSTICK_Config
 *fill*         0x08002d4e        0x2 00000000
 .text.HAL_DMA_Init
                0x08002d50      0x170 packages\stm32l4_hal_driver-latest\Src\stm32l4xx_hal_dma.o
                0x08002d50                HAL_DMA_Init
 .text.HAL_DMA_DeInit
                0x08002ec0      0x124 packages\stm32l4_hal_driver-latest\Src\stm32l4xx_hal_dma.o
                0x08002ec0                HAL_DMA_DeInit
 .text.HAL_DMA_Start_IT
                0x08002fe4       0xc0 packages\stm32l4_hal_driver-latest\Src\stm32l4xx_hal_dma.o
                0x08002fe4                HAL_DMA_Start_IT
 .text.HAL_DMA_Abort
                0x080030a4       0x7c packages\stm32l4_hal_driver-latest\Src\stm32l4xx_hal_dma.o
                0x080030a4                HAL_DMA_Abort
 .text.HAL_DMA_Abort_IT
                0x08003120       0x82 packages\stm32l4_hal_driver-latest\Src\stm32l4xx_hal_dma.o
                0x08003120                HAL_DMA_Abort_IT
 .text.DMA_SetConfig
                0x080031a2       0x60 packages\stm32l4_hal_driver-latest\Src\stm32l4xx_hal_dma.o
 *fill*         0x08003202        0x2 00000000
 .text.HAL_GPIO_Init
                0x08003204      0x2d4 packages\stm32l4_hal_driver-latest\Src\stm32l4xx_hal_gpio.o
                0x08003204                HAL_GPIO_Init
 .text.HAL_GPIO_DeInit
                0x080034d8      0x194 packages\stm32l4_hal_driver-latest\Src\stm32l4xx_hal_gpio.o
                0x080034d8                HAL_GPIO_DeInit
 .text.HAL_GPIO_ReadPin
                0x0800366c       0x30 packages\stm32l4_hal_driver-latest\Src\stm32l4xx_hal_gpio.o
                0x0800366c                HAL_GPIO_ReadPin
 .text.HAL_GPIO_WritePin
                0x0800369c       0x30 packages\stm32l4_hal_driver-latest\Src\stm32l4xx_hal_gpio.o
                0x0800369c                HAL_GPIO_WritePin
 .text.HAL_GPIO_EXTI_IRQHandler
                0x080036cc       0x30 packages\stm32l4_hal_driver-latest\Src\stm32l4xx_hal_gpio.o
                0x080036cc                HAL_GPIO_EXTI_IRQHandler
 .text.HAL_PWREx_GetVoltageRange
                0x080036fc       0x1c packages\stm32l4_hal_driver-latest\Src\stm32l4xx_hal_pwr_ex.o
                0x080036fc                HAL_PWREx_GetVoltageRange
 .text.HAL_PWREx_ControlVoltageScaling
                0x08003718       0xac packages\stm32l4_hal_driver-latest\Src\stm32l4xx_hal_pwr_ex.o
                0x08003718                HAL_PWREx_ControlVoltageScaling
 .text.HAL_RCC_OscConfig
                0x080037c4      0x828 packages\stm32l4_hal_driver-latest\Src\stm32l4xx_hal_rcc.o
                0x080037c4                HAL_RCC_OscConfig
 .text.HAL_RCC_ClockConfig
                0x08003fec      0x200 packages\stm32l4_hal_driver-latest\Src\stm32l4xx_hal_rcc.o
                0x08003fec                HAL_RCC_ClockConfig
 .text.HAL_RCC_GetSysClockFreq
                0x080041ec      0x118 packages\stm32l4_hal_driver-latest\Src\stm32l4xx_hal_rcc.o
                0x080041ec                HAL_RCC_GetSysClockFreq
 .text.HAL_RCC_GetHCLKFreq
                0x08004304       0x18 packages\stm32l4_hal_driver-latest\Src\stm32l4xx_hal_rcc.o
                0x08004304                HAL_RCC_GetHCLKFreq
 .text.HAL_RCC_GetPCLK1Freq
                0x0800431c       0x2c packages\stm32l4_hal_driver-latest\Src\stm32l4xx_hal_rcc.o
                0x0800431c                HAL_RCC_GetPCLK1Freq
 .text.HAL_RCC_GetPCLK2Freq
                0x08004348       0x2c packages\stm32l4_hal_driver-latest\Src\stm32l4xx_hal_rcc.o
                0x08004348                HAL_RCC_GetPCLK2Freq
 .text.RCC_SetFlashLatencyFromMSIRange
                0x08004374       0xc0 packages\stm32l4_hal_driver-latest\Src\stm32l4xx_hal_rcc.o
 .text.HAL_RCCEx_PeriphCLKConfig
                0x08004434      0x3ec packages\stm32l4_hal_driver-latest\Src\stm32l4xx_hal_rcc_ex.o
                0x08004434                HAL_RCCEx_PeriphCLKConfig
 .text.RCCEx_PLLSAI1_Config
                0x08004820      0x1e4 packages\stm32l4_hal_driver-latest\Src\stm32l4xx_hal_rcc_ex.o
 .text.HAL_UART_Init
                0x08004a04       0x9c packages\stm32l4_hal_driver-latest\Src\stm32l4xx_hal_uart.o
                0x08004a04                HAL_UART_Init
 .text.HAL_UART_DeInit
                0x08004aa0       0x7a packages\stm32l4_hal_driver-latest\Src\stm32l4xx_hal_uart.o
                0x08004aa0                HAL_UART_DeInit
 *fill*         0x08004b1a        0x2 00000000
 .text.HAL_UART_Transmit_DMA
                0x08004b1c       0xf8 packages\stm32l4_hal_driver-latest\Src\stm32l4xx_hal_uart.o
                0x08004b1c                HAL_UART_Transmit_DMA
 .text.HAL_UART_Receive_DMA
                0x08004c14       0x98 packages\stm32l4_hal_driver-latest\Src\stm32l4xx_hal_uart.o
                0x08004c14                HAL_UART_Receive_DMA
 .text.HAL_UART_IRQHandler
                0x08004cac      0x5d4 packages\stm32l4_hal_driver-latest\Src\stm32l4xx_hal_uart.o
                0x08004cac                HAL_UART_IRQHandler
 .text.HAL_UART_TxHalfCpltCallback
                0x08005280       0x14 packages\stm32l4_hal_driver-latest\Src\stm32l4xx_hal_uart.o
                0x08005280                HAL_UART_TxHalfCpltCallback
 .text.HAL_UARTEx_RxEventCallback
                0x08005294       0x18 packages\stm32l4_hal_driver-latest\Src\stm32l4xx_hal_uart.o
                0x08005294                HAL_UARTEx_RxEventCallback
 .text.UART_SetConfig
                0x080052ac      0x458 packages\stm32l4_hal_driver-latest\Src\stm32l4xx_hal_uart.o
                0x080052ac                UART_SetConfig
 .text.UART_AdvFeatureConfig
                0x08005704      0x144 packages\stm32l4_hal_driver-latest\Src\stm32l4xx_hal_uart.o
                0x08005704                UART_AdvFeatureConfig
 .text.UART_CheckIdleState
                0x08005848      0x150 packages\stm32l4_hal_driver-latest\Src\stm32l4xx_hal_uart.o
                0x08005848                UART_CheckIdleState
 .text.UART_WaitOnFlagUntilTimeout
                0x08005998       0xda packages\stm32l4_hal_driver-latest\Src\stm32l4xx_hal_uart.o
                0x08005998                UART_WaitOnFlagUntilTimeout
 *fill*         0x08005a72        0x2 00000000
 .text.UART_Start_Receive_DMA
                0x08005a74      0x140 packages\stm32l4_hal_driver-latest\Src\stm32l4xx_hal_uart.o
                0x08005a74                UART_Start_Receive_DMA
 .text.UART_EndTxTransfer
                0x08005bb4       0x4c packages\stm32l4_hal_driver-latest\Src\stm32l4xx_hal_uart.o
 .text.UART_EndRxTransfer
                0x08005c00       0xc8 packages\stm32l4_hal_driver-latest\Src\stm32l4xx_hal_uart.o
 .text.UART_DMATransmitCplt
                0x08005cc8       0x9a packages\stm32l4_hal_driver-latest\Src\stm32l4xx_hal_uart.o
 .text.UART_DMATxHalfCplt
                0x08005d62       0x1c packages\stm32l4_hal_driver-latest\Src\stm32l4xx_hal_uart.o
 .text.UART_DMAReceiveCplt
                0x08005d7e      0x12c packages\stm32l4_hal_driver-latest\Src\stm32l4xx_hal_uart.o
 .text.UART_DMARxHalfCplt
                0x08005eaa       0x3e packages\stm32l4_hal_driver-latest\Src\stm32l4xx_hal_uart.o
 .text.UART_DMAError
                0x08005ee8       0x7e packages\stm32l4_hal_driver-latest\Src\stm32l4xx_hal_uart.o
 .text.UART_DMAAbortOnError
                0x08005f66       0x2c packages\stm32l4_hal_driver-latest\Src\stm32l4xx_hal_uart.o
 .text.UART_EndTransmit_IT
                0x08005f92       0x54 packages\stm32l4_hal_driver-latest\Src\stm32l4xx_hal_uart.o
 .text.HAL_UARTEx_WakeupCallback
                0x08005fe6       0x14 packages\stm32l4_hal_driver-latest\Src\stm32l4xx_hal_uart_ex.o
                0x08005fe6                HAL_UARTEx_WakeupCallback
 .text.rt_device_register
                0x08005ffa       0x54 build\kernel\components\drivers\core\device.o
                0x08005ffa                rt_device_register
 .text.rt_device_find
                0x0800604e       0x1a build\kernel\components\drivers\core\device.o
                0x0800604e                rt_device_find
 .text.rt_device_open
                0x08006068      0x150 build\kernel\components\drivers\core\device.o
                0x08006068                rt_device_open
 .text.rt_device_close
                0x080061b8       0x9c build\kernel\components\drivers\core\device.o
                0x080061b8                rt_device_close
 .text.rt_device_read
                0x08006254       0x88 build\kernel\components\drivers\core\device.o
                0x08006254                rt_device_read
 .text.rt_device_write
                0x080062dc       0x88 build\kernel\components\drivers\core\device.o
                0x080062dc                rt_device_write
 .text.rt_device_set_rx_indicate
                0x08006364       0x54 build\kernel\components\drivers\core\device.o
                0x08006364                rt_device_set_rx_indicate
 .text.rt_completion_done
                0x080063b8       0x1a build\kernel\components\drivers\ipc\completion_comm.o
                0x080063b8                rt_completion_done
 .text.rt_completion_wait
                0x080063d2       0x1e build\kernel\components\drivers\ipc\completion_comm.o
                0x080063d2                rt_completion_wait
 .text.rt_completion_init
                0x080063f0       0x30 build\kernel\components\drivers\ipc\completion_up.o
                0x080063f0                rt_completion_init
 .text.rt_completion_wait_flags
                0x08006420      0x19c build\kernel\components\drivers\ipc\completion_up.o
                0x08006420                rt_completion_wait_flags
 .text.rt_completion_wakeup_by_errno
                0x080065bc       0x98 build\kernel\components\drivers\ipc\completion_up.o
                0x080065bc                rt_completion_wakeup_by_errno
 .text.rt_list_init
                0x08006654       0x22 build\kernel\components\drivers\ipc\dataqueue.o
 *fill*         0x08006676        0x2 00000000
 .text.rt_data_queue_init
                0x08006678       0xc8 build\kernel\components\drivers\ipc\dataqueue.o
                0x08006678                rt_data_queue_init
 .text.rt_data_queue_push
                0x08006740      0x234 build\kernel\components\drivers\ipc\dataqueue.o
                0x08006740                rt_data_queue_push
 .text.rt_data_queue_pop
                0x08006974      0x294 build\kernel\components\drivers\ipc\dataqueue.o
                0x08006974                rt_data_queue_pop
 .text.rt_data_queue_peek
                0x08006c08       0xac build\kernel\components\drivers\ipc\dataqueue.o
                0x08006c08                rt_data_queue_peek
 .text.rt_data_queue_reset
                0x08006cb4       0xb8 build\kernel\components\drivers\ipc\dataqueue.o
                0x08006cb4                rt_data_queue_reset
 .text.rt_data_queue_deinit
                0x08006d6c       0x78 build\kernel\components\drivers\ipc\dataqueue.o
                0x08006d6c                rt_data_queue_deinit
 .text.rt_data_queue_len
                0x08006de4       0xcc build\kernel\components\drivers\ipc\dataqueue.o
                0x08006de4                rt_data_queue_len
 .text._pin_read
                0x08006eb0       0x60 build\kernel\components\drivers\pin\dev_pin.o
 .text._pin_write
                0x08006f10       0x5c build\kernel\components\drivers\pin\dev_pin.o
 .text._pin_control
                0x08006f6c       0x54 build\kernel\components\drivers\pin\dev_pin.o
 .text.rt_device_pin_register
                0x08006fc0       0x74 build\kernel\components\drivers\pin\dev_pin.o
                0x08006fc0                rt_device_pin_register
 .text.rt_pin_mode
                0x08007034       0x40 build\kernel\components\drivers\pin\dev_pin.o
                0x08007034                rt_pin_mode
 .text.rt_pin_write
                0x08007074       0x40 build\kernel\components\drivers\pin\dev_pin.o
                0x08007074                rt_pin_write
 .text.rt_pin_read
                0x080070b4       0x3c build\kernel\components\drivers\pin\dev_pin.o
                0x080070b4                rt_pin_read
 .text.rt_pin_get
                0x080070f0       0x4c build\kernel\components\drivers\pin\dev_pin.o
                0x080070f0                rt_pin_get
 .text._pin_cmd_conv
                0x0800713c       0x18 build\kernel\components\drivers\pin\dev_pin.o
 .text._pin_cmd_print_usage
                0x08007154       0x78 build\kernel\components\drivers\pin\dev_pin.o
 .text._pin_cmd_get
                0x080071cc       0x5c build\kernel\components\drivers\pin\dev_pin.o
 .text._pin_cmd_mode
                0x08007228      0x110 build\kernel\components\drivers\pin\dev_pin.o
 .text._pin_cmd_read
                0x08007338       0x94 build\kernel\components\drivers\pin\dev_pin.o
 .text._pin_cmd_write
                0x080073cc       0xe4 build\kernel\components\drivers\pin\dev_pin.o
 .text._pin_cmd
                0x080074b0       0xac build\kernel\components\drivers\pin\dev_pin.o
 .text._serial_poll_rx
                0x0800755c       0x80 build\kernel\components\drivers\serial\serial.o
 .text._serial_poll_tx
                0x080075dc       0x88 build\kernel\components\drivers\serial\serial.o
 .text._serial_int_rx
                0x08007664       0xec build\kernel\components\drivers\serial\serial.o
 .text._serial_int_tx
                0x08007750       0xc4 build\kernel\components\drivers\serial\serial.o
 .text._serial_check_buffer_size
                0x08007814       0x38 build\kernel\components\drivers\serial\serial.o
 .text._serial_fifo_calc_recved_len
                0x0800784c       0x88 build\kernel\components\drivers\serial\serial.o
 .text.rt_dma_calc_recved_len
                0x080078d4       0x18 build\kernel\components\drivers\serial\serial.o
 .text.rt_dma_recv_update_get_index
                0x080078ec       0xa8 build\kernel\components\drivers\serial\serial.o
 .text.rt_dma_recv_update_put_index
                0x08007994       0xf8 build\kernel\components\drivers\serial\serial.o
 .text._serial_dma_rx
                0x08007a8c      0x1ac build\kernel\components\drivers\serial\serial.o
 .text._serial_dma_tx
                0x08007c38       0x82 build\kernel\components\drivers\serial\serial.o
 *fill*         0x08007cba        0x2 00000000
 .text.rt_serial_init
                0x08007cbc       0x6c build\kernel\components\drivers\serial\serial.o
 .text.rt_serial_open
                0x08007d28      0x370 build\kernel\components\drivers\serial\serial.o
 .text.rt_serial_close
                0x08008098      0x1e0 build\kernel\components\drivers\serial\serial.o
 .text.rt_serial_read
                0x08008278       0x84 build\kernel\components\drivers\serial\serial.o
 .text.rt_serial_write
                0x080082fc       0x84 build\kernel\components\drivers\serial\serial.o
 .text.rt_serial_control
                0x08008380      0x120 build\kernel\components\drivers\serial\serial.o
 .text.rt_hw_serial_register
                0x080084a0       0xa4 build\kernel\components\drivers\serial\serial.o
                0x080084a0                rt_hw_serial_register
 .text.rt_hw_serial_isr
                0x08008544      0x298 build\kernel\components\drivers\serial\serial.o
                0x08008544                rt_hw_serial_isr
 .text.rt_list_isempty
                0x080087dc       0x24 build\kernel\components\finsh\cmd.o
 .text.rt_list_len
                0x08008800       0x36 build\kernel\components\finsh\cmd.o
 *fill*         0x08008836        0x2 00000000
 .text.clear    0x08008838       0x14 build\kernel\components\finsh\cmd.o
 .text.version  0x0800884c        0xe build\kernel\components\finsh\cmd.o
 *fill*         0x0800885a        0x2 00000000
 .text.object_split
                0x0800885c       0x28 build\kernel\components\finsh\cmd.o
 .text.list_find_init
                0x08008884       0x46 build\kernel\components\finsh\cmd.o
 .text.list_get_next
                0x080088ca       0xd8 build\kernel\components\finsh\cmd.o
 *fill*         0x080089a2        0x2 00000000
 .text.list_thread
                0x080089a4      0x264 build\kernel\components\finsh\cmd.o
                0x080089a4                list_thread
 .text.list_sem
                0x08008c08      0x13c build\kernel\components\finsh\cmd.o
                0x08008c08                list_sem
 .text.list_event
                0x08008d44      0x12c build\kernel\components\finsh\cmd.o
                0x08008d44                list_event
 .text.list_mutex
                0x08008e70      0x170 build\kernel\components\finsh\cmd.o
                0x08008e70                list_mutex
 .text.list_mailbox
                0x08008fe0      0x14c build\kernel\components\finsh\cmd.o
                0x08008fe0                list_mailbox
 .text.list_msgqueue
                0x0800912c      0x13c build\kernel\components\finsh\cmd.o
                0x0800912c                list_msgqueue
 .text.list_mempool
                0x08009268      0x154 build\kernel\components\finsh\cmd.o
                0x08009268                list_mempool
 .text.list_timer
                0x080093bc      0x13c build\kernel\components\finsh\cmd.o
                0x080093bc                list_timer
 .text.list_device
                0x080094f8      0x114 build\kernel\components\finsh\cmd.o
                0x080094f8                list_device
 .text.cmd_list
                0x0800960c       0xb8 build\kernel\components\finsh\cmd.o
 .text.msh_help
                0x080096c4       0x5c build\kernel\components\finsh\msh.o
 .text.cmd_ps   0x08009720       0x18 build\kernel\components\finsh\msh.o
 .text.cmd_free
                0x08009738       0x70 build\kernel\components\finsh\msh.o
 .text.msh_split
                0x080097a8      0x170 build\kernel\components\finsh\msh.o
 .text.msh_get_cmd
                0x08009918       0x64 build\kernel\components\finsh\msh.o
 .text._msh_exec_cmd
                0x0800997c       0xd4 build\kernel\components\finsh\msh.o
 .text.msh_exec
                0x08009a50       0xa4 build\kernel\components\finsh\msh.o
                0x08009a50                msh_exec
 .text.str_common
                0x08009af4       0x4a build\kernel\components\finsh\msh.o
 *fill*         0x08009b3e        0x2 00000000
 .text.msh_auto_complete
                0x08009b40       0xb0 build\kernel\components\finsh\msh.o
                0x08009b40                msh_auto_complete
 .text.msh_get_cmd_opt
                0x08009bf0       0x84 build\kernel\components\finsh\msh.o
 .text.msh_get_argc
                0x08009c74       0x5a build\kernel\components\finsh\msh.o
 *fill*         0x08009cce        0x2 00000000
 .text.msh_opt_complete
                0x08009cd0       0xac build\kernel\components\finsh\msh.o
 .text.msh_opt_help
                0x08009d7c       0x44 build\kernel\components\finsh\msh.o
 .text.msh_opt_auto_complete
                0x08009dc0       0x9a build\kernel\components\finsh\msh.o
                0x08009dc0                msh_opt_auto_complete
 .text.msh_cmd_opt_id_get
                0x08009e5a       0x5a build\kernel\components\finsh\msh.o
                0x08009e5a                msh_cmd_opt_id_get
 .text.msh_opt_list_dump
                0x08009eb4       0x40 build\kernel\components\finsh\msh.o
                0x08009eb4                msh_opt_list_dump
 .text.msh_isint
                0x08009ef4       0x6c build\kernel\components\finsh\msh_parse.o
                0x08009ef4                msh_isint
 .text.finsh_get_prompt
                0x08009f60       0x8c build\kernel\components\finsh\shell.o
                0x08009f60                finsh_get_prompt
 .text.finsh_set_prompt_mode
                0x08009fec       0x48 build\kernel\components\finsh\shell.o
                0x08009fec                finsh_set_prompt_mode
 .text.finsh_getchar
                0x0800a034       0x90 build\kernel\components\finsh\shell.o
                0x0800a034                finsh_getchar
 .text.finsh_rx_ind
                0x0800a0c4       0x3c build\kernel\components\finsh\shell.o
 .text.finsh_set_device
                0x0800a100       0xd8 build\kernel\components\finsh\shell.o
                0x0800a100                finsh_set_device
 .text.shell_auto_complete
                0x0800a1d8       0x3c build\kernel\components\finsh\shell.o
 .text.shell_handle_history
                0x0800a214       0x34 build\kernel\components\finsh\shell.o
 .text.shell_push_history
                0x0800a248      0x15e build\kernel\components\finsh\shell.o
 *fill*         0x0800a3a6        0x2 00000000
 .text.finsh_thread_entry
                0x0800a3a8      0x5e0 build\kernel\components\finsh\shell.o
 .text.finsh_system_function_init
                0x0800a988       0x2c build\kernel\components\finsh\shell.o
 .text.finsh_system_init
                0x0800a9b4       0x9c build\kernel\components\finsh\shell.o
                0x0800a9b4                finsh_system_init
 .text.rt_tick_get
                0x0800aa50       0x14 build\kernel\src\clock.o
                0x0800aa50                rt_tick_get
 .text.rt_tick_increase
                0x0800aa64       0x4c build\kernel\src\clock.o
                0x0800aa64                rt_tick_increase
 .text.rt_tick_from_millisecond
                0x0800aab0       0x78 build\kernel\src\clock.o
                0x0800aab0                rt_tick_from_millisecond
 .text.rti_start
                0x0800ab28       0x10 build\kernel\src\components.o
 .text.rti_board_start
                0x0800ab38       0x10 build\kernel\src\components.o
 .text.rti_board_end
                0x0800ab48       0x10 build\kernel\src\components.o
 .text.rti_end  0x0800ab58       0x10 build\kernel\src\components.o
 .text.rt_components_board_init
                0x0800ab68       0x34 build\kernel\src\components.o
                0x0800ab68                rt_components_board_init
 .text.rt_components_init
                0x0800ab9c       0x34 build\kernel\src\components.o
                0x0800ab9c                rt_components_init
 .text.entry    0x0800abd0        0xe build\kernel\src\components.o
                0x0800abd0                entry
 .text.main_thread_entry
                0x0800abde       0x18 build\kernel\src\components.o
 *fill*         0x0800abf6        0x2 00000000
 .text.rt_application_init
                0x0800abf8       0x4c build\kernel\src\components.o
                0x0800abf8                rt_application_init
 .text.rtthread_startup
                0x0800ac44       0x2e build\kernel\src\components.o
                0x0800ac44                rtthread_startup
 .text.rt_spin_lock_init
                0x0800ac72       0x14 build\kernel\src\cpu_up.o
                0x0800ac72                rt_spin_lock_init
 .text.rt_spin_lock
                0x0800ac86       0x14 build\kernel\src\cpu_up.o
                0x0800ac86                rt_spin_lock
 .text.rt_spin_unlock
                0x0800ac9a       0x1a build\kernel\src\cpu_up.o
                0x0800ac9a                rt_spin_unlock
 .text.rt_spin_lock_irqsave
                0x0800acb4       0x1c build\kernel\src\cpu_up.o
                0x0800acb4                rt_spin_lock_irqsave
 .text.rt_spin_unlock_irqrestore
                0x0800acd0       0x22 build\kernel\src\cpu_up.o
                0x0800acd0                rt_spin_unlock_irqrestore
 *fill*         0x0800acf2        0x2 00000000
 .text.rt_cpu_self
                0x0800acf4       0x14 build\kernel\src\cpu_up.o
                0x0800acf4                rt_cpu_self
 .text.rt_cpu_index
                0x0800ad08       0x24 build\kernel\src\cpu_up.o
                0x0800ad08                rt_cpu_index
 .text.rt_list_insert_after
                0x0800ad2c       0x32 build\kernel\src\idle.o
 .text.rt_list_remove
                0x0800ad5e       0x36 build\kernel\src\idle.o
 .text.rt_thread_defunct_enqueue
                0x0800ad94       0x34 build\kernel\src\idle.o
                0x0800ad94                rt_thread_defunct_enqueue
 .text.rt_thread_defunct_dequeue
                0x0800adc8       0x44 build\kernel\src\idle.o
                0x0800adc8                rt_thread_defunct_dequeue
 .text.rt_defunct_execute
                0x0800ae0c       0x5a build\kernel\src\idle.o
 *fill*         0x0800ae66        0x2 00000000
 .text.idle_thread_entry
                0x0800ae68       0x38 build\kernel\src\idle.o
 .text.rt_thread_idle_init
                0x0800aea0       0x98 build\kernel\src\idle.o
                0x0800aea0                rt_thread_idle_init
 .text.rt_list_init
                0x0800af38       0x22 build\kernel\src\ipc.o
 .text.rt_list_insert_after
                0x0800af5a       0x32 build\kernel\src\ipc.o
 .text.rt_list_insert_before
                0x0800af8c       0x32 build\kernel\src\ipc.o
 .text.rt_list_remove
                0x0800afbe       0x36 build\kernel\src\ipc.o
 .text.rt_list_isempty
                0x0800aff4       0x24 build\kernel\src\ipc.o
 .text._ipc_object_init
                0x0800b018       0x1c build\kernel\src\ipc.o
 .text.rt_susp_list_dequeue
                0x0800b034       0x78 build\kernel\src\ipc.o
                0x0800b034                rt_susp_list_dequeue
 .text.rt_susp_list_resume_all_irq
                0x0800b0ac       0x36 build\kernel\src\ipc.o
                0x0800b0ac                rt_susp_list_resume_all_irq
 *fill*         0x0800b0e2        0x2 00000000
 .text.rt_susp_list_enqueue
                0x0800b0e4       0xa8 build\kernel\src\ipc.o
                0x0800b0e4                rt_susp_list_enqueue
 .text.rt_susp_list_print
                0x0800b18c       0x64 build\kernel\src\ipc.o
                0x0800b18c                rt_susp_list_print
 .text._sem_object_init
                0x0800b1f0       0x46 build\kernel\src\ipc.o
 *fill*         0x0800b236        0x2 00000000
 .text.rt_sem_init
                0x0800b238       0x84 build\kernel\src\ipc.o
                0x0800b238                rt_sem_init
 .text._rt_sem_take
                0x0800b2bc      0x1a8 build\kernel\src\ipc.o
 .text.rt_sem_take
                0x0800b464       0x1e build\kernel\src\ipc.o
                0x0800b464                rt_sem_take
 *fill*         0x0800b482        0x2 00000000
 .text.rt_sem_release
                0x0800b484       0xd4 build\kernel\src\ipc.o
                0x0800b484                rt_sem_release
 .text._mutex_update_priority
                0x0800b558       0x42 build\kernel\src\ipc.o
 .text._thread_get_mutex_priority
                0x0800b59a       0x62 build\kernel\src\ipc.o
 .text._thread_update_priority
                0x0800b5fc       0xd0 build\kernel\src\ipc.o
 .text._check_and_update_prio
                0x0800b6cc       0x4e build\kernel\src\ipc.o
 *fill*         0x0800b71a        0x2 00000000
 .text.rt_mutex_init
                0x0800b71c       0x78 build\kernel\src\ipc.o
                0x0800b71c                rt_mutex_init
 .text._rt_mutex_take
                0x0800b794      0x368 build\kernel\src\ipc.o
 .text.rt_mutex_take
                0x0800bafc       0x1e build\kernel\src\ipc.o
                0x0800bafc                rt_mutex_take
 *fill*         0x0800bb1a        0x2 00000000
 .text.rt_mutex_release
                0x0800bb1c      0x214 build\kernel\src\ipc.o
                0x0800bb1c                rt_mutex_release
 .text.rt_interrupt_enter
                0x0800bd30       0x28 build\kernel\src\irq.o
                0x0800bd30                rt_interrupt_enter
 .text.rt_interrupt_leave
                0x0800bd58       0x28 build\kernel\src\irq.o
                0x0800bd58                rt_interrupt_leave
 .text.rt_interrupt_get_nest
                0x0800bd80       0x2c build\kernel\src\irq.o
                0x0800bd80                rt_interrupt_get_nest
 .text.divide   0x0800bdac       0x38 build\kernel\src\klibc\kstdio.o
 .text.skip_atoi
                0x0800bde4       0x46 build\kernel\src\klibc\kstdio.o
 *fill*         0x0800be2a        0x2 00000000
 .text.print_number
                0x0800be2c      0x344 build\kernel\src\klibc\kstdio.o
 .text.rt_vsnprintf
                0x0800c170      0x628 build\kernel\src\klibc\kstdio.o
                0x0800c170                rt_vsnprintf
 .text.rt_snprintf
                0x0800c798       0x34 build\kernel\src\klibc\kstdio.o
                0x0800c798                rt_snprintf
 .text.rt_strerror
                0x0800c7cc       0x5c build\kernel\src\klibc\kstdio.o
                0x0800c7cc                rt_strerror
 .text.rt_set_errno
                0x0800c828       0x44 build\kernel\src\klibc\kstdio.o
                0x0800c828                rt_set_errno
 .text._rt_errno
                0x0800c86c       0x38 build\kernel\src\klibc\kstdio.o
                0x0800c86c                _rt_errno
 .text.rt_memset
                0x0800c8a4       0xc8 build\kernel\src\klibc\kstring.o
                0x0800c8a4                rt_memset
 .text.rt_memcpy
                0x0800c96c       0xda build\kernel\src\klibc\kstring.o
                0x0800c96c                rt_memcpy
 .text.rt_memmove
                0x0800ca46       0x82 build\kernel\src\klibc\kstring.o
                0x0800ca46                rt_memmove
 .text.rt_strncpy
                0x0800cac8       0x64 build\kernel\src\klibc\kstring.o
                0x0800cac8                rt_strncpy
 .text.rt_strncmp
                0x0800cb2c       0x54 build\kernel\src\klibc\kstring.o
                0x0800cb2c                rt_strncmp
 .text.rt_strcmp
                0x0800cb80       0x44 build\kernel\src\klibc\kstring.o
                0x0800cb80                rt_strcmp
 .text.rt_strlen
                0x0800cbc4       0x32 build\kernel\src\klibc\kstring.o
                0x0800cbc4                rt_strlen
 *fill*         0x0800cbf6        0x2 00000000
 .text.rt_hw_backtrace_frame_get
                0x0800cbf8       0x3c build\kernel\src\kservice.o
                0x0800cbf8                rt_hw_backtrace_frame_get
 .text.rt_hw_backtrace_frame_unwind
                0x0800cc34       0x3c build\kernel\src\kservice.o
                0x0800cc34                rt_hw_backtrace_frame_unwind
 .text.rt_show_version
                0x0800cc70       0x4c build\kernel\src\kservice.o
                0x0800cc70                rt_show_version
 .text.rt_console_get_device
                0x0800ccbc       0x18 build\kernel\src\kservice.o
                0x0800ccbc                rt_console_get_device
 .text.rt_console_set_device
                0x0800ccd4       0x58 build\kernel\src\kservice.o
                0x0800ccd4                rt_console_set_device
 .text.rt_hw_console_output
                0x0800cd2c       0x14 build\kernel\src\kservice.o
                0x0800cd2c                rt_hw_console_output
 .text._kputs   0x0800cd40       0x34 build\kernel\src\kservice.o
 .text.rt_kprintf
                0x0800cd74       0x4c build\kernel\src\kservice.o
                0x0800cd74                rt_kprintf
 .text.rt_backtrace
                0x0800cdc0       0x44 build\kernel\src\kservice.o
                0x0800cdc0                rt_backtrace
 .text.rt_backtrace_frame
                0x0800ce04       0x5c build\kernel\src\kservice.o
                0x0800ce04                rt_backtrace_frame
 .text.rt_backtrace_thread
                0x0800ce60       0x42 build\kernel\src\kservice.o
                0x0800ce60                rt_backtrace_thread
 *fill*         0x0800cea2        0x2 00000000
 .text.cmd_backtrace
                0x0800cea4       0xb4 build\kernel\src\kservice.o
 .text._heap_lock_init
                0x0800cf58       0x1c build\kernel\src\kservice.o
 .text._heap_lock
                0x0800cf74       0x28 build\kernel\src\kservice.o
 .text._heap_unlock
                0x0800cf9c       0x40 build\kernel\src\kservice.o
 .text._smem_info
                0x0800cfdc       0x4c build\kernel\src\kservice.o
 .text.rt_system_heap_init_generic
                0x0800d028       0x64 build\kernel\src\kservice.o
                0x0800d028                rt_system_heap_init_generic
 .text.rt_system_heap_init
                0x0800d08c       0x1a build\kernel\src\kservice.o
                0x0800d08c                rt_system_heap_init
 *fill*         0x0800d0a6        0x2 00000000
 .text.rt_malloc
                0x0800d0a8       0x4c build\kernel\src\kservice.o
                0x0800d0a8                rt_malloc
 .text.rt_calloc
                0x0800d0f4       0x3c build\kernel\src\kservice.o
                0x0800d0f4                rt_calloc
 .text.rt_free  0x0800d130       0x44 build\kernel\src\kservice.o
                0x0800d130                rt_free
 .text.rt_memory_info
                0x0800d174       0x2a build\kernel\src\kservice.o
                0x0800d174                rt_memory_info
 *fill*         0x0800d19e        0x2 00000000
 .text.rt_assert_handler
                0x0800d1a0       0x50 build\kernel\src\kservice.o
                0x0800d1a0                rt_assert_handler
 .text.plug_holes
                0x0800d1f0       0xf8 build\kernel\src\mem.o
 .text.rt_smem_init
                0x0800d2e8      0x104 build\kernel\src\mem.o
                0x0800d2e8                rt_smem_init
 .text.rt_smem_alloc
                0x0800d3ec      0x268 build\kernel\src\mem.o
                0x0800d3ec                rt_smem_alloc
 .text.rt_smem_free
                0x0800d654      0x140 build\kernel\src\mem.o
                0x0800d654                rt_smem_free
 .text.rt_list_insert_after
                0x0800d794       0x32 build\kernel\src\object.o
 .text.rt_list_remove
                0x0800d7c6       0x36 build\kernel\src\object.o
 .text.rt_object_get_information
                0x0800d7fc       0x5c build\kernel\src\object.o
                0x0800d7fc                rt_object_get_information
 .text.rt_object_init
                0x0800d858       0xe0 build\kernel\src\object.o
                0x0800d858                rt_object_init
 .text.rt_object_detach
                0x0800d938       0x88 build\kernel\src\object.o
                0x0800d938                rt_object_detach
 .text.rt_object_allocate
                0x0800d9c0       0xd8 build\kernel\src\object.o
                0x0800d9c0                rt_object_allocate
 .text.rt_object_delete
                0x0800da98       0xa8 build\kernel\src\object.o
                0x0800da98                rt_object_delete
 .text.rt_object_is_systemobject
                0x0800db40       0x3c build\kernel\src\object.o
                0x0800db40                rt_object_is_systemobject
 .text.rt_object_get_type
                0x0800db7c       0x34 build\kernel\src\object.o
                0x0800db7c                rt_object_get_type
 .text.rt_object_for_each
                0x0800dbb0       0xc0 build\kernel\src\object.o
                0x0800dbb0                rt_object_for_each
 .text._match_name
                0x0800dc70       0x3a build\kernel\src\object.o
 *fill*         0x0800dcaa        0x2 00000000
 .text.rt_object_find
                0x0800dcac       0x64 build\kernel\src\object.o
                0x0800dcac                rt_object_find
 .text.rt_list_remove
                0x0800dd10       0x36 build\kernel\src\scheduler_comm.o
 .text.rt_sched_thread_init_ctx
                0x0800dd46       0x2a build\kernel\src\scheduler_comm.o
                0x0800dd46                rt_sched_thread_init_ctx
 .text.rt_sched_thread_timer_start
                0x0800dd70       0x24 build\kernel\src\scheduler_comm.o
                0x0800dd70                rt_sched_thread_timer_start
 .text.rt_sched_thread_timer_stop
                0x0800dd94       0x42 build\kernel\src\scheduler_comm.o
                0x0800dd94                rt_sched_thread_timer_stop
 .text.rt_sched_thread_get_stat
                0x0800ddd6       0x20 build\kernel\src\scheduler_comm.o
                0x0800ddd6                rt_sched_thread_get_stat
 .text.rt_sched_thread_get_curr_prio
                0x0800ddf6       0x1a build\kernel\src\scheduler_comm.o
                0x0800ddf6                rt_sched_thread_get_curr_prio
 .text.rt_sched_thread_get_init_prio
                0x0800de10       0x1a build\kernel\src\scheduler_comm.o
                0x0800de10                rt_sched_thread_get_init_prio
 .text.rt_sched_thread_is_suspended
                0x0800de2a       0x28 build\kernel\src\scheduler_comm.o
                0x0800de2a                rt_sched_thread_is_suspended
 .text.rt_sched_thread_close
                0x0800de52       0x1e build\kernel\src\scheduler_comm.o
                0x0800de52                rt_sched_thread_close
 .text.rt_sched_thread_yield
                0x0800de70       0x30 build\kernel\src\scheduler_comm.o
                0x0800de70                rt_sched_thread_yield
 .text.rt_sched_thread_ready
                0x0800dea0       0x5a build\kernel\src\scheduler_comm.o
                0x0800dea0                rt_sched_thread_ready
 .text.rt_sched_tick_increase
                0x0800defa       0x60 build\kernel\src\scheduler_comm.o
                0x0800defa                rt_sched_tick_increase
 *fill*         0x0800df5a        0x2 00000000
 .text.rt_sched_thread_change_priority
                0x0800df5c       0x88 build\kernel\src\scheduler_comm.o
                0x0800df5c                rt_sched_thread_change_priority
 .text.rt_scheduler_stack_check
                0x0800dfe4       0xb4 build\kernel\src\scheduler_comm.o
                0x0800dfe4                rt_scheduler_stack_check
 .text.rt_list_init
                0x0800e098       0x22 build\kernel\src\scheduler_up.o
 .text.rt_list_insert_after
                0x0800e0ba       0x32 build\kernel\src\scheduler_up.o
 .text.rt_list_insert_before
                0x0800e0ec       0x32 build\kernel\src\scheduler_up.o
 .text.rt_list_remove
                0x0800e11e       0x36 build\kernel\src\scheduler_up.o
 .text.rt_list_isempty
                0x0800e154       0x24 build\kernel\src\scheduler_up.o
 .text._scheduler_get_highest_priority_thread
                0x0800e178       0x3c build\kernel\src\scheduler_up.o
 .text.rt_sched_lock
                0x0800e1b4       0x2a build\kernel\src\scheduler_up.o
                0x0800e1b4                rt_sched_lock
 .text.rt_sched_unlock
                0x0800e1de       0x1a build\kernel\src\scheduler_up.o
                0x0800e1de                rt_sched_unlock
 .text.rt_sched_unlock_n_resched
                0x0800e1f8       0x28 build\kernel\src\scheduler_up.o
                0x0800e1f8                rt_sched_unlock_n_resched
 .text.rt_system_scheduler_init
                0x0800e220       0x48 build\kernel\src\scheduler_up.o
                0x0800e220                rt_system_scheduler_init
 .text.rt_system_scheduler_start
                0x0800e268       0x3a build\kernel\src\scheduler_up.o
                0x0800e268                rt_system_scheduler_start
 *fill*         0x0800e2a2        0x2 00000000
 .text.rt_schedule
                0x0800e2a4      0x194 build\kernel\src\scheduler_up.o
                0x0800e2a4                rt_schedule
 .text.rt_sched_thread_startup
                0x0800e438       0x2e build\kernel\src\scheduler_up.o
                0x0800e438                rt_sched_thread_startup
 *fill*         0x0800e466        0x2 00000000
 .text.rt_sched_thread_init_priv
                0x0800e468       0x5c build\kernel\src\scheduler_up.o
                0x0800e468                rt_sched_thread_init_priv
 .text.rt_sched_insert_thread
                0x0800e4c4       0xd4 build\kernel\src\scheduler_up.o
                0x0800e4c4                rt_sched_insert_thread
 .text.rt_sched_remove_thread
                0x0800e598       0x70 build\kernel\src\scheduler_up.o
                0x0800e598                rt_sched_remove_thread
 .text.rt_exit_critical_safe
                0x0800e608       0x14 build\kernel\src\scheduler_up.o
                0x0800e608                rt_exit_critical_safe
 .text.rt_enter_critical
                0x0800e61c       0x3c build\kernel\src\scheduler_up.o
                0x0800e61c                rt_enter_critical
 .text.rt_exit_critical
                0x0800e658       0x58 build\kernel\src\scheduler_up.o
                0x0800e658                rt_exit_critical
 .text.rt_critical_level
                0x0800e6b0       0x1c build\kernel\src\scheduler_up.o
                0x0800e6b0                rt_critical_level
 .text.rt_list_init
                0x0800e6cc       0x22 build\kernel\src\thread.o
 .text.rt_list_remove
                0x0800e6ee       0x36 build\kernel\src\thread.o
 .text._thread_exit
                0x0800e724       0x30 build\kernel\src\thread.o
 .text._thread_timeout
                0x0800e754       0x8c build\kernel\src\thread.o
 .text._thread_init
                0x0800e7e0       0xd0 build\kernel\src\thread.o
 .text.rt_thread_init
                0x0800e8b0       0x88 build\kernel\src\thread.o
                0x0800e8b0                rt_thread_init
 .text.rt_thread_self
                0x0800e938       0x10 build\kernel\src\thread.o
                0x0800e938                rt_thread_self
 .text.rt_thread_startup
                0x0800e948       0x74 build\kernel\src\thread.o
                0x0800e948                rt_thread_startup
 .text.rt_thread_close
                0x0800e9bc       0x7c build\kernel\src\thread.o
                0x0800e9bc                rt_thread_close
 .text.rt_thread_create
                0x0800ea38       0x7c build\kernel\src\thread.o
                0x0800ea38                rt_thread_create
 .text._thread_sleep
                0x0800eab4      0x124 build\kernel\src\thread.o
 .text.rt_thread_mdelay
                0x0800ebd8       0x20 build\kernel\src\thread.o
                0x0800ebd8                rt_thread_mdelay
 .text._thread_set_suspend_state
                0x0800ebf8       0x8c build\kernel\src\thread.o
 .text.rt_thread_suspend_to_list
                0x0800ec84       0xf8 build\kernel\src\thread.o
                0x0800ec84                rt_thread_suspend_to_list
 .text.rt_thread_suspend_with_flag
                0x0800ed7c       0x20 build\kernel\src\thread.o
                0x0800ed7c                rt_thread_suspend_with_flag
 .text.rt_thread_resume
                0x0800ed9c       0x94 build\kernel\src\thread.o
                0x0800ed9c                rt_thread_resume
 .text.rt_list_init
                0x0800ee30       0x22 build\kernel\src\timer.o
 .text.rt_list_insert_after
                0x0800ee52       0x32 build\kernel\src\timer.o
 .text.rt_list_remove
                0x0800ee84       0x36 build\kernel\src\timer.o
 .text.rt_list_isempty
                0x0800eeba       0x24 build\kernel\src\timer.o
 *fill*         0x0800eede        0x2 00000000
 .text._timerlock_idx
                0x0800eee0       0x1c build\kernel\src\timer.o
 .text._timer_init
                0x0800eefc       0x6a build\kernel\src\timer.o
 .text._timer_remove
                0x0800ef66       0x36 build\kernel\src\timer.o
 .text.rt_timer_init
                0x0800ef9c       0x7c build\kernel\src\timer.o
                0x0800ef9c                rt_timer_init
 .text.rt_timer_detach
                0x0800f018       0x9c build\kernel\src\timer.o
                0x0800f018                rt_timer_detach
 .text._timer_start
                0x0800f0b4      0x17c build\kernel\src\timer.o
 .text._timer_check
                0x0800f230      0x124 build\kernel\src\timer.o
 .text.rt_timer_start
                0x0800f354       0xcc build\kernel\src\timer.o
                0x0800f354                rt_timer_start
 .text.rt_timer_stop
                0x0800f420       0xa8 build\kernel\src\timer.o
                0x0800f420                rt_timer_stop
 .text.rt_timer_control
                0x0800f4c8      0x158 build\kernel\src\timer.o
                0x0800f4c8                rt_timer_control
 .text.rt_timer_check
                0x0800f620       0x38 build\kernel\src\timer.o
                0x0800f620                rt_timer_check
 .text.rt_system_timer_init
                0x0800f658       0x3c build\kernel\src\timer.o
                0x0800f658                rt_system_timer_init
 .text.rt_system_timer_thread_init
                0x0800f694        0xe build\kernel\src\timer.o
                0x0800f694                rt_system_timer_thread_init
 *fill*         0x0800f6a2        0x2 00000000
 .text.atoi     0x0800f6a4        0x8 d:/app/env-windows/tools/gnu_gcc/arm_gcc/mingw/bin/../lib/gcc/arm-none-eabi/10.3.1/../../../../arm-none-eabi/lib/thumb/v7e-m+fp/hard\libc.a(lib_a-atoi.o)
                0x0800f6a4                atoi
 .text.memcmp   0x0800f6ac       0x64 d:/app/env-windows/tools/gnu_gcc/arm_gcc/mingw/bin/../lib/gcc/arm-none-eabi/10.3.1/../../../../arm-none-eabi/lib/thumb/v7e-m+fp/hard\libc.a(lib_a-memcmp.o)
                0x0800f6ac                memcmp
 .text.memset   0x0800f710       0xa4 d:/app/env-windows/tools/gnu_gcc/arm_gcc/mingw/bin/../lib/gcc/arm-none-eabi/10.3.1/../../../../arm-none-eabi/lib/thumb/v7e-m+fp/hard\libc.a(lib_a-memset.o)
                0x0800f710                memset
 .text.strchr   0x0800f7b4       0xcc d:/app/env-windows/tools/gnu_gcc/arm_gcc/mingw/bin/../lib/gcc/arm-none-eabi/10.3.1/../../../../arm-none-eabi/lib/thumb/v7e-m+fp/hard\libc.a(lib_a-strchr.o)
                0x0800f7b4                strchr
 .text.strncmp  0x0800f880       0x80 d:/app/env-windows/tools/gnu_gcc/arm_gcc/mingw/bin/../lib/gcc/arm-none-eabi/10.3.1/../../../../arm-none-eabi/lib/thumb/v7e-m+fp/hard\libc.a(lib_a-strncmp.o)
                0x0800f880                strncmp
 .text.strncpy  0x0800f900       0x64 d:/app/env-windows/tools/gnu_gcc/arm_gcc/mingw/bin/../lib/gcc/arm-none-eabi/10.3.1/../../../../arm-none-eabi/lib/thumb/v7e-m+fp/hard\libc.a(lib_a-strncpy.o)
                0x0800f900                strncpy
 .text._strtol_l.part.0
                0x0800f964      0x120 d:/app/env-windows/tools/gnu_gcc/arm_gcc/mingw/bin/../lib/gcc/arm-none-eabi/10.3.1/../../../../arm-none-eabi/lib/thumb/v7e-m+fp/hard\libc.a(lib_a-strtol.o)
 .text.strtol   0x0800fa84       0x2c d:/app/env-windows/tools/gnu_gcc/arm_gcc/mingw/bin/../lib/gcc/arm-none-eabi/10.3.1/../../../../arm-none-eabi/lib/thumb/v7e-m+fp/hard\libc.a(lib_a-strtol.o)
                0x0800fa84                strtol
 .text._strtoul_l.constprop.0
                0x0800fab0      0x13c d:/app/env-windows/tools/gnu_gcc/arm_gcc/mingw/bin/../lib/gcc/arm-none-eabi/10.3.1/../../../../arm-none-eabi/lib/thumb/v7e-m+fp/hard\libc.a(lib_a-strtoul.o)
 .text.strtoul  0x0800fbec       0x1c d:/app/env-windows/tools/gnu_gcc/arm_gcc/mingw/bin/../lib/gcc/arm-none-eabi/10.3.1/../../../../arm-none-eabi/lib/thumb/v7e-m+fp/hard\libc.a(lib_a-strtoul.o)
                0x0800fbec                strtoul
 .text.startup.register_fini
                0x0800fc08       0x14 d:/app/env-windows/tools/gnu_gcc/arm_gcc/mingw/bin/../lib/gcc/arm-none-eabi/10.3.1/../../../../arm-none-eabi/lib/thumb/v7e-m+fp/hard\libc.a(lib_a-__call_atexit.o)
 .text.atexit   0x0800fc1c        0xc d:/app/env-windows/tools/gnu_gcc/arm_gcc/mingw/bin/../lib/gcc/arm-none-eabi/10.3.1/../../../../arm-none-eabi/lib/thumb/v7e-m+fp/hard\libc.a(lib_a-atexit.o)
                0x0800fc1c                atexit
 .text.__libc_fini_array
                0x0800fc28       0x2c d:/app/env-windows/tools/gnu_gcc/arm_gcc/mingw/bin/../lib/gcc/arm-none-eabi/10.3.1/../../../../arm-none-eabi/lib/thumb/v7e-m+fp/hard\libc.a(lib_a-fini.o)
                0x0800fc28                __libc_fini_array
 .text.__retarget_lock_acquire_recursive
                0x0800fc54        0x4 d:/app/env-windows/tools/gnu_gcc/arm_gcc/mingw/bin/../lib/gcc/arm-none-eabi/10.3.1/../../../../arm-none-eabi/lib/thumb/v7e-m+fp/hard\libc.a(lib_a-lock.o)
                0x0800fc54                __retarget_lock_acquire_recursive
 .text.__retarget_lock_release_recursive
                0x0800fc58        0x4 d:/app/env-windows/tools/gnu_gcc/arm_gcc/mingw/bin/../lib/gcc/arm-none-eabi/10.3.1/../../../../arm-none-eabi/lib/thumb/v7e-m+fp/hard\libc.a(lib_a-lock.o)
                0x0800fc58                __retarget_lock_release_recursive
 .text.__register_exitproc
                0x0800fc5c       0x8c d:/app/env-windows/tools/gnu_gcc/arm_gcc/mingw/bin/../lib/gcc/arm-none-eabi/10.3.1/../../../../arm-none-eabi/lib/thumb/v7e-m+fp/hard\libc.a(lib_a-__atexit.o)
                0x0800fc5c                __register_exitproc
 *(.rodata)
 .rodata        0x0800fce8       0x24 C:\Users\CXJ\Desktop\Clock\Software_RT\bsp\libraries\HAL_Drivers\drivers\drv_gpio.o
 .rodata        0x0800fd0c       0xac C:\Users\CXJ\Desktop\Clock\Software_RT\bsp\libraries\HAL_Drivers\drivers\drv_usart.o
 .rodata        0x0800fdb8       0x46 build\libraries\HAL_Drivers\drv_common.o
 *fill*         0x0800fdfe        0x2 00000000
 .rodata        0x0800fe00      0x2ba build\kernel\libcpu\arm\cortex-m4\cpuport.o
 *fill*         0x080100ba        0x2 00000000
 .rodata        0x080100bc        0xe build\board\board.o
 *fill*         0x080100ca        0x2 00000000
 .rodata        0x080100cc      0x114 build\kernel\components\drivers\core\device.o
 .rodata        0x080101e0       0xe5 build\kernel\components\drivers\ipc\completion_up.o
 *fill*         0x080102c5        0x3 00000000
 .rodata        0x080102c8       0xf4 build\kernel\components\drivers\ipc\dataqueue.o
 .rodata        0x080103bc      0x2a2 build\kernel\components\drivers\pin\dev_pin.o
 *fill*         0x0801065e        0x2 00000000
 .rodata        0x08010660      0x1a2 build\kernel\components\drivers\serial\serial.o
 *fill*         0x08010802        0x2 00000000
 .rodata        0x08010804      0x7b0 build\kernel\components\finsh\cmd.o
 .rodata        0x08010fb4       0xe0 build\kernel\components\finsh\msh.o
 .rodata        0x08011094       0x8d build\kernel\components\finsh\shell.o
 *fill*         0x08011121        0x3 00000000
 .rodata        0x08011124       0x1c build\kernel\src\clock.o
 .rodata        0x08011140       0x17 build\kernel\src\components.o
 *fill*         0x08011157        0x1 00000000
 .rodata        0x08011158        0x8 build\kernel\src\idle.o
 .rodata        0x08011160      0x5a2 build\kernel\src\ipc.o
 *fill*         0x08011702        0x2 00000000
 .rodata        0x08011704       0x88 build\kernel\src\klibc\kstdio.o
 .rodata        0x0801178c      0x3ef build\kernel\src\kservice.o
 *fill*         0x08011b7b        0x1 00000000
 .rodata        0x08011b7c      0x41b build\kernel\src\mem.o
 *fill*         0x08011f97        0x1 00000000
 .rodata        0x08011f98       0x91 build\kernel\src\object.o
 *fill*         0x08012029        0x3 00000000
 .rodata        0x0801202c       0xc1 build\kernel\src\scheduler_comm.o
 *fill*         0x080120ed        0x3 00000000
 .rodata        0x080120f0       0x36 build\kernel\src\scheduler_up.o
 *fill*         0x08012126        0x2 00000000
 .rodata        0x08012128      0x243 build\kernel\src\thread.o
 *fill*         0x0801236b        0x1 00000000
 .rodata        0x0801236c      0x164 build\kernel\src\timer.o
 *(.rodata*)
 .rodata.pin_irq_map
                0x080124d0       0x40 C:\Users\CXJ\Desktop\Clock\Software_RT\bsp\libraries\HAL_Drivers\drivers\drv_gpio.o
 .rodata._stm32_pin_ops
                0x08012510       0x1c C:\Users\CXJ\Desktop\Clock\Software_RT\bsp\libraries\HAL_Drivers\drivers\drv_gpio.o
 .rodata.stm32_uart_ops
                0x0801252c       0x14 C:\Users\CXJ\Desktop\Clock\Software_RT\bsp\libraries\HAL_Drivers\drivers\drv_usart.o
 .rodata.__FUNCTION__.13
                0x08012540       0x10 C:\Users\CXJ\Desktop\Clock\Software_RT\bsp\libraries\HAL_Drivers\drivers\drv_usart.o
 .rodata.__FUNCTION__.12
                0x08012550        0xe C:\Users\CXJ\Desktop\Clock\Software_RT\bsp\libraries\HAL_Drivers\drivers\drv_usart.o
 *fill*         0x0801255e        0x2 00000000
 .rodata.__FUNCTION__.11
                0x08012560        0xb C:\Users\CXJ\Desktop\Clock\Software_RT\bsp\libraries\HAL_Drivers\drivers\drv_usart.o
 *fill*         0x0801256b        0x1 00000000
 .rodata.__FUNCTION__.10
                0x0801256c        0xb C:\Users\CXJ\Desktop\Clock\Software_RT\bsp\libraries\HAL_Drivers\drivers\drv_usart.o
 *fill*         0x08012577        0x1 00000000
 .rodata.__FUNCTION__.9
                0x08012578       0x13 C:\Users\CXJ\Desktop\Clock\Software_RT\bsp\libraries\HAL_Drivers\drivers\drv_usart.o
 *fill*         0x0801258b        0x1 00000000
 .rodata.__FUNCTION__.8
                0x0801258c        0xd C:\Users\CXJ\Desktop\Clock\Software_RT\bsp\libraries\HAL_Drivers\drivers\drv_usart.o
 *fill*         0x08012599        0x3 00000000
 .rodata.__FUNCTION__.7
                0x0801259c        0x9 C:\Users\CXJ\Desktop\Clock\Software_RT\bsp\libraries\HAL_Drivers\drivers\drv_usart.o
 *fill*         0x080125a5        0x3 00000000
 .rodata.__FUNCTION__.6
                0x080125a8       0x11 C:\Users\CXJ\Desktop\Clock\Software_RT\bsp\libraries\HAL_Drivers\drivers\drv_usart.o
 *fill*         0x080125b9        0x3 00000000
 .rodata.__FUNCTION__.5
                0x080125bc       0x17 C:\Users\CXJ\Desktop\Clock\Software_RT\bsp\libraries\HAL_Drivers\drivers\drv_usart.o
 *fill*         0x080125d3        0x1 00000000
 .rodata.__FUNCTION__.4
                0x080125d4       0x18 C:\Users\CXJ\Desktop\Clock\Software_RT\bsp\libraries\HAL_Drivers\drivers\drv_usart.o
 .rodata.__FUNCTION__.3
                0x080125ec       0x1c C:\Users\CXJ\Desktop\Clock\Software_RT\bsp\libraries\HAL_Drivers\drivers\drv_usart.o
 .rodata.__FUNCTION__.2
                0x08012608       0x11 C:\Users\CXJ\Desktop\Clock\Software_RT\bsp\libraries\HAL_Drivers\drivers\drv_usart.o
 *fill*         0x08012619        0x3 00000000
 .rodata.__FUNCTION__.1
                0x0801261c       0x18 C:\Users\CXJ\Desktop\Clock\Software_RT\bsp\libraries\HAL_Drivers\drivers\drv_usart.o
 .rodata.__FUNCTION__.0
                0x08012634       0x11 C:\Users\CXJ\Desktop\Clock\Software_RT\bsp\libraries\HAL_Drivers\drivers\drv_usart.o
 *fill*         0x08012645        0x3 00000000
 .rodata.name   0x08012648       0x16 build\libraries\HAL_Drivers\drv_common.o
                0x08012648                __fsym_reboot_name
                0x08012650                __fsym_reboot_desc
 *fill*         0x0801265e        0x2 00000000
 .rodata.AHBPrescTable
                0x08012660       0x10 packages\stm32l4_cmsis_driver-latest\Source\Templates\system_stm32l4xx.o
                0x08012660                AHBPrescTable
 .rodata.APBPrescTable
                0x08012670        0x8 packages\stm32l4_cmsis_driver-latest\Source\Templates\system_stm32l4xx.o
                0x08012670                APBPrescTable
 .rodata.MSIRangeTable
                0x08012678       0x30 packages\stm32l4_cmsis_driver-latest\Source\Templates\system_stm32l4xx.o
                0x08012678                MSIRangeTable
 .rodata.__FUNCTION__.6
                0x080126a8        0xf build\kernel\components\drivers\core\device.o
 *fill*         0x080126b7        0x1 00000000
 .rodata.__FUNCTION__.5
                0x080126b8       0x10 build\kernel\components\drivers\core\device.o
 .rodata.__FUNCTION__.4
                0x080126c8        0xf build\kernel\components\drivers\core\device.o
 *fill*         0x080126d7        0x1 00000000
 .rodata.__FUNCTION__.3
                0x080126d8       0x10 build\kernel\components\drivers\core\device.o
 .rodata.__FUNCTION__.1
                0x080126e8       0x1a build\kernel\components\drivers\core\device.o
 *fill*         0x08012702        0x2 00000000
 .rodata.__FUNCTION__.2
                0x08012704       0x13 build\kernel\components\drivers\ipc\completion_up.o
 *fill*         0x08012717        0x1 00000000
 .rodata.__FUNCTION__.1
                0x08012718       0x19 build\kernel\components\drivers\ipc\completion_up.o
 *fill*         0x08012731        0x3 00000000
 .rodata.__FUNCTION__.0
                0x08012734       0x1e build\kernel\components\drivers\ipc\completion_up.o
 *fill*         0x08012752        0x2 00000000
 .rodata.__FUNCTION__.6
                0x08012754       0x13 build\kernel\components\drivers\ipc\dataqueue.o
 *fill*         0x08012767        0x1 00000000
 .rodata.__FUNCTION__.5
                0x08012768       0x13 build\kernel\components\drivers\ipc\dataqueue.o
 *fill*         0x0801277b        0x1 00000000
 .rodata.__FUNCTION__.4
                0x0801277c       0x12 build\kernel\components\drivers\ipc\dataqueue.o
 *fill*         0x0801278e        0x2 00000000
 .rodata.__FUNCTION__.3
                0x08012790       0x13 build\kernel\components\drivers\ipc\dataqueue.o
 *fill*         0x080127a3        0x1 00000000
 .rodata.__FUNCTION__.2
                0x080127a4       0x14 build\kernel\components\drivers\ipc\dataqueue.o
 .rodata.__FUNCTION__.1
                0x080127b8       0x15 build\kernel\components\drivers\ipc\dataqueue.o
 *fill*         0x080127cd        0x3 00000000
 .rodata.__FUNCTION__.0
                0x080127d0       0x12 build\kernel\components\drivers\ipc\dataqueue.o
 *fill*         0x080127e2        0x2 00000000
 .rodata.name   0x080127e4       0x11 build\kernel\components\drivers\pin\dev_pin.o
                0x080127e4                __fsym_pin_name
                0x080127e8                __fsym_pin_desc
 *fill*         0x080127f5        0x3 00000000
 .rodata.__FUNCTION__.9
                0x080127f8        0xa build\kernel\components\drivers\pin\dev_pin.o
 *fill*         0x08012802        0x2 00000000
 .rodata.__FUNCTION__.8
                0x08012804        0xb build\kernel\components\drivers\pin\dev_pin.o
 *fill*         0x0801280f        0x1 00000000
 .rodata.__FUNCTION__.7
                0x08012810        0xd build\kernel\components\drivers\pin\dev_pin.o
 *fill*         0x0801281d        0x3 00000000
 .rodata.__FUNCTION__.3
                0x08012820        0xc build\kernel\components\drivers\pin\dev_pin.o
 .rodata.__FUNCTION__.2
                0x0801282c        0xd build\kernel\components\drivers\pin\dev_pin.o
 *fill*         0x08012839        0x3 00000000
 .rodata.__FUNCTION__.1
                0x0801283c        0xc build\kernel\components\drivers\pin\dev_pin.o
 .rodata.__FUNCTION__.0
                0x08012848        0xb build\kernel\components\drivers\pin\dev_pin.o
 *fill*         0x08012853        0x1 00000000
 .rodata.__FUNCTION__.15
                0x08012854       0x1d build\kernel\components\drivers\serial\serial.o
 *fill*         0x08012871        0x3 00000000
 .rodata.__FUNCTION__.14
                0x08012874       0x1d build\kernel\components\drivers\serial\serial.o
 *fill*         0x08012891        0x3 00000000
 .rodata.__FUNCTION__.13
                0x08012894       0x1d build\kernel\components\drivers\serial\serial.o
 *fill*         0x080128b1        0x3 00000000
 .rodata.__FUNCTION__.12
                0x080128b4        0xf build\kernel\components\drivers\serial\serial.o
 *fill*         0x080128c3        0x1 00000000
 .rodata.__FUNCTION__.11
                0x080128c4        0xf build\kernel\components\drivers\serial\serial.o
 *fill*         0x080128d3        0x1 00000000
 .rodata.__FUNCTION__.10
                0x080128d4       0x10 build\kernel\components\drivers\serial\serial.o
 .rodata.__FUNCTION__.9
                0x080128e4        0xf build\kernel\components\drivers\serial\serial.o
 *fill*         0x080128f3        0x1 00000000
 .rodata.__FUNCTION__.8
                0x080128f4        0xf build\kernel\components\drivers\serial\serial.o
 *fill*         0x08012903        0x1 00000000
 .rodata.__FUNCTION__.7
                0x08012904        0xf build\kernel\components\drivers\serial\serial.o
 *fill*         0x08012913        0x1 00000000
 .rodata.__FUNCTION__.6
                0x08012914       0x10 build\kernel\components\drivers\serial\serial.o
 .rodata.__FUNCTION__.5
                0x08012924       0x10 build\kernel\components\drivers\serial\serial.o
 .rodata.__FUNCTION__.4
                0x08012934        0xf build\kernel\components\drivers\serial\serial.o
 *fill*         0x08012943        0x1 00000000
 .rodata.__FUNCTION__.3
                0x08012944       0x10 build\kernel\components\drivers\serial\serial.o
 .rodata.__FUNCTION__.2
                0x08012954       0x12 build\kernel\components\drivers\serial\serial.o
 *fill*         0x08012966        0x2 00000000
 .rodata.__FUNCTION__.1
                0x08012968       0x16 build\kernel\components\drivers\serial\serial.o
 *fill*         0x0801297e        0x2 00000000
 .rodata.__FUNCTION__.0
                0x08012980       0x11 build\kernel\components\drivers\serial\serial.o
 *fill*         0x08012991        0x3 00000000
 .rodata.name   0x08012994       0x65 build\kernel\components\finsh\cmd.o
                0x08012994                __fsym_clear_name
                0x0801299c                __fsym_clear_desc
                0x080129b8                __fsym_version_name
                0x080129c0                __fsym_version_desc
                0x080129e4                __fsym_list_name
                0x080129ec                __fsym_list_desc
 *fill*         0x080129f9        0x3 00000000
 .rodata.device_type_str
                0x080129fc       0x7c build\kernel\components\finsh\cmd.o
 .rodata.name   0x08012a78       0x6c build\kernel\components\finsh\msh.o
                0x08012a78                __fsym_help_name
                0x08012a80                __fsym_help_desc
                0x08012a98                __fsym_ps_name
                0x08012a9c                __fsym_ps_desc
                0x08012ab8                __fsym_free_name
                0x08012ac0                __fsym_free_desc
 .rodata.__FUNCTION__.0
                0x08012ae4        0xe build\kernel\components\finsh\msh.o
 *fill*         0x08012af2        0x2 00000000
 .rodata.__FUNCTION__.6
                0x08012af4       0x16 build\kernel\components\finsh\shell.o
 *fill*         0x08012b0a        0x2 00000000
 .rodata.__FUNCTION__.5
                0x08012b0c        0xe build\kernel\components\finsh\shell.o
 *fill*         0x08012b1a        0x2 00000000
 .rodata.__FUNCTION__.4
                0x08012b1c        0xd build\kernel\components\finsh\shell.o
 *fill*         0x08012b29        0x3 00000000
 .rodata.__FUNCTION__.3
                0x08012b2c       0x11 build\kernel\components\finsh\shell.o
 *fill*         0x08012b3d        0x3 00000000
 .rodata.__FUNCTION__.1
                0x08012b40       0x11 build\kernel\src\clock.o
 *fill*         0x08012b51        0x3 00000000
 .rodata.__FUNCTION__.0
                0x08012b54       0x14 build\kernel\src\components.o
 .rodata.__FUNCTION__.40
                0x08012b68       0x15 build\kernel\src\ipc.o
 *fill*         0x08012b7d        0x3 00000000
 .rodata.__FUNCTION__.39
                0x08012b80       0x15 build\kernel\src\ipc.o
 *fill*         0x08012b95        0x3 00000000
 .rodata.__FUNCTION__.38
                0x08012b98        0xc build\kernel\src\ipc.o
 .rodata.__FUNCTION__.34
                0x08012ba4        0xd build\kernel\src\ipc.o
 *fill*         0x08012bb1        0x3 00000000
 .rodata.__FUNCTION__.33
                0x08012bb4        0xf build\kernel\src\ipc.o
 *fill*         0x08012bc3        0x1 00000000
 .rodata.__FUNCTION__.31
                0x08012bc4        0xe build\kernel\src\ipc.o
 *fill*         0x08012bd2        0x2 00000000
 .rodata.__FUNCTION__.24
                0x08012bd4        0xf build\kernel\src\ipc.o
 *fill*         0x08012be3        0x1 00000000
 .rodata.__FUNCTION__.23
                0x08012be4       0x11 build\kernel\src\ipc.o
 *fill*         0x08012bf5        0x3 00000000
 .rodata.large_digits.1
                0x08012bf8       0x11 build\kernel\src\klibc\kstdio.o
 *fill*         0x08012c09        0x3 00000000
 .rodata.small_digits.0
                0x08012c0c       0x11 build\kernel\src\klibc\kstdio.o
 *fill*         0x08012c1d        0x3 00000000
 .rodata.name   0x08012c20       0x28 build\kernel\src\kservice.o
                0x08012c20                __fsym_backtrace_name
                0x08012c2c                __fsym_backtrace_desc
 .rodata.__func__.5
                0x08012c48       0x1a build\kernel\src\kservice.o
 *fill*         0x08012c62        0x2 00000000
 .rodata.__func__.4
                0x08012c64       0x1d build\kernel\src\kservice.o
 *fill*         0x08012c81        0x3 00000000
 .rodata.__FUNCTION__.1
                0x08012c84       0x1c build\kernel\src\kservice.o
 .rodata.__FUNCTION__.0
                0x08012ca0        0xd build\kernel\src\kservice.o
 *fill*         0x08012cad        0x3 00000000
 .rodata.__FUNCTION__.4
                0x08012cb0        0xb build\kernel\src\mem.o
 *fill*         0x08012cbb        0x1 00000000
 .rodata.__FUNCTION__.2
                0x08012cbc        0xe build\kernel\src\mem.o
 *fill*         0x08012cca        0x2 00000000
 .rodata.__FUNCTION__.0
                0x08012ccc        0xd build\kernel\src\mem.o
 *fill*         0x08012cd9        0x3 00000000
 .rodata.__FUNCTION__.7
                0x08012cdc        0xf build\kernel\src\object.o
 *fill*         0x08012ceb        0x1 00000000
 .rodata.__FUNCTION__.6
                0x08012cec       0x11 build\kernel\src\object.o
 *fill*         0x08012cfd        0x3 00000000
 .rodata.__FUNCTION__.5
                0x08012d00       0x13 build\kernel\src\object.o
 *fill*         0x08012d13        0x1 00000000
 .rodata.__FUNCTION__.4
                0x08012d14       0x11 build\kernel\src\object.o
 *fill*         0x08012d25        0x3 00000000
 .rodata.__FUNCTION__.3
                0x08012d28       0x1a build\kernel\src\object.o
 *fill*         0x08012d42        0x2 00000000
 .rodata.__FUNCTION__.2
                0x08012d44       0x13 build\kernel\src\object.o
 *fill*         0x08012d57        0x1 00000000
 .rodata.__FUNCTION__.1
                0x08012d58       0x13 build\kernel\src\object.o
 *fill*         0x08012d6b        0x1 00000000
 .rodata.__FUNCTION__.0
                0x08012d6c        0xf build\kernel\src\object.o
 *fill*         0x08012d7b        0x1 00000000
 .rodata.__FUNCTION__.1
                0x08012d7c       0x20 build\kernel\src\scheduler_comm.o
 .rodata.__FUNCTION__.0
                0x08012d9c       0x19 build\kernel\src\scheduler_comm.o
 *fill*         0x08012db5        0x3 00000000
 .rodata.__FUNCTION__.2
                0x08012db8       0x1a build\kernel\src\scheduler_up.o
 *fill*         0x08012dd2        0x2 00000000
 .rodata.__FUNCTION__.1
                0x08012dd4       0x17 build\kernel\src\scheduler_up.o
 *fill*         0x08012deb        0x1 00000000
 .rodata.__FUNCTION__.0
                0x08012dec       0x17 build\kernel\src\scheduler_up.o
 *fill*         0x08012e03        0x1 00000000
 .rodata.__FUNCTION__.12
                0x08012e04       0x10 build\kernel\src\thread.o
 .rodata.__FUNCTION__.11
                0x08012e14        0xf build\kernel\src\thread.o
 *fill*         0x08012e23        0x1 00000000
 .rodata.__FUNCTION__.10
                0x08012e24       0x12 build\kernel\src\thread.o
 *fill*         0x08012e36        0x2 00000000
 .rodata.__FUNCTION__.9
                0x08012e38       0x10 build\kernel\src\thread.o
 .rodata.__FUNCTION__.7
                0x08012e48       0x11 build\kernel\src\thread.o
 *fill*         0x08012e59        0x3 00000000
 .rodata.__FUNCTION__.5
                0x08012e5c        0xe build\kernel\src\thread.o
 *fill*         0x08012e6a        0x2 00000000
 .rodata.__FUNCTION__.2
                0x08012e6c       0x1a build\kernel\src\thread.o
 *fill*         0x08012e86        0x2 00000000
 .rodata.__FUNCTION__.1
                0x08012e88       0x1a build\kernel\src\thread.o
 *fill*         0x08012ea2        0x2 00000000
 .rodata.__FUNCTION__.0
                0x08012ea4       0x11 build\kernel\src\thread.o
 *fill*         0x08012eb5        0x3 00000000
 .rodata.__FUNCTION__.8
                0x08012eb8        0xe build\kernel\src\timer.o
 *fill*         0x08012ec6        0x2 00000000
 .rodata.__FUNCTION__.7
                0x08012ec8       0x10 build\kernel\src\timer.o
 .rodata.__FUNCTION__.3
                0x08012ed8        0xf build\kernel\src\timer.o
 *fill*         0x08012ee7        0x1 00000000
 .rodata.__FUNCTION__.2
                0x08012ee8        0xe build\kernel\src\timer.o
 *fill*         0x08012ef6        0x2 00000000
 .rodata.__FUNCTION__.1
                0x08012ef8       0x11 build\kernel\src\timer.o
 *fill*         0x08012f09        0x3 00000000
 .rodata.__FUNCTION__.0
                0x08012f0c        0xf build\kernel\src\timer.o
 *fill*         0x08012f1b        0x1 00000000
 .rodata._ctype_
                0x08012f1c      0x101 d:/app/env-windows/tools/gnu_gcc/arm_gcc/mingw/bin/../lib/gcc/arm-none-eabi/10.3.1/../../../../arm-none-eabi/lib/thumb/v7e-m+fp/hard\libc.a(lib_a-ctype_.o)
                0x08012f1c                _ctype_
 *fill*         0x0801301d        0x3 00000000
 .rodata._global_impure_ptr
                0x08013020        0x4 d:/app/env-windows/tools/gnu_gcc/arm_gcc/mingw/bin/../lib/gcc/arm-none-eabi/10.3.1/../../../../arm-none-eabi/lib/thumb/v7e-m+fp/hard\libc.a(lib_a-impure.o)
                0x08013020                _global_impure_ptr
 *(.glue_7)
 .glue_7        0x08013024        0x0 linker stubs
 *(.glue_7t)
 .glue_7t       0x08013024        0x0 linker stubs
 *(.gnu.linkonce.t*)
                0x08013024                . = ALIGN (0x4)
                0x08013024                __fsymtab_start = .
 *(FSymTab)
 FSymTab        0x08013024       0x10 build\libraries\HAL_Drivers\drv_common.o
                0x08013024                __fsym_reboot
 FSymTab        0x08013034       0x10 build\kernel\components\drivers\pin\dev_pin.o
                0x08013034                __fsym_pin
 FSymTab        0x08013044       0x30 build\kernel\components\finsh\cmd.o
                0x08013044                __fsym_clear